Archive member included to satisfy reference by file (symbol)

C:/devkitPro/libnds/lib\libnds9.a(touch.o)
                              main.o (touchRead)
C:/devkitPro/libnds/lib\libnds9.a(console.o)
                              main.o (consoleInit)
C:/devkitPro/libnds/lib\libnds9.a(keys.o)
                              main.o (scanKeys)
C:/devkitPro/libnds/lib\libnds9.a(initSystem.o)
                              c:/devkitpro/devkitarm/bin/../lib/gcc/arm-none-eabi/11.2.0/../../../../arm-none-eabi/lib/ds_arm9_crt0.o (initSystem)
C:/devkitPro/libnds/lib\libnds9.a(securearea.o)
                              c:/devkitpro/devkitarm/bin/../lib/gcc/arm-none-eabi/11.2.0/../../../../arm-none-eabi/lib/ds_arm9_crt0.o (__secure_area__)
C:/devkitPro/libnds/lib\libnds9.a(interrupts.o)
                              C:/devkitPro/libnds/lib\libnds9.a(initSystem.o) (irqInit)
C:/devkitPro/libnds/lib\libnds9.a(libnds_exit.arm.o)
                              c:/devkitpro/devkitarm/bin/../lib/gcc/arm-none-eabi/11.2.0/../../../../arm-none-eabi/lib/ds_arm9_crt0.o (__libnds_exit)
C:/devkitPro/libnds/lib\libnds9.a(fifosystem.o)
                              C:/devkitPro/libnds/lib\libnds9.a(initSystem.o) (fifoSetValue32Handler)
C:/devkitPro/libnds/lib\libnds9.a(mpu_setup.o)
                              c:/devkitpro/devkitarm/bin/../lib/gcc/arm-none-eabi/11.2.0/../../../../arm-none-eabi/lib/ds_arm9_crt0.o (__libnds_mpu_setup)
C:/devkitPro/libnds/lib\libnds9.a(IntrWait.o)
                              main.o (swiWaitForVBlank)
C:/devkitPro/libnds/lib\libnds9.a(cpu_clock.o)
                              C:/devkitPro/libnds/lib\libnds9.a(initSystem.o) (setCpuClock)
C:/devkitPro/libnds/lib\libnds9.a(interruptDispatcher.o)
                              C:/devkitPro/libnds/lib\libnds9.a(interrupts.o) (IntrMain)
C:/devkitPro/libnds/lib\libnds9.a(debugprint.o)
                              C:/devkitPro/libnds/lib\libnds9.a(console.o) (nocashWrite)
C:/devkitPro/libnds/lib\libnds9.a(swiSoftReset.o)
                              C:/devkitPro/libnds/lib\libnds9.a(fifosystem.o) (swiSoftReset)
C:/devkitPro/libnds/lib\libnds9.a(default_font.bin.o)
                              C:/devkitPro/libnds/lib\libnds9.a(console.o) (default_font_bin)
C:/devkitPro/libnds/lib\libnds9.a(background.o)
                              C:/devkitPro/libnds/lib\libnds9.a(console.o) (bgState)
C:/devkitPro/libnds/lib\libnds9.a(trig.o)
                              C:/devkitPro/libnds/lib\libnds9.a(background.o) (sinLerp)
C:/devkitPro/libnds/lib\libnds9.a(video.o)
                              C:/devkitPro/libnds/lib\libnds9.a(initSystem.o) (vramDefault)
C:/devkitPro/libnds/lib\libnds9.a(system.o)
                              C:/devkitPro/libnds/lib\libnds9.a(initSystem.o) (systemValueHandler)
C:/devkitPro/libnds/lib\libnds9.a(biosCalls.o)
                              C:/devkitPro/libnds/lib\libnds9.a(system.o) (swiDelay)
c:/devkitpro/devkitarm/bin/../lib/gcc/arm-none-eabi/11.2.0\libgcc.a(_divsi3.o)
                              C:/devkitPro/libnds/lib\libnds9.a(console.o) (__aeabi_idivmod)
c:/devkitpro/devkitarm/bin/../lib/gcc/arm-none-eabi/11.2.0\libgcc.a(_dvmd_tls.o)
                              c:/devkitpro/devkitarm/bin/../lib/gcc/arm-none-eabi/11.2.0\libgcc.a(_divsi3.o) (__aeabi_idiv0)
c:/devkitpro/devkitarm/bin/../lib/gcc/arm-none-eabi/11.2.0/../../../../arm-none-eabi/lib\libg.a(lib_a-bsearch.o)
                              C:/devkitPro/libnds/lib\libnds9.a(trig.o) (bsearch)
c:/devkitpro/devkitarm/bin/../lib/gcc/arm-none-eabi/11.2.0/../../../../arm-none-eabi/lib\libg.a(lib_a-init.o)
                              c:/devkitpro/devkitarm/bin/../lib/gcc/arm-none-eabi/11.2.0/../../../../arm-none-eabi/lib/ds_arm9_crt0.o (__libc_init_array)
c:/devkitpro/devkitarm/bin/../lib/gcc/arm-none-eabi/11.2.0/../../../../arm-none-eabi/lib\libg.a(lib_a-iprintf.o)
                              main.o (iprintf)
c:/devkitpro/devkitarm/bin/../lib/gcc/arm-none-eabi/11.2.0/../../../../arm-none-eabi/lib\libg.a(lib_a-memcpy-stub.o)
                              main.o (memcpy)
c:/devkitpro/devkitarm/bin/../lib/gcc/arm-none-eabi/11.2.0/../../../../arm-none-eabi/lib\libg.a(lib_a-memset.o)
                              C:/devkitPro/libnds/lib\libnds9.a(background.o) (memset)
c:/devkitpro/devkitarm/bin/../lib/gcc/arm-none-eabi/11.2.0/../../../../arm-none-eabi/lib\libg.a(lib_a-setvbuf.o)
                              C:/devkitPro/libnds/lib\libnds9.a(console.o) (setvbuf)
c:/devkitpro/devkitarm/bin/../lib/gcc/arm-none-eabi/11.2.0/../../../../arm-none-eabi/lib\libg.a(lib_a-siscanf.o)
                              C:/devkitPro/libnds/lib\libnds9.a(console.o) (siscanf)
c:/devkitpro/devkitarm/bin/../lib/gcc/arm-none-eabi/11.2.0/../../../../arm-none-eabi/lib\libg.a(lib_a-stdio.o)
                              c:/devkitpro/devkitarm/bin/../lib/gcc/arm-none-eabi/11.2.0/../../../../arm-none-eabi/lib\libg.a(lib_a-siscanf.o) (__seofread)
[...]
Memory Configuration

Name             Origin             Length             Attributes
ewram            0x0000000002000000 0x0000000000380000
dtcm             0x0000000002ff0000 0x0000000000004000
vectors          0x0000000001000000 0x0000000000000100
itcm             0x0000000001000100 0x0000000000007f00
*default*        0x0000000000000000 0xffffffffffffffff

Linker script and memory map

                0x0000000002380000                __ewram_end = (ORIGIN (ewram) + LENGTH (ewram))
                0x0000000002380000                __eheap_end = (ORIGIN (ewram) + LENGTH (ewram))
                0x0000000002ff4000                __dtcm_top = (ORIGIN (dtcm) + LENGTH (dtcm))
                0x0000000002ff3ff8                __irq_flags = (__dtcm_top - 0x8)
                0x0000000002ff3ffc                __irq_vector = (__dtcm_top - 0x4)
                0x0000000002ff3f00                __sp_svc = (__dtcm_top - 0x100)
                0x0000000002ff3e00                __sp_irq = (__sp_svc - 0x100)
                0x0000000002ff3d00                __sp_usr = (__sp_irq - 0x100)

.secure         0x0000000002000000      0x800
 *(.secure)
 .secure        0x0000000002000000      0x800 C:/devkitPro/libnds/lib\libnds9.a(securearea.o)
                0x0000000002000000                __secure_area__

.crt0           0x0000000002000800      0x300
                0x0000000002000800                __text_start = .
 *(.crt0)
 .crt0          0x0000000002000800      0x300 c:/devkitpro/devkitarm/bin/../lib/gcc/arm-none-eabi/11.2.0/../../../../arm-none-eabi/lib/ds_arm9_crt0.o
                0x0000000002000800                _start
                0x0000000002000b00                . = ALIGN (0x4)

.plt
 *(.plt)

.init           0x0000000002000b00       0x18
 *(SORT_NONE(.init))
 .init          0x0000000002000b00        0xc c:/devkitpro/devkitarm/bin/../lib/gcc/arm-none-eabi/11.2.0/crti.o
                0x0000000002000b00                _init
 .init          0x0000000002000b0c        0xc c:/devkitpro/devkitarm/bin/../lib/gcc/arm-none-eabi/11.2.0/crtn.o

.text           0x0000000002000b18     0xbc98
 *(EXCLUDE_FILE(*.twl* *.vectors* *.itcm*) .text)
 .text          0x0000000002000b18      0x148 c:/devkitpro/devkitarm/bin/../lib/gcc/arm-none-eabi/11.2.0\libgcc.a(_divsi3.o)
                0x0000000002000b18                __divsi3
                0x0000000002000b18                __aeabi_idiv
                0x0000000002000c40                __aeabi_idivmod
 .text          0x0000000002000c60        0x4 c:/devkitpro/devkitarm/bin/../lib/gcc/arm-none-eabi/11.2.0\libgcc.a(_dvmd_tls.o)
                0x0000000002000c60                __aeabi_idiv0
                0x0000000002000c60                __aeabi_ldiv0
 .text          0x0000000002000c64      0x224 c:/devkitpro/devkitarm/bin/../lib/gcc/arm-none-eabi/11.2.0/../../../../arm-none-eabi/lib\libg.a(lib_a-strcmp.o)
                0x0000000002000c64                strcmp
 .text          0x0000000002000e88      0x114 c:/devkitpro/devkitarm/bin/../lib/gcc/arm-none-eabi/11.2.0\libgcc.a(_udivsi3.o)
                0x0000000002000e88                __aeabi_uidiv
                0x0000000002000e88                __udivsi3
                0x0000000002000f7c                __aeabi_uidivmod
 .text          0x0000000002000f9c       0x3c c:/devkitpro/devkitarm/bin/../lib/gcc/arm-none-eabi/11.2.0\libgcc.a(_aeabi_uldivmod.o)
                0x0000000002000f9c                __aeabi_uldivmod
 .text          0x0000000002000fd8       0x28 c:/devkitpro/devkitarm/bin/../lib/gcc/arm-none-eabi/11.2.0\libgcc.a(_clzdi2.o)
                0x0000000002000fd8                __clzdi2
 .text          0x0000000002001000       0x48 c:/devkitpro/devkitarm/bin/../lib/gcc/arm-none-eabi/11.2.0\libgcc.a(_clzsi2.o)
                0x0000000002001000                __clzsi2
 *(EXCLUDE_FILE(*.twl* *.vectors* *.itcm*) .stub)
 *(EXCLUDE_FILE(*.twl* *.vectors* *.itcm*) .text.*)
 .text.__do_global_dtors_aux
                0x0000000002001048       0x40 c:/devkitpro/devkitarm/bin/../lib/gcc/arm-none-eabi/11.2.0/crtbegin.o
 .text.frame_dummy
                0x0000000002001088       0x30 c:/devkitpro/devkitarm/bin/../lib/gcc/arm-none-eabi/11.2.0/crtbegin.o
 .text.startup  0x00000000020010b8      0x214 main.o
                0x00000000020010b8                main
 .text.touchRead
                0x00000000020012cc       0x24 C:/devkitPro/libnds/lib\libnds9.a(touch.o)
                0x00000000020012cc                touchRead
 .text.newRow   0x00000000020012f0       0xa8 C:/devkitPro/libnds/lib\libnds9.a(console.o)
 .text.consolePrintChar
                0x0000000002001398       0xe0 C:/devkitPro/libnds/lib\libnds9.a(console.o)
                0x0000000002001398                consolePrintChar
 .text.con_write
                0x0000000002001478      0x36c C:/devkitPro/libnds/lib\libnds9.a(console.o)
                0x0000000002001478                con_write
 .text.consoleLoadFont
                0x00000000020017e4      0x2a0 C:/devkitPro/libnds/lib\libnds9.a(console.o)
                0x00000000020017e4                consoleLoadFont
 .text.consoleInit
                0x0000000002001a84      0x18c C:/devkitPro/libnds/lib\libnds9.a(console.o)
                0x0000000002001a84                consoleInit
 .text.scanKeys
                0x0000000002001c10       0x8c C:/devkitPro/libnds/lib\libnds9.a(keys.o)
                0x0000000002001c10                scanKeys
 .text.keysHeld
                0x0000000002001c9c        0xc C:/devkitPro/libnds/lib\libnds9.a(keys.o)
                0x0000000002001c9c                keysHeld
 .text.keysDown
                0x0000000002001ca8       0x14 C:/devkitPro/libnds/lib\libnds9.a(keys.o)
                0x0000000002001ca8                keysDown
 .text.initSystem
                0x0000000002001cbc      0x180 C:/devkitPro/libnds/lib\libnds9.a(initSystem.o)
                0x0000000002001cbc                initSystem
 .text.irqDummy
                0x0000000002001e3c        0x4 C:/devkitPro/libnds/lib\libnds9.a(interrupts.o)
                0x0000000002001e3c                irqDummy
 .text.irqSet   0x0000000002001e40       0x6c C:/devkitPro/libnds/lib\libnds9.a(interrupts.o)
                0x0000000002001e40                irqSet
 .text.irqInit  0x0000000002001eac       0x50 C:/devkitPro/libnds/lib\libnds9.a(interrupts.o)
                0x0000000002001eac                irqInit
 .text.irqEnable
                0x0000000002001efc       0x64 C:/devkitPro/libnds/lib\libnds9.a(interrupts.o)
                0x0000000002001efc                irqEnable
 .text.systemErrorExit
                0x0000000002001f60        0x4 C:/devkitPro/libnds/lib\libnds9.a(libnds_exit.arm.o)
                0x0000000002001f60                systemErrorExit
 .text.__libnds_exit
                0x0000000002001f64       0x5c C:/devkitPro/libnds/lib\libnds9.a(libnds_exit.arm.o)
                0x0000000002001f64                __libnds_exit
 .text.fifo_queueBlock
                0x0000000002001fc0       0x44 C:/devkitPro/libnds/lib\libnds9.a(fifosystem.o)
 .text.fifo_waitBlock
                0x0000000002002004       0x80 C:/devkitPro/libnds/lib\libnds9.a(fifosystem.o)
 .text.fifoInternalSend.part.0
                0x0000000002002084       0xd4 C:/devkitPro/libnds/lib\libnds9.a(fifosystem.o)
 .text.fifoInternalSendInterrupt
                0x0000000002002158       0xb0 C:/devkitPro/libnds/lib\libnds9.a(fifosystem.o)
 .text.fifoSetValue32Handler
                0x0000000002002208       0xd4 C:/devkitPro/libnds/lib\libnds9.a(fifosystem.o)
                0x0000000002002208                fifoSetValue32Handler
 .text.fifoSendValue32
                0x00000000020022dc       0x4c C:/devkitPro/libnds/lib\libnds9.a(fifosystem.o)
                0x00000000020022dc                fifoSendValue32
 .text.fifoGetDatamsg
                0x0000000002002328       0xf4 C:/devkitPro/libnds/lib\libnds9.a(fifosystem.o)
                0x0000000002002328                fifoGetDatamsg
 .text.fifoInternalRecvInterrupt
                0x000000000200241c      0x37c C:/devkitPro/libnds/lib\libnds9.a(fifosystem.o)
 .text.fifoSetDatamsgHandler
                0x0000000002002798       0x9c C:/devkitPro/libnds/lib\libnds9.a(fifosystem.o)
                0x0000000002002798                fifoSetDatamsgHandler
 .text.fifoInit
                0x0000000002002834      0x108 C:/devkitPro/libnds/lib\libnds9.a(fifosystem.o)
                0x0000000002002834                fifoInit
 .text.__libnds_mpu_setup
                0x000000000200293c      0x174 C:/devkitPro/libnds/lib\libnds9.a(mpu_setup.o)
                0x000000000200293c                __libnds_mpu_setup
 .text.memUncached
                0x0000000002002ab0       0x20 C:/devkitPro/libnds/lib\libnds9.a(mpu_setup.o)
                0x0000000002002ab0                memUncached
 .text.swiWaitForVBlank
                0x0000000002002ad0        0x8 C:/devkitPro/libnds/lib\libnds9.a(IntrWait.o)
                0x0000000002002ad0                swiWaitForVBlank
 .text.swiIntrWait
                0x0000000002002ad8       0x70 C:/devkitPro/libnds/lib\libnds9.a(IntrWait.o)
                0x0000000002002ad8                swiIntrWait
 .text.setCpuClock
                0x0000000002002b48       0x50 C:/devkitPro/libnds/lib\libnds9.a(cpu_clock.o)
                0x0000000002002b48                setCpuClock
 .text.swiSoftReset
                0x0000000002002b98       0x2c C:/devkitPro/libnds/lib\libnds9.a(swiSoftReset.o)
                0x0000000002002b98                swiSoftReset
 .text.checkIfText
                0x0000000002002bc4       0x5c C:/devkitPro/libnds/lib\libnds9.a(background.o)
                0x0000000002002bc4                checkIfText
 .text.bgUpdate
                0x0000000002002c20       0xf4 C:/devkitPro/libnds/lib\libnds9.a(background.o)
                0x0000000002002c20                bgUpdate
 .text.bgInit_call
                0x0000000002002d14       0xc4 C:/devkitPro/libnds/lib\libnds9.a(background.o)
                0x0000000002002d14                bgInit_call
 .text.bgInitSub_call
                0x0000000002002dd8       0xcc C:/devkitPro/libnds/lib\libnds9.a(background.o)
                0x0000000002002dd8                bgInitSub_call
 .text.sinLutLookup
                0x0000000002002ea4       0x4c C:/devkitPro/libnds/lib\libnds9.a(trig.o)
                0x0000000002002ea4                sinLutLookup
 .text.sinLerp  0x0000000002002ef0       0x40 C:/devkitPro/libnds/lib\libnds9.a(trig.o)
                0x0000000002002ef0                sinLerp
 .text.cosLerp  0x0000000002002f30       0x4c C:/devkitPro/libnds/lib\libnds9.a(trig.o)
                0x0000000002002f30                cosLerp
 .text.vramDefault
                0x0000000002002f7c       0xd0 C:/devkitPro/libnds/lib\libnds9.a(video.o)
                0x0000000002002f7c                vramDefault
 .text.systemValueHandler
                0x000000000200304c       0x48 C:/devkitPro/libnds/lib\libnds9.a(system.o)
                0x000000000200304c                systemValueHandler
 .text.systemMsgHandler
                0x0000000002003094       0x60 C:/devkitPro/libnds/lib\libnds9.a(system.o)
                0x0000000002003094                systemMsgHandler
 .text.powerOn  0x00000000020030f4       0x2c C:/devkitPro/libnds/lib\libnds9.a(system.o)
                0x00000000020030f4                powerOn
 .text.swiDelay
                0x0000000002003120        0x4 C:/devkitPro/libnds/lib\libnds9.a(biosCalls.o)
                0x0000000002003120                swiDelay
 .text.__libc_init_array
                0x0000000002003124       0x88 c:/devkitpro/devkitarm/bin/../lib/gcc/arm-none-eabi/11.2.0/../../../../arm-none-eabi/lib\libg.a(lib_a-init.o)
                0x0000000002003124                __libc_init_array
 .text.iprintf  0x00000000020031ac       0x34 c:/devkitpro/devkitarm/bin/../lib/gcc/arm-none-eabi/11.2.0/../../../../arm-none-eabi/lib\libg.a(lib_a-iprintf.o)
                0x00000000020031ac                iprintf
 .text.memcpy   0x00000000020031e0      0x120 c:/devkitpro/devkitarm/bin/../lib/gcc/arm-none-eabi/11.2.0/../../../../arm-none-eabi/lib\libg.a(lib_a-memcpy-stub.o)
                0x00000000020031e0                memcpy
 .text.memset   0x0000000002003300      0x11c c:/devkitpro/devkitarm/bin/../lib/gcc/arm-none-eabi/11.2.0/../../../../arm-none-eabi/lib\libg.a(lib_a-memset.o)
                0x0000000002003300                memset
 .text.setvbuf  0x000000000200341c      0x268 c:/devkitpro/devkitarm/bin/../lib/gcc/arm-none-eabi/11.2.0/../../../../arm-none-eabi/lib\libg.a(lib_a-setvbuf.o)
                0x000000000200341c                setvbuf
 .text.siscanf  0x0000000002003684       0x74 c:/devkitpro/devkitarm/bin/../lib/gcc/arm-none-eabi/11.2.0/../../../../arm-none-eabi/lib\libg.a(lib_a-siscanf.o)
                0x0000000002003684                siscanf
 .text.__sread  0x00000000020036f8       0x4c c:/devkitpro/devkitarm/bin/../lib/gcc/arm-none-eabi/11.2.0/../../../../arm-none-eabi/lib\libg.a(lib_a-stdio.o)
                0x00000000020036f8                __sread
 .text.__seofread
                0x0000000002003744        0x8 c:/devkitpro/devkitarm/bin/../lib/gcc/arm-none-eabi/11.2.0/../../../../arm-none-eabi/lib\libg.a(lib_a-stdio.o)
                0x0000000002003744                __seofread
 .text.__swrite
                0x000000000200374c       0x6c c:/devkitpro/devkitarm/bin/../lib/gcc/arm-none-eabi/11.2.0/../../../../arm-none-eabi/lib\libg.a(lib_a-stdio.o)
                0x000000000200374c                __swrite
 .text.__sseek  0x00000000020037b8       0x4c c:/devkitpro/devkitarm/bin/../lib/gcc/arm-none-eabi/11.2.0/../../../../arm-none-eabi/lib\libg.a(lib_a-stdio.o)
                0x00000000020037b8                __sseek
 .text.__sclose
                0x0000000002003804       0x14 c:/devkitpro/devkitarm/bin/../lib/gcc/arm-none-eabi/11.2.0/../../../../arm-none-eabi/lib\libg.a(lib_a-stdio.o)
                0x0000000002003804                __sclose
 .text.strlen   0x0000000002003818       0x60 c:/devkitpro/devkitarm/bin/../lib/gcc/arm-none-eabi/11.2.0/../../../../arm-none-eabi/lib\libg.a(lib_a-strlen-stub.o)
                0x0000000002003818                strlen
 .text.get_arg  0x0000000002003878       0x54 c:/devkitpro/devkitarm/bin/../lib/gcc/arm-none-eabi/11.2.0/../../../../arm-none-eabi/lib\libg.a(lib_a-svfiscanf.o)
 .text._sungetc_r
                0x00000000020038cc       0xe4 c:/devkitpro/devkitarm/bin/../lib/gcc/arm-none-eabi/11.2.0/../../../../arm-none-eabi/lib\libg.a(lib_a-svfiscanf.o)
                0x00000000020038cc                _sungetc_r
 .text.__ssrefill_r
                0x00000000020039b0       0x68 c:/devkitpro/devkitarm/bin/../lib/gcc/arm-none-eabi/11.2.0/../../../../arm-none-eabi/lib\libg.a(lib_a-svfiscanf.o)
                0x00000000020039b0                __ssrefill_r
 .text._sfread_r
                0x0000000002003a18       0xcc c:/devkitpro/devkitarm/bin/../lib/gcc/arm-none-eabi/11.2.0/../../../../arm-none-eabi/lib\libg.a(lib_a-svfiscanf.o)
                0x0000000002003a18                _sfread_r
 .text.__ssvfiscanf_r
                0x0000000002003ae4     0x2300 c:/devkitpro/devkitarm/bin/../lib/gcc/arm-none-eabi/11.2.0/../../../../arm-none-eabi/lib\libg.a(lib_a-svfiscanf.o)
                0x0000000002003ae4                __ssvfiscanf_r
 .text.__submore
                0x0000000002005de4       0xb0 c:/devkitpro/devkitarm/bin/../lib/gcc/arm-none-eabi/11.2.0/../../../../arm-none-eabi/lib\libg.a(lib_a-ungetc.o)
                0x0000000002005de4                __submore
 .text.get_arg  0x0000000002005e94      0x628 c:/devkitpro/devkitarm/bin/../lib/gcc/arm-none-eabi/11.2.0/../../../../arm-none-eabi/lib\libg.a(lib_a-vfiprintf.o)
 .text.__sprint_r
                0x00000000020064bc       0x34 c:/devkitpro/devkitarm/bin/../lib/gcc/arm-none-eabi/11.2.0/../../../../arm-none-eabi/lib\libg.a(lib_a-vfiprintf.o)
                0x00000000020064bc                __sprint_r
 .text._vfiprintf_r
                0x00000000020064f0     0x2360 c:/devkitpro/devkitarm/bin/../lib/gcc/arm-none-eabi/11.2.0/../../../../arm-none-eabi/lib\libg.a(lib_a-vfiprintf.o)
                0x00000000020064f0                _vfiprintf_r
 .text.__sbprintf
                0x0000000002008850       0xd4 c:/devkitpro/devkitarm/bin/../lib/gcc/arm-none-eabi/11.2.0/../../../../arm-none-eabi/lib\libg.a(lib_a-vfiprintf.o)
 .text._wcrtomb_r
                0x0000000002008924       0x5c c:/devkitpro/devkitarm/bin/../lib/gcc/arm-none-eabi/11.2.0/../../../../arm-none-eabi/lib\libg.a(lib_a-wcrtomb.o)
                0x0000000002008924                _wcrtomb_r
 .text._wcsrtombs_r
                0x0000000002008980       0x2c c:/devkitpro/devkitarm/bin/../lib/gcc/arm-none-eabi/11.2.0/../../../../arm-none-eabi/lib\libg.a(lib_a-wcsrtombs.o)
                0x0000000002008980                _wcsrtombs_r
 .text.__swsetup_r
                0x00000000020089ac      0x160 c:/devkitpro/devkitarm/bin/../lib/gcc/arm-none-eabi/11.2.0/../../../../arm-none-eabi/lib\libg.a(lib_a-wsetup.o)
                0x00000000020089ac                __swsetup_r
 .text.__sflush_r
                0x0000000002008b0c      0x280 c:/devkitpro/devkitarm/bin/../lib/gcc/arm-none-eabi/11.2.0/../../../../arm-none-eabi/lib\libg.a(lib_a-fflush.o)
                0x0000000002008b0c                __sflush_r
 .text._fflush_r
                0x0000000002008d8c       0x9c c:/devkitpro/devkitarm/bin/../lib/gcc/arm-none-eabi/11.2.0/../../../../arm-none-eabi/lib\libg.a(lib_a-fflush.o)
                0x0000000002008d8c                _fflush_r
 .text._cleanup_r
                0x0000000002008e28       0x18 c:/devkitpro/devkitarm/bin/../lib/gcc/arm-none-eabi/11.2.0/../../../../arm-none-eabi/lib\libg.a(lib_a-findfp.o)
                0x0000000002008e28                _cleanup_r
 .text.__sinit  0x0000000002008e40      0x18c c:/devkitpro/devkitarm/bin/../lib/gcc/arm-none-eabi/11.2.0/../../../../arm-none-eabi/lib\libg.a(lib_a-findfp.o)
                0x0000000002008e40                __sinit
 .text.__sfp_lock_acquire
                0x0000000002008fcc       0x18 c:/devkitpro/devkitarm/bin/../lib/gcc/arm-none-eabi/11.2.0/../../../../arm-none-eabi/lib\libg.a(lib_a-findfp.o)
                0x0000000002008fcc                __sfp_lock_acquire
 .text.__sfp_lock_release
                0x0000000002008fe4       0x18 c:/devkitpro/devkitarm/bin/../lib/gcc/arm-none-eabi/11.2.0/../../../../arm-none-eabi/lib\libg.a(lib_a-findfp.o)
                0x0000000002008fe4                __sfp_lock_release
 .text._malloc_trim_r
                0x0000000002008ffc      0x100 c:/devkitpro/devkitarm/bin/../lib/gcc/arm-none-eabi/11.2.0/../../../../arm-none-eabi/lib\libg.a(lib_a-freer.o)
                0x0000000002008ffc                _malloc_trim_r
 .text._free_r  0x00000000020090fc      0x2e0 c:/devkitpro/devkitarm/bin/../lib/gcc/arm-none-eabi/11.2.0/../../../../arm-none-eabi/lib\libg.a(lib_a-freer.o)
                0x00000000020090fc                _free_r
 .text.__sfvwrite_r
                0x00000000020093dc      0x4e8 c:/devkitpro/devkitarm/bin/../lib/gcc/arm-none-eabi/11.2.0/../../../../arm-none-eabi/lib\libg.a(lib_a-fvwrite.o)
                0x00000000020093dc                __sfvwrite_r
 .text._fwalk_reent
                0x00000000020098c4       0x78 c:/devkitpro/devkitarm/bin/../lib/gcc/arm-none-eabi/11.2.0/../../../../arm-none-eabi/lib\libg.a(lib_a-fwalk.o)
                0x00000000020098c4                _fwalk_reent
 .text.iswspace
                0x000000000200993c       0x14 c:/devkitpro/devkitarm/bin/../lib/gcc/arm-none-eabi/11.2.0/../../../../arm-none-eabi/lib\libg.a(lib_a-iswspace.o)
                0x000000000200993c                iswspace
 .text._localeconv_r
                0x0000000002009950        0xc c:/devkitpro/devkitarm/bin/../lib/gcc/arm-none-eabi/11.2.0/../../../../arm-none-eabi/lib\libg.a(lib_a-localeconv.o)
                0x0000000002009950                _localeconv_r
 .text.__locale_mb_cur_max
                0x000000000200995c       0x10 c:/devkitpro/devkitarm/bin/../lib/gcc/arm-none-eabi/11.2.0/../../../../arm-none-eabi/lib\libg.a(lib_a-locale.o)
                0x000000000200995c                __locale_mb_cur_max
 .text.__smakebuf_r
                0x000000000200996c      0x144 c:/devkitpro/devkitarm/bin/../lib/gcc/arm-none-eabi/11.2.0/../../../../arm-none-eabi/lib\libg.a(lib_a-makebuf.o)
                0x000000000200996c                __smakebuf_r
 .text.__swhatbuf_r
                0x0000000002009ab0       0x80 c:/devkitpro/devkitarm/bin/../lib/gcc/arm-none-eabi/11.2.0/../../../../arm-none-eabi/lib\libg.a(lib_a-makebuf.o)
                0x0000000002009ab0                __swhatbuf_r
 .text.malloc   0x0000000002009b30       0x1c c:/devkitpro/devkitarm/bin/../lib/gcc/arm-none-eabi/11.2.0/../../../../arm-none-eabi/lib\libg.a(lib_a-malloc.o)
                0x0000000002009b30                malloc
 .text.free     0x0000000002009b4c       0x1c c:/devkitpro/devkitarm/bin/../lib/gcc/arm-none-eabi/11.2.0/../../../../arm-none-eabi/lib\libg.a(lib_a-malloc.o)
                0x0000000002009b4c                free
 .text._malloc_r
                0x0000000002009b68      0x7f0 c:/devkitpro/devkitarm/bin/../lib/gcc/arm-none-eabi/11.2.0/../../../../arm-none-eabi/lib\libg.a(lib_a-mallocr.o)
                0x0000000002009b68                _malloc_r
 .text._mbrtowc_r
                0x000000000200a358       0x70 c:/devkitpro/devkitarm/bin/../lib/gcc/arm-none-eabi/11.2.0/../../../../arm-none-eabi/lib\libg.a(lib_a-mbrtowc.o)
                0x000000000200a358                _mbrtowc_r
 .text.__utf8_mbtowc
                0x000000000200a3c8      0x308 c:/devkitpro/devkitarm/bin/../lib/gcc/arm-none-eabi/11.2.0/../../../../arm-none-eabi/lib\libg.a(lib_a-mbtowc_r.o)
                0x000000000200a3c8                __utf8_mbtowc
 .text.memchr   0x000000000200a6d0       0xf8 c:/devkitpro/devkitarm/bin/../lib/gcc/arm-none-eabi/11.2.0/../../../../arm-none-eabi/lib\libg.a(lib_a-memchr-stub.o)
                0x000000000200a6d0                memchr
 .text.memmove  0x000000000200a7c8      0x158 c:/devkitpro/devkitarm/bin/../lib/gcc/arm-none-eabi/11.2.0/../../../../arm-none-eabi/lib\libg.a(lib_a-memmove.o)
                0x000000000200a7c8                memmove
 .text.__malloc_lock
                0x000000000200a920       0x18 c:/devkitpro/devkitarm/bin/../lib/gcc/arm-none-eabi/11.2.0/../../../../arm-none-eabi/lib\libg.a(lib_a-mlock.o)
                0x000000000200a920                __malloc_lock
 .text.__malloc_unlock
                0x000000000200a938       0x18 c:/devkitpro/devkitarm/bin/../lib/gcc/arm-none-eabi/11.2.0/../../../../arm-none-eabi/lib\libg.a(lib_a-mlock.o)
                0x000000000200a938                __malloc_unlock
 .text.realloc  0x000000000200a950       0x24 c:/devkitpro/devkitarm/bin/../lib/gcc/arm-none-eabi/11.2.0/../../../../arm-none-eabi/lib\libg.a(lib_a-realloc.o)
                0x000000000200a950                realloc
 .text._realloc_r
                0x000000000200a974      0x570 c:/devkitpro/devkitarm/bin/../lib/gcc/arm-none-eabi/11.2.0/../../../../arm-none-eabi/lib\libg.a(lib_a-reallocr.o)
                0x000000000200a974                _realloc_r
 .text.__sccl   0x000000000200aee4       0xe4 c:/devkitpro/devkitarm/bin/../lib/gcc/arm-none-eabi/11.2.0/../../../../arm-none-eabi/lib\libg.a(lib_a-sccl.o)
                0x000000000200aee4                __sccl
 .text.strncpy  0x000000000200afc8       0xcc c:/devkitpro/devkitarm/bin/../lib/gcc/arm-none-eabi/11.2.0/../../../../arm-none-eabi/lib\libg.a(lib_a-strncpy.o)
                0x000000000200afc8                strncpy
 .text._strtoll_l.constprop.0
                0x000000000200b094      0x230 c:/devkitpro/devkitarm/bin/../lib/gcc/arm-none-eabi/11.2.0/../../../../arm-none-eabi/lib\libg.a(lib_a-strtoll.o)
 .text._strtoll_r
                0x000000000200b2c4        0x4 c:/devkitpro/devkitarm/bin/../lib/gcc/arm-none-eabi/11.2.0/../../../../arm-none-eabi/lib\libg.a(lib_a-strtoll.o)
                0x000000000200b2c4                _strtoll_r
 .text._strtol_l.part.0
                0x000000000200b2c8      0x1a8 c:/devkitpro/devkitarm/bin/../lib/gcc/arm-none-eabi/11.2.0/../../../../arm-none-eabi/lib\libg.a(lib_a-strtol.o)
 .text._strtol_r
                0x000000000200b470       0x3c c:/devkitpro/devkitarm/bin/../lib/gcc/arm-none-eabi/11.2.0/../../../../arm-none-eabi/lib\libg.a(lib_a-strtol.o)
                0x000000000200b470                _strtol_r
 .text._strtoull_l.constprop.0
                0x000000000200b4ac      0x248 c:/devkitpro/devkitarm/bin/../lib/gcc/arm-none-eabi/11.2.0/../../../../arm-none-eabi/lib\libg.a(lib_a-strtoull.o)
 .text._strtoull_r
                0x000000000200b6f4        0x4 c:/devkitpro/devkitarm/bin/../lib/gcc/arm-none-eabi/11.2.0/../../../../arm-none-eabi/lib\libg.a(lib_a-strtoull.o)
                0x000000000200b6f4                _strtoull_r
 .text._strtoul_l.constprop.0
                0x000000000200b6f8      0x1c8 c:/devkitpro/devkitarm/bin/../lib/gcc/arm-none-eabi/11.2.0/../../../../arm-none-eabi/lib\libg.a(lib_a-strtoul.o)
 .text._strtoul_r
                0x000000000200b8c0        0x4 c:/devkitpro/devkitarm/bin/../lib/gcc/arm-none-eabi/11.2.0/../../../../arm-none-eabi/lib\libg.a(lib_a-strtoul.o)
                0x000000000200b8c0                _strtoul_r
 .text._wcsnrtombs_l
                0x000000000200b8c4      0x1a0 c:/devkitpro/devkitarm/bin/../lib/gcc/arm-none-eabi/11.2.0/../../../../arm-none-eabi/lib\libg.a(lib_a-wcsnrtombs.o)
                0x000000000200b8c4                _wcsnrtombs_l
 .text._wcsnrtombs_r
                0x000000000200ba64       0x50 c:/devkitpro/devkitarm/bin/../lib/gcc/arm-none-eabi/11.2.0/../../../../arm-none-eabi/lib\libg.a(lib_a-wcsnrtombs.o)
                0x000000000200ba64                _wcsnrtombs_r
 .text.__utf8_wctomb
                0x000000000200bab4       0xf4 c:/devkitpro/devkitarm/bin/../lib/gcc/arm-none-eabi/11.2.0/../../../../arm-none-eabi/lib\libg.a(lib_a-wctomb_r.o)
                0x000000000200bab4                __utf8_wctomb
 .text.__errno  0x000000000200bba8       0x10 c:/devkitpro/devkitarm/bin/../lib/gcc/arm-none-eabi/11.2.0/../../../../arm-none-eabi/lib\libg.a(lib_a-errno.o)
                0x000000000200bba8                __errno
 .text._fclose_r
                0x000000000200bbb8      0x16c c:/devkitpro/devkitarm/bin/../lib/gcc/arm-none-eabi/11.2.0/../../../../arm-none-eabi/lib\libg.a(lib_a-fclose.o)
                0x000000000200bbb8                _fclose_r
 .text.iswspace_l
                0x000000000200bd24       0x44 c:/devkitpro/devkitarm/bin/../lib/gcc/arm-none-eabi/11.2.0/../../../../arm-none-eabi/lib\libg.a(lib_a-iswspace_l.o)
                0x000000000200bd24                iswspace_l
 .text.__jp2uc  0x000000000200bd68      0x1e4 c:/devkitpro/devkitarm/bin/../lib/gcc/arm-none-eabi/11.2.0/../../../../arm-none-eabi/lib\libg.a(lib_a-jp2uc.o)
 .text._jp2uc_l
                0x000000000200bf4c       0x94 c:/devkitpro/devkitarm/bin/../lib/gcc/arm-none-eabi/11.2.0/../../../../arm-none-eabi/lib\libg.a(lib_a-jp2uc.o)
                0x000000000200bf4c                _jp2uc_l
 .text.category
                0x000000000200bfe0       0x8c c:/devkitpro/devkitarm/bin/../lib/gcc/arm-none-eabi/11.2.0/../../../../arm-none-eabi/lib\libg.a(lib_a-categories.o)
                0x000000000200bfe0                category
 .text.null_write
                0x000000000200c06c        0x8 c:/devkitpro/devkitarm/bin/../lib/gcc/arm-none-eabi/11.2.0/../../../../arm-none-eabi/lib\libsysbase.a(iosupport.o)
 .text._fstat_r
                0x000000000200c074       0x7c c:/devkitpro/devkitarm/bin/../lib/gcc/arm-none-eabi/11.2.0/../../../../arm-none-eabi/lib\libsysbase.a(fstat.o)
                0x000000000200c074                _fstat_r
 .text._isatty_r
                0x000000000200c0f0        0x8 c:/devkitpro/devkitarm/bin/../lib/gcc/arm-none-eabi/11.2.0/../../../../arm-none-eabi/lib\libsysbase.a(isatty.o)
                0x000000000200c0f0                _isatty_r
 .text._lseek_r
                0x000000000200c0f8       0x88 c:/devkitpro/devkitarm/bin/../lib/gcc/arm-none-eabi/11.2.0/../../../../arm-none-eabi/lib\libsysbase.a(lseek.o)
                0x000000000200c0f8                _lseek_r
 .text._read_r  0x000000000200c180       0x84 c:/devkitpro/devkitarm/bin/../lib/gcc/arm-none-eabi/11.2.0/../../../../arm-none-eabi/lib\libsysbase.a(read.o)
                0x000000000200c180                _read_r
 .text._sbrk_r  0x000000000200c204       0x7c c:/devkitpro/devkitarm/bin/../lib/gcc/arm-none-eabi/11.2.0/../../../../arm-none-eabi/lib\libsysbase.a(sbrk.o)
                0x000000000200c204                _sbrk_r
 .text._write_r
                0x000000000200c280       0x84 c:/devkitpro/devkitarm/bin/../lib/gcc/arm-none-eabi/11.2.0/../../../../arm-none-eabi/lib\libsysbase.a(write.o)
                0x000000000200c280                _write_r
 .text.build_argv
                0x000000000200c304       0x80 c:/devkitpro/devkitarm/bin/../lib/gcc/arm-none-eabi/11.2.0/../../../../arm-none-eabi/lib\libsysbase.a(build_argv.o)
                0x000000000200c304                build_argv
 .text.__flockfile
                0x000000000200c384       0x14 c:/devkitpro/devkitarm/bin/../lib/gcc/arm-none-eabi/11.2.0/../../../../arm-none-eabi/lib\libsysbase.a(flock.o)
                0x000000000200c384                __flockfile
 .text.__funlockfile
                0x000000000200c398       0x14 c:/devkitpro/devkitarm/bin/../lib/gcc/arm-none-eabi/11.2.0/../../../../arm-none-eabi/lib\libsysbase.a(flock.o)
                0x000000000200c398                __funlockfile
 .text.__get_handle
                0x000000000200c3ac       0x40 c:/devkitpro/devkitarm/bin/../lib/gcc/arm-none-eabi/11.2.0/../../../../arm-none-eabi/lib\libsysbase.a(handle_manager.o)
                0x000000000200c3ac                __get_handle
 .text._close_r
                0x000000000200c3ec       0xfc c:/devkitpro/devkitarm/bin/../lib/gcc/arm-none-eabi/11.2.0/../../../../arm-none-eabi/lib\libsysbase.a(handle_manager.o)
                0x000000000200c3ec                _close_r
 .text.__getreent
                0x000000000200c4e8       0x30 c:/devkitpro/devkitarm/bin/../lib/gcc/arm-none-eabi/11.2.0/../../../../arm-none-eabi/lib\libsysbase.a(getreent.o)
                0x000000000200c4e8                __getreent
 .text.__libc_lock_acquire
                0x000000000200c518       0x20 c:/devkitpro/devkitarm/bin/../lib/gcc/arm-none-eabi/11.2.0/../../../../arm-none-eabi/lib\libsysbase.a(syscall_support.o)
                0x000000000200c518                __libc_lock_acquire
 .text.__libc_lock_release
                0x000000000200c538       0x20 c:/devkitpro/devkitarm/bin/../lib/gcc/arm-none-eabi/11.2.0/../../../../arm-none-eabi/lib\libsysbase.a(syscall_support.o)
                0x000000000200c538                __libc_lock_release
 .text.__libc_lock_init_recursive
                0x000000000200c558       0x20 c:/devkitpro/devkitarm/bin/../lib/gcc/arm-none-eabi/11.2.0/../../../../arm-none-eabi/lib\libsysbase.a(syscall_support.o)
                0x000000000200c558                __libc_lock_init_recursive
 .text.__libc_lock_acquire_recursive
                0x000000000200c578       0x20 c:/devkitpro/devkitarm/bin/../lib/gcc/arm-none-eabi/11.2.0/../../../../arm-none-eabi/lib\libsysbase.a(syscall_support.o)
                0x000000000200c578                __libc_lock_acquire_recursive
 .text.__libc_lock_release_recursive
                0x000000000200c598       0x20 c:/devkitpro/devkitarm/bin/../lib/gcc/arm-none-eabi/11.2.0/../../../../arm-none-eabi/lib\libsysbase.a(syscall_support.o)
                0x000000000200c598                __libc_lock_release_recursive
 .text.__libc_lock_close_recursive
                0x000000000200c5b8       0x20 c:/devkitpro/devkitarm/bin/../lib/gcc/arm-none-eabi/11.2.0/../../../../arm-none-eabi/lib\libsysbase.a(syscall_support.o)
                0x000000000200c5b8                __libc_lock_close_recursive
 .text.__udivmoddi4
                0x000000000200c5d8      0x128 c:/devkitpro/devkitarm/bin/../lib/gcc/arm-none-eabi/11.2.0\libgcc.a(_udivmoddi4.o)
                0x000000000200c5d8                __udivmoddi4
 .text.__udivmoddi4.__stub
                0x000000000200c700       0x98 linker stubs
 *(EXCLUDE_FILE(*.twl*) .gnu.warning)
 *(EXCLUDE_FILE(*.twl*) .gnu.linkonce.t*)
 *(.glue_7)
 .glue_7        0x000000000200c7b0        0x0 linker stubs
 *(.glue_7t)
 .glue_7t       0x000000000200c7b0        0x0 linker stubs
                0x000000000200c7b0                . = ALIGN (0x4)

.vfp11_veneer   0x000000000200c7b0        0x0
 .vfp11_veneer  0x000000000200c7b0        0x0 linker stubs

.v4_bx          0x000000000200c7b0        0x0
 .v4_bx         0x000000000200c7b0        0x0 linker stubs

.iplt           0x000000000200c7b0        0x0
 .iplt          0x000000000200c7b0        0x0 c:/devkitpro/devkitarm/bin/../lib/gcc/arm-none-eabi/11.2.0/../../../../arm-none-eabi/lib/ds_arm9_crt0.o

.fini           0x000000000200c7b0       0x18
 *(.fini)
 .fini          0x000000000200c7b0        0xc c:/devkitpro/devkitarm/bin/../lib/gcc/arm-none-eabi/11.2.0/crti.o
                0x000000000200c7b0                _fini
 .fini          0x000000000200c7bc        0xc c:/devkitpro/devkitarm/bin/../lib/gcc/arm-none-eabi/11.2.0/crtn.o
                0x000000000200c7c8                __text_end = .

.rodata         0x000000000200c7c8     0x9424
 *(EXCLUDE_FILE(*.twl*) .rodata)
 .rodata        0x000000000200c7c8      0x600 ball.o
                0x000000000200c7c8                ballTiles
                0x000000000200cbc8                ballPal
 *all.rodata*(*)
 *(EXCLUDE_FILE(*.twl*) .roda)
 *(EXCLUDE_FILE(*.twl*) .rodata.*)
 .rodata.str1.4
                0x000000000200cdc8       0xc4 main.o
 .rodata.con_write.str1.4
                0x000000000200ce8c       0x30 C:/devkitPro/libnds/lib\libnds9.a(console.o)
 .rodata.con_write
                0x000000000200cebc       0xd4 C:/devkitPro/libnds/lib\libnds9.a(console.o)
 .rodata.str1.4
                0x000000000200cf90       0x14 C:/devkitPro/libnds/lib\libnds9.a(console.o)
 .rodata.dotab_stdout
                0x000000000200cfa4       0x70 C:/devkitPro/libnds/lib\libnds9.a(console.o)
 .rodata.default_font_bin
                0x000000000200d014     0x2000 C:/devkitPro/libnds/lib\libnds9.a(default_font.bin.o)
                0x000000000200d014                default_font_bin
                0x000000000200f014                default_font_bin_end
 .rodata.SIN_LUT
                0x000000000200f014      0x102 C:/devkitPro/libnds/lib\libnds9.a(trig.o)
                0x000000000200f014                SIN_LUT
 *fill*         0x000000000200f116        0x2 ff
 .rodata.basefix.0
                0x000000000200f118       0x22 c:/devkitpro/devkitarm/bin/../lib/gcc/arm-none-eabi/11.2.0/../../../../arm-none-eabi/lib\libg.a(lib_a-svfiscanf.o)
 .rodata._vfiprintf_r.str1.1
                0x000000000200f13a       0x29 c:/devkitpro/devkitarm/bin/../lib/gcc/arm-none-eabi/11.2.0/../../../../arm-none-eabi/lib\libg.a(lib_a-vfiprintf.o)
 *fill*         0x000000000200f163        0x1 ff
 .rodata.blanks.1
                0x000000000200f164       0x10 c:/devkitpro/devkitarm/bin/../lib/gcc/arm-none-eabi/11.2.0/../../../../arm-none-eabi/lib\libg.a(lib_a-vfiprintf.o)
 .rodata.zeroes.0
                0x000000000200f174       0x10 c:/devkitpro/devkitarm/bin/../lib/gcc/arm-none-eabi/11.2.0/../../../../arm-none-eabi/lib\libg.a(lib_a-vfiprintf.o)
 .rodata._ctype_
                0x000000000200f184      0x101 c:/devkitpro/devkitarm/bin/../lib/gcc/arm-none-eabi/11.2.0/../../../../arm-none-eabi/lib\libg.a(lib_a-ctype_.o)
                0x000000000200f184                _ctype_
 *fill*         0x000000000200f285        0x3 ff
 .rodata.str1.4
                0x000000000200f288       0x48 c:/devkitpro/devkitarm/bin/../lib/gcc/arm-none-eabi/11.2.0/../../../../arm-none-eabi/lib\libg.a(lib_a-locale.o)
                                         0x4c (size before relaxing)
 .rodata._mbrtowc_r.str1.4
                0x000000000200f2d0        0x1 c:/devkitpro/devkitarm/bin/../lib/gcc/arm-none-eabi/11.2.0/../../../../arm-none-eabi/lib\libg.a(lib_a-mbrtowc.o)
 .rodata.__action_table
                0x000000000200f2d0       0x6c c:/devkitpro/devkitarm/bin/../lib/gcc/arm-none-eabi/11.2.0/../../../../arm-none-eabi/lib\libg.a(lib_a-svfiprintf.o)
                0x000000000200f2d0                __action_table
 .rodata.__chclass
                0x000000000200f33c      0x100 c:/devkitpro/devkitarm/bin/../lib/gcc/arm-none-eabi/11.2.0/../../../../arm-none-eabi/lib\libg.a(lib_a-svfiprintf.o)
                0x000000000200f33c                __chclass
 .rodata.__state_table
                0x000000000200f43c       0x6c c:/devkitpro/devkitarm/bin/../lib/gcc/arm-none-eabi/11.2.0/../../../../arm-none-eabi/lib\libg.a(lib_a-svfiprintf.o)
                0x000000000200f43c                __state_table
 .rodata._jp2uc_l.str1.4
                0x000000000200f4a8       0x12 c:/devkitpro/devkitarm/bin/../lib/gcc/arm-none-eabi/11.2.0/../../../../arm-none-eabi/lib\libg.a(lib_a-jp2uc.o)
 *fill*         0x000000000200f4ba        0x2 ff
 .rodata.a1     0x000000000200f4bc       0xbc c:/devkitpro/devkitarm/bin/../lib/gcc/arm-none-eabi/11.2.0/../../../../arm-none-eabi/lib\libg.a(lib_a-jp2uc.o)
 .rodata.a2     0x000000000200f578       0xbc c:/devkitpro/devkitarm/bin/../lib/gcc/arm-none-eabi/11.2.0/../../../../arm-none-eabi/lib\libg.a(lib_a-jp2uc.o)
 .rodata.a3     0x000000000200f634       0x5b c:/devkitpro/devkitarm/bin/../lib/gcc/arm-none-eabi/11.2.0/../../../../arm-none-eabi/lib\libg.a(lib_a-jp2uc.o)
 *fill*         0x000000000200f68f        0x1 ff
 .rodata.a6     0x000000000200f690       0x70 c:/devkitpro/devkitarm/bin/../lib/gcc/arm-none-eabi/11.2.0/../../../../arm-none-eabi/lib\libg.a(lib_a-jp2uc.o)
 .rodata.a7     0x000000000200f700       0xa2 c:/devkitpro/devkitarm/bin/../lib/gcc/arm-none-eabi/11.2.0/../../../../arm-none-eabi/lib\libg.a(lib_a-jp2uc.o)
 *fill*         0x000000000200f7a2        0x2 ff
 .rodata.a8     0x000000000200f7a4       0x40 c:/devkitpro/devkitarm/bin/../lib/gcc/arm-none-eabi/11.2.0/../../../../arm-none-eabi/lib\libg.a(lib_a-jp2uc.o)
 .rodata.b02cf  0x000000000200f7e4     0x172a c:/devkitpro/devkitarm/bin/../lib/gcc/arm-none-eabi/11.2.0/../../../../arm-none-eabi/lib\libg.a(lib_a-jp2uc.o)
 *fill*         0x0000000002010f0e        0x2 ff
 .rodata.d02f4  0x0000000002010f10     0x1a7c c:/devkitpro/devkitarm/bin/../lib/gcc/arm-none-eabi/11.2.0/../../../../arm-none-eabi/lib\libg.a(lib_a-jp2uc.o)
 .rodata.categories
                0x000000000201298c     0x31e6 c:/devkitpro/devkitarm/bin/../lib/gcc/arm-none-eabi/11.2.0/../../../../arm-none-eabi/lib\libg.a(lib_a-categories.o)
 *fill*         0x0000000002015b72        0x2 ff
 .rodata.AddDevice.str1.4
                0x0000000002015b74        0x8 c:/devkitpro/devkitarm/bin/../lib/gcc/arm-none-eabi/11.2.0/../../../../arm-none-eabi/lib\libsysbase.a(iosupport.o)
 .rodata.dotab_stdnull
                0x0000000002015b7c       0x70 c:/devkitpro/devkitarm/bin/../lib/gcc/arm-none-eabi/11.2.0/../../../../arm-none-eabi/lib\libsysbase.a(iosupport.o)
                0x0000000002015b7c                dotab_stdnull
 *(EXCLUDE_FILE(*.twl*) .gnu.linkonce.r*)
                0x0000000002015bec                . = ALIGN (0x4)

.ARM.extab
 *(.ARM.extab* .gnu.linkonce.armextab.*)
                0x0000000002015bec                __exidx_start = .

ARM.exidx
 *(.ARM.exidx* .gnu.linkonce.armexidx.*)
                0x0000000002015bec                __exidx_end = .
                0x0000000002015bec                . = ALIGN (0x4)
                0x0000000002015bec                PROVIDE (__preinit_array_start = .)

.preinit_array
 *(.preinit_array)
                0x0000000002015bec                PROVIDE (__preinit_array_end = .)
                0x0000000002015bec                PROVIDE (__init_array_start = .)

.init_array     0x0000000002015bec        0x4
 *(SORT_BY_NAME(.init_array.*))
 *(.init_array)
 .init_array    0x0000000002015bec        0x4 c:/devkitpro/devkitarm/bin/../lib/gcc/arm-none-eabi/11.2.0/crtbegin.o
                0x0000000002015bf0                PROVIDE (__init_array_end = .)
                [!provide]                        PROVIDE (__fini_array_start = .)

.fini_array     0x0000000002015bf0        0x4
 *(.fini_array)
 .fini_array    0x0000000002015bf0        0x4 c:/devkitpro/devkitarm/bin/../lib/gcc/arm-none-eabi/11.2.0/crtbegin.o
 *(SORT_BY_NAME(.fini_array.*))
                [!provide]                        PROVIDE (__fini_array_end = .)

.ctors          0x0000000002015bf4        0x0
 *crtbegin.o(.ctors)
 *(EXCLUDE_FILE(*crtend.o) .ctors)
 *(SORT_BY_NAME(.ctors.*))
 *(.ctors)
                0x0000000002015bf4                . = ALIGN (0x4)

.dtors          0x0000000002015bf4        0x0
 *crtbegin.o(.dtors)
 *(EXCLUDE_FILE(*crtend.o) .dtors)
 *(SORT_BY_NAME(.dtors.*))
 *(.dtors)
                0x0000000002015bf4                . = ALIGN (0x4)

.eh_frame       0x0000000002015bf4        0x4
 *(.eh_frame)
 .eh_frame      0x0000000002015bf4        0x0 c:/devkitpro/devkitarm/bin/../lib/gcc/arm-none-eabi/11.2.0/crtbegin.o
 .eh_frame      0x0000000002015bf4        0x4 c:/devkitpro/devkitarm/bin/../lib/gcc/arm-none-eabi/11.2.0/crtend.o
                0x0000000002015bf8                . = ALIGN (0x4)

.rel.dyn        0x0000000002015bf8        0x0
 .rel.iplt      0x0000000002015bf8        0x0 c:/devkitpro/devkitarm/bin/../lib/gcc/arm-none-eabi/11.2.0/../../../../arm-none-eabi/lib/ds_arm9_crt0.o

.gcc_except_table
                0x0000000002015bf8        0x0
 *(.gcc_except_table)
                0x0000000002015bf8                . = ALIGN (0x4)

.jcr
 *(.jcr)

.got
 *(.got.plt)
 *(.got)
 *(.rel.got)

.ewram          0x0000000002015bf8        0x0
                0x0000000002015bf8                __ewram_start = ABSOLUTE (.)
 *(.ewram)
 *ewram.*(.text)
                0x0000000002015bf8                . = ALIGN (0x4)

.data           0x0000000002015bf8     0x1b8c
                0x0000000002015bf8                __data_start = ABSOLUTE (.)
 *(EXCLUDE_FILE(*.twl*) .data)
 .data          0x0000000002015bf8       0x28 C:/devkitPro/libnds/lib\libnds9.a(mpu_setup.o)
 *(EXCLUDE_FILE(*.twl*) .data.*)
 .data.currentConsole
                0x0000000002015c20        0x4 C:/devkitPro/libnds/lib\libnds9.a(console.o)
                0x0000000002015c20                currentConsole
 .data.defaultConsole
                0x0000000002015c24       0x5c C:/devkitPro/libnds/lib\libnds9.a(console.o)
                0x0000000002015c24                defaultConsole
 .data.firstConsoleInit.0
                0x0000000002015c80        0x1 C:/devkitPro/libnds/lib\libnds9.a(console.o)
 .data.count    0x0000000002015c81        0x1 C:/devkitPro/libnds/lib\libnds9.a(keys.o)
 .data.delay    0x0000000002015c82        0x1 C:/devkitPro/libnds/lib\libnds9.a(keys.o)
 .data.repeat   0x0000000002015c83        0x1 C:/devkitPro/libnds/lib\libnds9.a(keys.o)
 .data.fifo_buffer_free
                0x0000000002015c84        0x4 C:/devkitPro/libnds/lib\libnds9.a(fifosystem.o)
                0x0000000002015c84                fifo_buffer_free
 .data.fifo_freewords
                0x0000000002015c88        0x4 C:/devkitPro/libnds/lib\libnds9.a(fifosystem.o)
                0x0000000002015c88                fifo_freewords
 .data.fifo_receive_queue
                0x0000000002015c8c        0x4 C:/devkitPro/libnds/lib\libnds9.a(fifosystem.o)
                0x0000000002015c8c                fifo_receive_queue
 .data.fifo_send_queue
                0x0000000002015c90        0x4 C:/devkitPro/libnds/lib\libnds9.a(fifosystem.o)
                0x0000000002015c90                fifo_send_queue
 .data.bgControl
                0x0000000002015c94       0x20 C:/devkitPro/libnds/lib\libnds9.a(background.o)
                0x0000000002015c94                bgControl
 .data.bgScrollTable
                0x0000000002015cb4       0x20 C:/devkitPro/libnds/lib\libnds9.a(background.o)
                0x0000000002015cb4                bgScrollTable
 .data.bgTransform
                0x0000000002015cd4       0x20 C:/devkitPro/libnds/lib\libnds9.a(background.o)
                0x0000000002015cd4                bgTransform
 .data._impure_ptr
                0x0000000002015cf4        0x4 c:/devkitpro/devkitarm/bin/../lib/gcc/arm-none-eabi/11.2.0/../../../../arm-none-eabi/lib\libg.a(lib_a-impure.o)
                0x0000000002015cf4                _impure_ptr
 .data.impure_data
                0x0000000002015cf8      0x460 c:/devkitpro/devkitarm/bin/../lib/gcc/arm-none-eabi/11.2.0/../../../../arm-none-eabi/lib\libg.a(lib_a-impure.o)
 .data.__global_locale
                0x0000000002016158      0x16c c:/devkitpro/devkitarm/bin/../lib/gcc/arm-none-eabi/11.2.0/../../../../arm-none-eabi/lib\libg.a(lib_a-locale.o)
                0x0000000002016158                __global_locale
 .data.__malloc_av_
                0x00000000020162c4      0x408 c:/devkitpro/devkitarm/bin/../lib/gcc/arm-none-eabi/11.2.0/../../../../arm-none-eabi/lib\libg.a(lib_a-mallocr.o)
                0x00000000020162c4                __malloc_av_
 .data.__malloc_sbrk_base
                0x00000000020166cc        0x4 c:/devkitpro/devkitarm/bin/../lib/gcc/arm-none-eabi/11.2.0/../../../../arm-none-eabi/lib\libg.a(lib_a-mallocr.o)
                0x00000000020166cc                __malloc_sbrk_base
 .data.__malloc_trim_threshold
                0x00000000020166d0        0x4 c:/devkitpro/devkitarm/bin/../lib/gcc/arm-none-eabi/11.2.0/../../../../arm-none-eabi/lib\libg.a(lib_a-mallocr.o)
                0x00000000020166d0                __malloc_trim_threshold
 .data.devoptab_list
                0x00000000020166d4       0x8c c:/devkitpro/devkitarm/bin/../lib/gcc/arm-none-eabi/11.2.0/../../../../arm-none-eabi/lib\libsysbase.a(iosupport.o)
                0x00000000020166d4                devoptab_list
 .data.__stderr_handle
                0x0000000002016760        0xc c:/devkitpro/devkitarm/bin/../lib/gcc/arm-none-eabi/11.2.0/../../../../arm-none-eabi/lib\libsysbase.a(handle_manager.o)
 .data.__stdin_handle
                0x000000000201676c        0xc c:/devkitpro/devkitarm/bin/../lib/gcc/arm-none-eabi/11.2.0/../../../../arm-none-eabi/lib\libsysbase.a(handle_manager.o)
 .data.__stdout_handle
                0x0000000002016778        0xc c:/devkitpro/devkitarm/bin/../lib/gcc/arm-none-eabi/11.2.0/../../../../arm-none-eabi/lib\libsysbase.a(handle_manager.o)
 .data.handles  0x0000000002016784     0x1000 c:/devkitpro/devkitarm/bin/../lib/gcc/arm-none-eabi/11.2.0/../../../../arm-none-eabi/lib\libsysbase.a(handle_manager.o)
 *(EXCLUDE_FILE(*.twl*) .gnu.linkonce.d*)
                0x0000000002017784                . = ALIGN (0x4)
                0x0000000002017784                __data_end = ABSOLUTE (.)
                0x0000000002017784                __bss_vma = .

.igot.plt       0x0000000002017784        0x0
 .igot.plt      0x0000000002017784        0x0 c:/devkitpro/devkitarm/bin/../lib/gcc/arm-none-eabi/11.2.0/../../../../arm-none-eabi/lib/ds_arm9_crt0.o

.dtcm           0x0000000002ff0000        0x0 load address 0x0000000002017784
                0x0000000002017784                __dtcm_lma = LOADADDR (.dtcm)
                0x0000000002ff0000                __dtcm_start = ABSOLUTE (.)
 *(.dtcm)
 *(.dtcm.*)
                0x0000000002ff0000                . = ALIGN (0x4)
                0x0000000002ff0000                __dtcm_end = ABSOLUTE (.)

.itcm           0x0000000001000100      0x194 load address 0x0000000002017784
                0x0000000002017784                __itcm_lma = LOADADDR (.itcm)
                0x0000000001000100                __itcm_start = ABSOLUTE (.)
 *(.itcm)
 .itcm          0x0000000001000100       0xc8 C:/devkitPro/libnds/lib\libnds9.a(interrupts.o)
                0x0000000001000100                irqTable
 .itcm          0x00000000010001c8       0xcc C:/devkitPro/libnds/lib\libnds9.a(interruptDispatcher.o)
                0x00000000010001c8                IntrMain
 *.itcm*(.text .stub .text.*)
                0x0000000001000294                . = ALIGN (0x4)
                0x0000000001000294                __itcm_end = ABSOLUTE (.)

.vectors        0x0000000001000000        0x0 load address 0x0000000002017918
                0x0000000002017918                __vectors_lma = LOADADDR (.vectors)
                0x0000000001000000                __vectors_start = ABSOLUTE (.)
 *(.vectors .vectors.*)
                0x0000000001000000                . = ALIGN (0x4)
                0x0000000001000000                __vectors_end = ABSOLUTE (.)

.sbss           0x0000000002ff0000        0x0
                0x0000000002ff0000                __sbss_start = ABSOLUTE (.)
                0x0000000002ff0000                __sbss_start__ = ABSOLUTE (.)
 *(.sbss)
                0x0000000002ff0000                . = ALIGN (0x4)
                0x0000000002ff0000                __sbss_end = ABSOLUTE (.)

.bss            0x0000000002017784     0x1080
                0x0000000002017784                __bss_start = ABSOLUTE (.)
                0x0000000002017784                __bss_start__ = ABSOLUTE (.)
 *(EXCLUDE_FILE(*.twl*) .dynbss)
 *(EXCLUDE_FILE(*.twl*) .gnu.linkonce.b*)
 *(EXCLUDE_FILE(*.twl*) .bss*)
 .bss.completed.1
                0x0000000002017784        0x1 c:/devkitpro/devkitarm/bin/../lib/gcc/arm-none-eabi/11.2.0/crtbegin.o
 *fill*         0x0000000002017785        0x3 
 .bss.object.0  0x0000000002017788       0x18 c:/devkitpro/devkitarm/bin/../lib/gcc/arm-none-eabi/11.2.0/crtbegin.o
 .bss           0x00000000020177a0      0x404 main.o
                0x00000000020177a0                OAMCopy
                0x0000000002017ba0                frame
 .bss.currentCopy
                0x0000000002017ba4       0x5c C:/devkitPro/libnds/lib\libnds9.a(console.o)
                0x0000000002017ba4                currentCopy
 .bss.keys      0x0000000002017c00        0x2 C:/devkitPro/libnds/lib\libnds9.a(keys.o)
 .bss.keysold   0x0000000002017c02        0x2 C:/devkitPro/libnds/lib\libnds9.a(keys.o)
 .bss.keysrepeat
                0x0000000002017c04        0x2 C:/devkitPro/libnds/lib\libnds9.a(keys.o)
 .bss.__dsimode
                0x0000000002017c06        0x1 C:/devkitPro/libnds/lib\libnds9.a(initSystem.o)
                0x0000000002017c06                __dsimode
 *fill*         0x0000000002017c07        0x1 
 .bss.punixTime
                0x0000000002017c08        0x4 C:/devkitPro/libnds/lib\libnds9.a(initSystem.o)
                0x0000000002017c08                punixTime
 .bss.fifo_address_data
                0x0000000002017c0c       0x40 C:/devkitPro/libnds/lib\libnds9.a(fifosystem.o)
                0x0000000002017c0c                fifo_address_data
 .bss.fifo_address_func
                0x0000000002017c4c       0x40 C:/devkitPro/libnds/lib\libnds9.a(fifosystem.o)
                0x0000000002017c4c                fifo_address_func
 .bss.fifo_address_queue
                0x0000000002017c8c       0x40 C:/devkitPro/libnds/lib\libnds9.a(fifosystem.o)
                0x0000000002017c8c                fifo_address_queue
 .bss.fifo_buffer
                0x0000000002017ccc      0x800 C:/devkitPro/libnds/lib\libnds9.a(fifosystem.o)
                0x0000000002017ccc                fifo_buffer
 .bss.fifo_data_queue
                0x00000000020184cc       0x40 C:/devkitPro/libnds/lib\libnds9.a(fifosystem.o)
                0x00000000020184cc                fifo_data_queue
 .bss.fifo_datamsg_data
                0x000000000201850c       0x40 C:/devkitPro/libnds/lib\libnds9.a(fifosystem.o)
                0x000000000201850c                fifo_datamsg_data
 .bss.fifo_datamsg_func
                0x000000000201854c       0x40 C:/devkitPro/libnds/lib\libnds9.a(fifosystem.o)
                0x000000000201854c                fifo_datamsg_func
 .bss.fifo_value32_data
                0x000000000201858c       0x40 C:/devkitPro/libnds/lib\libnds9.a(fifosystem.o)
                0x000000000201858c                fifo_value32_data
 .bss.fifo_value32_func
                0x00000000020185cc       0x40 C:/devkitPro/libnds/lib\libnds9.a(fifosystem.o)
                0x00000000020185cc                fifo_value32_func
 .bss.fifo_value32_queue
                0x000000000201860c       0x40 C:/devkitPro/libnds/lib\libnds9.a(fifosystem.o)
                0x000000000201860c                fifo_value32_queue
 .bss.processing
                0x000000000201864c        0x4 C:/devkitPro/libnds/lib\libnds9.a(fifosystem.o)
                0x000000000201864c                processing
 .bss.bgIsTextLut
                0x0000000002018650        0x8 C:/devkitPro/libnds/lib\libnds9.a(background.o)
                0x0000000002018650                bgIsTextLut
 .bss.bgState   0x0000000002018658      0x140 C:/devkitPro/libnds/lib\libnds9.a(background.o)
                0x0000000002018658                bgState
 .bss.SDcallback
                0x0000000002018798        0x4 C:/devkitPro/libnds/lib\libnds9.a(system.o)
 .bss.__sfp_recursive_mutex
                0x000000000201879c        0xc c:/devkitpro/devkitarm/bin/../lib/gcc/arm-none-eabi/11.2.0/../../../../arm-none-eabi/lib\libg.a(lib_a-findfp.o)
 .bss.__sinit_recursive_mutex
                0x00000000020187a8        0xc c:/devkitpro/devkitarm/bin/../lib/gcc/arm-none-eabi/11.2.0/../../../../arm-none-eabi/lib\libg.a(lib_a-findfp.o)
 .bss.__malloc_current_mallinfo
                0x00000000020187b4       0x28 c:/devkitpro/devkitarm/bin/../lib/gcc/arm-none-eabi/11.2.0/../../../../arm-none-eabi/lib\libg.a(lib_a-mallocr.o)
                0x00000000020187b4                __malloc_current_mallinfo
 .bss.__malloc_max_sbrked_mem
                0x00000000020187dc        0x4 c:/devkitpro/devkitarm/bin/../lib/gcc/arm-none-eabi/11.2.0/../../../../arm-none-eabi/lib\libg.a(lib_a-mallocr.o)
                0x00000000020187dc                __malloc_max_sbrked_mem
 .bss.__malloc_max_total_mem
                0x00000000020187e0        0x4 c:/devkitpro/devkitarm/bin/../lib/gcc/arm-none-eabi/11.2.0/../../../../arm-none-eabi/lib\libg.a(lib_a-mallocr.o)
                0x00000000020187e0                __malloc_max_total_mem
 .bss.__malloc_top_pad
                0x00000000020187e4        0x4 c:/devkitpro/devkitarm/bin/../lib/gcc/arm-none-eabi/11.2.0/../../../../arm-none-eabi/lib\libg.a(lib_a-mallocr.o)
                0x00000000020187e4                __malloc_top_pad
 .bss.__malloc_recursive_mutex
                0x00000000020187e8        0xc c:/devkitpro/devkitarm/bin/../lib/gcc/arm-none-eabi/11.2.0/../../../../arm-none-eabi/lib\libg.a(lib_a-mlock.o)
 .bss.heap_start.0
                0x00000000020187f4        0x4 c:/devkitpro/devkitarm/bin/../lib/gcc/arm-none-eabi/11.2.0/../../../../arm-none-eabi/lib\libsysbase.a(sbrk.o)
 .bss.fake_heap_end
                0x00000000020187f8        0x4 c:/devkitpro/devkitarm/bin/../lib/gcc/arm-none-eabi/11.2.0/../../../../arm-none-eabi/lib\libsysbase.a(malloc_vars.o)
                0x00000000020187f8                fake_heap_end
 .bss.fake_heap_start
                0x00000000020187fc        0x4 c:/devkitpro/devkitarm/bin/../lib/gcc/arm-none-eabi/11.2.0/../../../../arm-none-eabi/lib\libsysbase.a(malloc_vars.o)
                0x00000000020187fc                fake_heap_start
 .bss.__hndl_lock
                0x0000000002018800        0x4 c:/devkitpro/devkitarm/bin/../lib/gcc/arm-none-eabi/11.2.0/../../../../arm-none-eabi/lib\libsysbase.a(handle_manager.o)
 *(EXCLUDE_FILE(*.twl*) COMMON)
                0x0000000002018804                . = ALIGN (0x4)
                0x0000000002018804                __bss_end__ = ABSOLUTE (.)
                0x0000000002018804                __end__ = ABSOLUTE (.)

.twl            0x0000000002018804        0x0 load address 0x0000000002400000
                0x0000000002400000                __arm9i_lma__ = LOADADDR (.twl)
                0x0000000002018804                __arm9i_start__ = ABSOLUTE (.)
 *(.twl)
 *.twl*(.text .stub .text.* .gnu.linkonce.t.*)
 *.twl*(.rodata)
 *.twl*(.roda)
 *.twl*(.rodata.*)
 *.twl*(.data)
 *.twl*(.data.*)
 *.twl*(.gnu.linkonce.d*)
                0x0000000002018804                __arm9i_end__ = ABSOLUTE (.)

.twl_bss        0x0000000002018804        0x0
                0x0000000002018804                __twl_bss_start__ = ABSOLUTE (.)
 *(.twl_bss)
 *.twl*(.dynbss)
 *.twl*(.gnu.linkonce.b*)
 *.twl*(.bss*)
 *.twl*(COMMON)
                0x0000000002018804                . = ALIGN (0x4)
                0x0000000002018804                __twl_bss_end__ = ABSOLUTE (.)
                0x0000000002018804                __twl_end__ = ABSOLUTE (.)

.stab
 *(.stab)

.stabstr
 *(.stabstr)

.stab.excl
 *(.stab.excl)

.stab.exclstr
 *(.stab.exclstr)

.stab.index
 *(.stab.index)

.stab.indexstr
 *(.stab.indexstr)

.comment        0x0000000000000000       0x23
 *(.comment)
 .comment       0x0000000000000000       0x23 c:/devkitpro/devkitarm/bin/../lib/gcc/arm-none-eabi/11.2.0/crtbegin.o
                                         0x24 (size before relaxing)
 .comment       0x0000000000000023       0x24 main.o
 .comment       0x0000000000000023       0x24 C:/devkitPro/libnds/lib\libnds9.a(touch.o)
 .comment       0x0000000000000023       0x24 C:/devkitPro/libnds/lib\libnds9.a(console.o)
 .comment       0x0000000000000023       0x24 C:/devkitPro/libnds/lib\libnds9.a(keys.o)
 .comment       0x0000000000000023       0x24 C:/devkitPro/libnds/lib\libnds9.a(initSystem.o)
 .comment       0x0000000000000023       0x24 C:/devkitPro/libnds/lib\libnds9.a(securearea.o)
 .comment       0x0000000000000023       0x24 C:/devkitPro/libnds/lib\libnds9.a(interrupts.o)
 .comment       0x0000000000000023       0x24 C:/devkitPro/libnds/lib\libnds9.a(libnds_exit.arm.o)
 .comment       0x0000000000000023       0x24 C:/devkitPro/libnds/lib\libnds9.a(fifosystem.o)
 .comment       0x0000000000000023       0x24 C:/devkitPro/libnds/lib\libnds9.a(background.o)
 .comment       0x0000000000000023       0x24 C:/devkitPro/libnds/lib\libnds9.a(trig.o)
 .comment       0x0000000000000023       0x24 C:/devkitPro/libnds/lib\libnds9.a(video.o)
 .comment       0x0000000000000023       0x24 C:/devkitPro/libnds/lib\libnds9.a(system.o)
 .comment       0x0000000000000023       0x24 c:/devkitpro/devkitarm/bin/../lib/gcc/arm-none-eabi/11.2.0/../../../../arm-none-eabi/lib\libg.a(lib_a-init.o)
 .comment       0x0000000000000023       0x24 c:/devkitpro/devkitarm/bin/../lib/gcc/arm-none-eabi/11.2.0/../../../../arm-none-eabi/lib\libg.a(lib_a-iprintf.o)
 .comment       0x0000000000000023       0x24 c:/devkitpro/devkitarm/bin/../lib/gcc/arm-none-eabi/11.2.0/../../../../arm-none-eabi/lib\libg.a(lib_a-memcpy-stub.o)
 .comment       0x0000000000000023       0x24 c:/devkitpro/devkitarm/bin/../lib/gcc/arm-none-eabi/11.2.0/../../../../arm-none-eabi/lib\libg.a(lib_a-memset.o)
 .comment       0x0000000000000023       0x24 c:/devkitpro/devkitarm/bin/../lib/gcc/arm-none-eabi/11.2.0/../../../../arm-none-eabi/lib\libg.a(lib_a-setvbuf.o)
 .comment       0x0000000000000023       0x24 c:/devkitpro/devkitarm/bin/../lib/gcc/arm-none-eabi/11.2.0/../../../../arm-none-eabi/lib\libg.a(lib_a-siscanf.o)
 .comment       0x0000000000000023       0x24 c:/devkitpro/devkitarm/bin/../lib/gcc/arm-none-eabi/11.2.0/../../../../arm-none-eabi/lib\libg.a(lib_a-stdio.o)
 .comment       0x0000000000000023       0x24 c:/devkitpro/devkitarm/bin/../lib/gcc/arm-none-eabi/11.2.0/../../../../arm-none-eabi/lib\libg.a(lib_a-strlen-stub.o)
 .comment       0x0000000000000023       0x24 c:/devkitpro/devkitarm/bin/../lib/gcc/arm-none-eabi/11.2.0/../../../../arm-none-eabi/lib\libg.a(lib_a-svfiscanf.o)
 .comment       0x0000000000000023       0x24 c:/devkitpro/devkitarm/bin/../lib/gcc/arm-none-eabi/11.2.0/../../../../arm-none-eabi/lib\libg.a(lib_a-ungetc.o)
 .comment       0x0000000000000023       0x24 c:/devkitpro/devkitarm/bin/../lib/gcc/arm-none-eabi/11.2.0/../../../../arm-none-eabi/lib\libg.a(lib_a-vfiprintf.o)
 .comment       0x0000000000000023       0x24 c:/devkitpro/devkitarm/bin/../lib/gcc/arm-none-eabi/11.2.0/../../../../arm-none-eabi/lib\libg.a(lib_a-wcrtomb.o)
 .comment       0x0000000000000023       0x24 c:/devkitpro/devkitarm/bin/../lib/gcc/arm-none-eabi/11.2.0/../../../../arm-none-eabi/lib\libg.a(lib_a-wcsrtombs.o)
 .comment       0x0000000000000023       0x24 c:/devkitpro/devkitarm/bin/../lib/gcc/arm-none-eabi/11.2.0/../../../../arm-none-eabi/lib\libg.a(lib_a-wsetup.o)
 .comment       0x0000000000000023       0x24 c:/devkitpro/devkitarm/bin/../lib/gcc/arm-none-eabi/11.2.0/../../../../arm-none-eabi/lib\libg.a(lib_a-ctype_.o)
 .comment       0x0000000000000023       0x24 c:/devkitpro/devkitarm/bin/../lib/gcc/arm-none-eabi/11.2.0/../../../../arm-none-eabi/lib\libg.a(lib_a-fflush.o)
 .comment       0x0000000000000023       0x24 c:/devkitpro/devkitarm/bin/../lib/gcc/arm-none-eabi/11.2.0/../../../../arm-none-eabi/lib\libg.a(lib_a-findfp.o)
 .comment       0x0000000000000023       0x24 c:/devkitpro/devkitarm/bin/../lib/gcc/arm-none-eabi/11.2.0/../../../../arm-none-eabi/lib\libg.a(lib_a-freer.o)
 .comment       0x0000000000000023       0x24 c:/devkitpro/devkitarm/bin/../lib/gcc/arm-none-eabi/11.2.0/../../../../arm-none-eabi/lib\libg.a(lib_a-fvwrite.o)
 .comment       0x0000000000000023       0x24 c:/devkitpro/devkitarm/bin/../lib/gcc/arm-none-eabi/11.2.0/../../../../arm-none-eabi/lib\libg.a(lib_a-fwalk.o)
 .comment       0x0000000000000023       0x24 c:/devkitpro/devkitarm/bin/../lib/gcc/arm-none-eabi/11.2.0/../../../../arm-none-eabi/lib\libg.a(lib_a-impure.o)
 .comment       0x0000000000000023       0x24 c:/devkitpro/devkitarm/bin/../lib/gcc/arm-none-eabi/11.2.0/../../../../arm-none-eabi/lib\libg.a(lib_a-iswspace.o)
 .comment       0x0000000000000023       0x24 c:/devkitpro/devkitarm/bin/../lib/gcc/arm-none-eabi/11.2.0/../../../../arm-none-eabi/lib\libg.a(lib_a-localeconv.o)
 .comment       0x0000000000000023       0x24 c:/devkitpro/devkitarm/bin/../lib/gcc/arm-none-eabi/11.2.0/../../../../arm-none-eabi/lib\libg.a(lib_a-locale.o)
 .comment       0x0000000000000023       0x24 c:/devkitpro/devkitarm/bin/../lib/gcc/arm-none-eabi/11.2.0/../../../../arm-none-eabi/lib\libg.a(lib_a-makebuf.o)
 .comment       0x0000000000000023       0x24 c:/devkitpro/devkitarm/bin/../lib/gcc/arm-none-eabi/11.2.0/../../../../arm-none-eabi/lib\libg.a(lib_a-malloc.o)
 .comment       0x0000000000000023       0x24 c:/devkitpro/devkitarm/bin/../lib/gcc/arm-none-eabi/11.2.0/../../../../arm-none-eabi/lib\libg.a(lib_a-mallocr.o)
 .comment       0x0000000000000023       0x24 c:/devkitpro/devkitarm/bin/../lib/gcc/arm-none-eabi/11.2.0/../../../../arm-none-eabi/lib\libg.a(lib_a-mbrtowc.o)
 .comment       0x0000000000000023       0x24 c:/devkitpro/devkitarm/bin/../lib/gcc/arm-none-eabi/11.2.0/../../../../arm-none-eabi/lib\libg.a(lib_a-mbtowc_r.o)
 .comment       0x0000000000000023       0x24 c:/devkitpro/devkitarm/bin/../lib/gcc/arm-none-eabi/11.2.0/../../../../arm-none-eabi/lib\libg.a(lib_a-memchr-stub.o)
 .comment       0x0000000000000023       0x24 c:/devkitpro/devkitarm/bin/../lib/gcc/arm-none-eabi/11.2.0/../../../../arm-none-eabi/lib\libg.a(lib_a-memmove.o)
 .comment       0x0000000000000023       0x24 c:/devkitpro/devkitarm/bin/../lib/gcc/arm-none-eabi/11.2.0/../../../../arm-none-eabi/lib\libg.a(lib_a-mlock.o)
 .comment       0x0000000000000023       0x24 c:/devkitpro/devkitarm/bin/../lib/gcc/arm-none-eabi/11.2.0/../../../../arm-none-eabi/lib\libg.a(lib_a-realloc.o)
 .comment       0x0000000000000023       0x24 c:/devkitpro/devkitarm/bin/../lib/gcc/arm-none-eabi/11.2.0/../../../../arm-none-eabi/lib\libg.a(lib_a-reallocr.o)
 .comment       0x0000000000000023       0x24 c:/devkitpro/devkitarm/bin/../lib/gcc/arm-none-eabi/11.2.0/../../../../arm-none-eabi/lib\libg.a(lib_a-sccl.o)
 .comment       0x0000000000000023       0x24 c:/devkitpro/devkitarm/bin/../lib/gcc/arm-none-eabi/11.2.0/../../../../arm-none-eabi/lib\libg.a(lib_a-strncpy.o)
 .comment       0x0000000000000023       0x24 c:/devkitpro/devkitarm/bin/../lib/gcc/arm-none-eabi/11.2.0/../../../../arm-none-eabi/lib\libg.a(lib_a-strtoll.o)
 .comment       0x0000000000000023       0x24 c:/devkitpro/devkitarm/bin/../lib/gcc/arm-none-eabi/11.2.0/../../../../arm-none-eabi/lib\libg.a(lib_a-strtol.o)
 .comment       0x0000000000000023       0x24 c:/devkitpro/devkitarm/bin/../lib/gcc/arm-none-eabi/11.2.0/../../../../arm-none-eabi/lib\libg.a(lib_a-strtoull.o)
 .comment       0x0000000000000023       0x24 c:/devkitpro/devkitarm/bin/../lib/gcc/arm-none-eabi/11.2.0/../../../../arm-none-eabi/lib\libg.a(lib_a-strtoul.o)
 .comment       0x0000000000000023       0x24 c:/devkitpro/devkitarm/bin/../lib/gcc/arm-none-eabi/11.2.0/../../../../arm-none-eabi/lib\libg.a(lib_a-svfiprintf.o)
 .comment       0x0000000000000023       0x24 c:/devkitpro/devkitarm/bin/../lib/gcc/arm-none-eabi/11.2.0/../../../../arm-none-eabi/lib\libg.a(lib_a-wcsnrtombs.o)
 .comment       0x0000000000000023       0x24 c:/devkitpro/devkitarm/bin/../lib/gcc/arm-none-eabi/11.2.0/../../../../arm-none-eabi/lib\libg.a(lib_a-wctomb_r.o)
 .comment       0x0000000000000023       0x24 c:/devkitpro/devkitarm/bin/../lib/gcc/arm-none-eabi/11.2.0/../../../../arm-none-eabi/lib\libg.a(lib_a-errno.o)
 .comment       0x0000000000000023       0x24 c:/devkitpro/devkitarm/bin/../lib/gcc/arm-none-eabi/11.2.0/../../../../arm-none-eabi/lib\libg.a(lib_a-fclose.o)
 .comment       0x0000000000000023       0x24 c:/devkitpro/devkitarm/bin/../lib/gcc/arm-none-eabi/11.2.0/../../../../arm-none-eabi/lib\libg.a(lib_a-iswspace_l.o)
 .comment       0x0000000000000023       0x24 c:/devkitpro/devkitarm/bin/../lib/gcc/arm-none-eabi/11.2.0/../../../../arm-none-eabi/lib\libg.a(lib_a-jp2uc.o)
 .comment       0x0000000000000023       0x24 c:/devkitpro/devkitarm/bin/../lib/gcc/arm-none-eabi/11.2.0/../../../../arm-none-eabi/lib\libg.a(lib_a-categories.o)
 .comment       0x0000000000000023       0x24 c:/devkitpro/devkitarm/bin/../lib/gcc/arm-none-eabi/11.2.0/../../../../arm-none-eabi/lib\libsysbase.a(iosupport.o)
 .comment       0x0000000000000023       0x24 c:/devkitpro/devkitarm/bin/../lib/gcc/arm-none-eabi/11.2.0/../../../../arm-none-eabi/lib\libsysbase.a(fstat.o)
 .comment       0x0000000000000023       0x24 c:/devkitpro/devkitarm/bin/../lib/gcc/arm-none-eabi/11.2.0/../../../../arm-none-eabi/lib\libsysbase.a(isatty.o)
 .comment       0x0000000000000023       0x24 c:/devkitpro/devkitarm/bin/../lib/gcc/arm-none-eabi/11.2.0/../../../../arm-none-eabi/lib\libsysbase.a(lseek.o)
 .comment       0x0000000000000023       0x24 c:/devkitpro/devkitarm/bin/../lib/gcc/arm-none-eabi/11.2.0/../../../../arm-none-eabi/lib\libsysbase.a(read.o)
 .comment       0x0000000000000023       0x24 c:/devkitpro/devkitarm/bin/../lib/gcc/arm-none-eabi/11.2.0/../../../../arm-none-eabi/lib\libsysbase.a(sbrk.o)
 .comment       0x0000000000000023       0x24 c:/devkitpro/devkitarm/bin/../lib/gcc/arm-none-eabi/11.2.0/../../../../arm-none-eabi/lib\libsysbase.a(write.o)
 .comment       0x0000000000000023       0x24 c:/devkitpro/devkitarm/bin/../lib/gcc/arm-none-eabi/11.2.0/../../../../arm-none-eabi/lib\libsysbase.a(malloc_vars.o)
 .comment       0x0000000000000023       0x24 c:/devkitpro/devkitarm/bin/../lib/gcc/arm-none-eabi/11.2.0/../../../../arm-none-eabi/lib\libsysbase.a(build_argv.o)
 .comment       0x0000000000000023       0x24 c:/devkitpro/devkitarm/bin/../lib/gcc/arm-none-eabi/11.2.0/../../../../arm-none-eabi/lib\libsysbase.a(flock.o)
 .comment       0x0000000000000023       0x24 c:/devkitpro/devkitarm/bin/../lib/gcc/arm-none-eabi/11.2.0/../../../../arm-none-eabi/lib\libsysbase.a(handle_manager.o)
 .comment       0x0000000000000023       0x24 c:/devkitpro/devkitarm/bin/../lib/gcc/arm-none-eabi/11.2.0/../../../../arm-none-eabi/lib\libsysbase.a(getreent.o)
 .comment       0x0000000000000023       0x24 c:/devkitpro/devkitarm/bin/../lib/gcc/arm-none-eabi/11.2.0/../../../../arm-none-eabi/lib\libsysbase.a(syscall_support.o)
 .comment       0x0000000000000023       0x24 c:/devkitpro/devkitarm/bin/../lib/gcc/arm-none-eabi/11.2.0\libgcc.a(_udivmoddi4.o)
 .comment       0x0000000000000023       0x24 c:/devkitpro/devkitarm/bin/../lib/gcc/arm-none-eabi/11.2.0/crtend.o

.ARM.attributes
                0x0000000000000000       0x2d
 .ARM.attributes
                0x0000000000000000       0x21 c:/devkitpro/devkitarm/bin/../lib/gcc/arm-none-eabi/11.2.0/../../../../arm-none-eabi/lib/ds_arm9_crt0.o
 .ARM.attributes
                0x0000000000000021       0x1c c:/devkitpro/devkitarm/bin/../lib/gcc/arm-none-eabi/11.2.0/crti.o
 .ARM.attributes
                0x000000000000003d       0x2a c:/devkitpro/devkitarm/bin/../lib/gcc/arm-none-eabi/11.2.0/crtbegin.o
 .ARM.attributes
                0x0000000000000067       0x1b ball.o
 .ARM.attributes
                0x0000000000000082       0x2b main.o
 .ARM.attributes
                0x00000000000000ad       0x2b C:/devkitPro/libnds/lib\libnds9.a(touch.o)
 .ARM.attributes
                0x00000000000000d8       0x2b C:/devkitPro/libnds/lib\libnds9.a(console.o)
 .ARM.attributes
                0x0000000000000103       0x2b C:/devkitPro/libnds/lib\libnds9.a(keys.o)
 .ARM.attributes
                0x000000000000012e       0x2b C:/devkitPro/libnds/lib\libnds9.a(initSystem.o)
 .ARM.attributes
                0x0000000000000159       0x2b C:/devkitPro/libnds/lib\libnds9.a(securearea.o)
 .ARM.attributes
                0x0000000000000184       0x2b C:/devkitPro/libnds/lib\libnds9.a(interrupts.o)
 .ARM.attributes
                0x00000000000001af       0x2b C:/devkitPro/libnds/lib\libnds9.a(libnds_exit.arm.o)
 .ARM.attributes
                0x00000000000001da       0x2b C:/devkitPro/libnds/lib\libnds9.a(fifosystem.o)
 .ARM.attributes
                0x0000000000000205       0x21 C:/devkitPro/libnds/lib\libnds9.a(mpu_setup.o)
 .ARM.attributes
                0x0000000000000226       0x21 C:/devkitPro/libnds/lib\libnds9.a(IntrWait.o)
 .ARM.attributes
                0x0000000000000247       0x21 C:/devkitPro/libnds/lib\libnds9.a(cpu_clock.o)
 .ARM.attributes
                0x0000000000000268       0x1b C:/devkitPro/libnds/lib\libnds9.a(interruptDispatcher.o)
 .ARM.attributes
                0x0000000000000283       0x21 C:/devkitPro/libnds/lib\libnds9.a(swiSoftReset.o)
 .ARM.attributes
                0x00000000000002a4       0x14 C:/devkitPro/libnds/lib\libnds9.a(default_font.bin.o)
 .ARM.attributes
                0x00000000000002b8       0x2b C:/devkitPro/libnds/lib\libnds9.a(background.o)
 .ARM.attributes
                0x00000000000002e3       0x2b C:/devkitPro/libnds/lib\libnds9.a(trig.o)
 .ARM.attributes
                0x000000000000030e       0x2b C:/devkitPro/libnds/lib\libnds9.a(video.o)
 .ARM.attributes
                0x0000000000000339       0x2b C:/devkitPro/libnds/lib\libnds9.a(system.o)
 .ARM.attributes
                0x0000000000000364       0x1b C:/devkitPro/libnds/lib\libnds9.a(biosCalls.o)
 .ARM.attributes
                0x000000000000037f       0x1c c:/devkitpro/devkitarm/bin/../lib/gcc/arm-none-eabi/11.2.0\libgcc.a(_divsi3.o)
 .ARM.attributes
                0x000000000000039b       0x1c c:/devkitpro/devkitarm/bin/../lib/gcc/arm-none-eabi/11.2.0\libgcc.a(_dvmd_tls.o)
 .ARM.attributes
                0x00000000000003b7       0x2a c:/devkitpro/devkitarm/bin/../lib/gcc/arm-none-eabi/11.2.0/../../../../arm-none-eabi/lib\libg.a(lib_a-init.o)
 .ARM.attributes
                0x00000000000003e1       0x2a c:/devkitpro/devkitarm/bin/../lib/gcc/arm-none-eabi/11.2.0/../../../../arm-none-eabi/lib\libg.a(lib_a-iprintf.o)
 .ARM.attributes
                0x000000000000040b       0x2a c:/devkitpro/devkitarm/bin/../lib/gcc/arm-none-eabi/11.2.0/../../../../arm-none-eabi/lib\libg.a(lib_a-memcpy-stub.o)
 .ARM.attributes
                0x0000000000000435       0x2a c:/devkitpro/devkitarm/bin/../lib/gcc/arm-none-eabi/11.2.0/../../../../arm-none-eabi/lib\libg.a(lib_a-memset.o)
 .ARM.attributes
                0x000000000000045f       0x2a c:/devkitpro/devkitarm/bin/../lib/gcc/arm-none-eabi/11.2.0/../../../../arm-none-eabi/lib\libg.a(lib_a-setvbuf.o)
 .ARM.attributes
                0x0000000000000489       0x2a c:/devkitpro/devkitarm/bin/../lib/gcc/arm-none-eabi/11.2.0/../../../../arm-none-eabi/lib\libg.a(lib_a-siscanf.o)
 .ARM.attributes
                0x00000000000004b3       0x2a c:/devkitpro/devkitarm/bin/../lib/gcc/arm-none-eabi/11.2.0/../../../../arm-none-eabi/lib\libg.a(lib_a-stdio.o)
 .ARM.attributes
                0x00000000000004dd       0x2a c:/devkitpro/devkitarm/bin/../lib/gcc/arm-none-eabi/11.2.0/../../../../arm-none-eabi/lib\libg.a(lib_a-strlen-stub.o)
 .ARM.attributes
                0x0000000000000507       0x2a c:/devkitpro/devkitarm/bin/../lib/gcc/arm-none-eabi/11.2.0/../../../../arm-none-eabi/lib\libg.a(lib_a-svfiscanf.o)
 .ARM.attributes
                0x0000000000000531       0x2a c:/devkitpro/devkitarm/bin/../lib/gcc/arm-none-eabi/11.2.0/../../../../arm-none-eabi/lib\libg.a(lib_a-ungetc.o)
 .ARM.attributes
                0x000000000000055b       0x2a c:/devkitpro/devkitarm/bin/../lib/gcc/arm-none-eabi/11.2.0/../../../../arm-none-eabi/lib\libg.a(lib_a-vfiprintf.o)
 .ARM.attributes
                0x0000000000000585       0x2a c:/devkitpro/devkitarm/bin/../lib/gcc/arm-none-eabi/11.2.0/../../../../arm-none-eabi/lib\libg.a(lib_a-wcrtomb.o)
 .ARM.attributes
                0x00000000000005af       0x2a c:/devkitpro/devkitarm/bin/../lib/gcc/arm-none-eabi/11.2.0/../../../../arm-none-eabi/lib\libg.a(lib_a-wcsrtombs.o)
 .ARM.attributes
                0x00000000000005d9       0x2a c:/devkitpro/devkitarm/bin/../lib/gcc/arm-none-eabi/11.2.0/../../../../arm-none-eabi/lib\libg.a(lib_a-wsetup.o)
 .ARM.attributes
                0x0000000000000603       0x2a c:/devkitpro/devkitarm/bin/../lib/gcc/arm-none-eabi/11.2.0/../../../../arm-none-eabi/lib\libg.a(lib_a-ctype_.o)
 .ARM.attributes
                0x000000000000062d       0x2a c:/devkitpro/devkitarm/bin/../lib/gcc/arm-none-eabi/11.2.0/../../../../arm-none-eabi/lib\libg.a(lib_a-fflush.o)
 .ARM.attributes
                0x0000000000000657       0x2a c:/devkitpro/devkitarm/bin/../lib/gcc/arm-none-eabi/11.2.0/../../../../arm-none-eabi/lib\libg.a(lib_a-findfp.o)
 .ARM.attributes
                0x0000000000000681       0x2a c:/devkitpro/devkitarm/bin/../lib/gcc/arm-none-eabi/11.2.0/../../../../arm-none-eabi/lib\libg.a(lib_a-freer.o)
 .ARM.attributes
                0x00000000000006ab       0x2a c:/devkitpro/devkitarm/bin/../lib/gcc/arm-none-eabi/11.2.0/../../../../arm-none-eabi/lib\libg.a(lib_a-fvwrite.o)
 .ARM.attributes
                0x00000000000006d5       0x2a c:/devkitpro/devkitarm/bin/../lib/gcc/arm-none-eabi/11.2.0/../../../../arm-none-eabi/lib\libg.a(lib_a-fwalk.o)
 .ARM.attributes
                0x00000000000006ff       0x30 c:/devkitpro/devkitarm/bin/../lib/gcc/arm-none-eabi/11.2.0/../../../../arm-none-eabi/lib\libg.a(lib_a-impure.o)
 .ARM.attributes
                0x000000000000072f       0x2a c:/devkitpro/devkitarm/bin/../lib/gcc/arm-none-eabi/11.2.0/../../../../arm-none-eabi/lib\libg.a(lib_a-iswspace.o)
 .ARM.attributes
                0x0000000000000759       0x2a c:/devkitpro/devkitarm/bin/../lib/gcc/arm-none-eabi/11.2.0/../../../../arm-none-eabi/lib\libg.a(lib_a-localeconv.o)
 .ARM.attributes
                0x0000000000000783       0x2a c:/devkitpro/devkitarm/bin/../lib/gcc/arm-none-eabi/11.2.0/../../../../arm-none-eabi/lib\libg.a(lib_a-locale.o)
 .ARM.attributes
                0x00000000000007ad       0x2a c:/devkitpro/devkitarm/bin/../lib/gcc/arm-none-eabi/11.2.0/../../../../arm-none-eabi/lib\libg.a(lib_a-makebuf.o)
 .ARM.attributes
                0x00000000000007d7       0x2a c:/devkitpro/devkitarm/bin/../lib/gcc/arm-none-eabi/11.2.0/../../../../arm-none-eabi/lib\libg.a(lib_a-malloc.o)
 .ARM.attributes
                0x0000000000000801       0x2a c:/devkitpro/devkitarm/bin/../lib/gcc/arm-none-eabi/11.2.0/../../../../arm-none-eabi/lib\libg.a(lib_a-mallocr.o)
 .ARM.attributes
                0x000000000000082b       0x2a c:/devkitpro/devkitarm/bin/../lib/gcc/arm-none-eabi/11.2.0/../../../../arm-none-eabi/lib\libg.a(lib_a-mbrtowc.o)
 .ARM.attributes
                0x0000000000000855       0x2a c:/devkitpro/devkitarm/bin/../lib/gcc/arm-none-eabi/11.2.0/../../../../arm-none-eabi/lib\libg.a(lib_a-mbtowc_r.o)
 .ARM.attributes
                0x000000000000087f       0x2a c:/devkitpro/devkitarm/bin/../lib/gcc/arm-none-eabi/11.2.0/../../../../arm-none-eabi/lib\libg.a(lib_a-memchr-stub.o)
 .ARM.attributes
                0x00000000000008a9       0x2a c:/devkitpro/devkitarm/bin/../lib/gcc/arm-none-eabi/11.2.0/../../../../arm-none-eabi/lib\libg.a(lib_a-memmove.o)
 .ARM.attributes
                0x00000000000008d3       0x2a c:/devkitpro/devkitarm/bin/../lib/gcc/arm-none-eabi/11.2.0/../../../../arm-none-eabi/lib\libg.a(lib_a-mlock.o)
 .ARM.attributes
                0x00000000000008fd       0x2a c:/devkitpro/devkitarm/bin/../lib/gcc/arm-none-eabi/11.2.0/../../../../arm-none-eabi/lib\libg.a(lib_a-realloc.o)
 .ARM.attributes
                0x0000000000000927       0x2a c:/devkitpro/devkitarm/bin/../lib/gcc/arm-none-eabi/11.2.0/../../../../arm-none-eabi/lib\libg.a(lib_a-reallocr.o)
 .ARM.attributes
                0x0000000000000951       0x2a c:/devkitpro/devkitarm/bin/../lib/gcc/arm-none-eabi/11.2.0/../../../../arm-none-eabi/lib\libg.a(lib_a-sccl.o)
 .ARM.attributes
                0x000000000000097b       0x1a c:/devkitpro/devkitarm/bin/../lib/gcc/arm-none-eabi/11.2.0/../../../../arm-none-eabi/lib\libg.a(lib_a-strcmp.o)
 .ARM.attributes
                0x0000000000000995       0x2a c:/devkitpro/devkitarm/bin/../lib/gcc/arm-none-eabi/11.2.0/../../../../arm-none-eabi/lib\libg.a(lib_a-strncpy.o)
 .ARM.attributes
                0x00000000000009bf       0x2a c:/devkitpro/devkitarm/bin/../lib/gcc/arm-none-eabi/11.2.0/../../../../arm-none-eabi/lib\libg.a(lib_a-strtoll.o)
 .ARM.attributes
                0x00000000000009e9       0x2a c:/devkitpro/devkitarm/bin/../lib/gcc/arm-none-eabi/11.2.0/../../../../arm-none-eabi/lib\libg.a(lib_a-strtol.o)
 .ARM.attributes
                0x0000000000000a13       0x2a c:/devkitpro/devkitarm/bin/../lib/gcc/arm-none-eabi/11.2.0/../../../../arm-none-eabi/lib\libg.a(lib_a-strtoull.o)
 .ARM.attributes
                0x0000000000000a3d       0x2a c:/devkitpro/devkitarm/bin/../lib/gcc/arm-none-eabi/11.2.0/../../../../arm-none-eabi/lib\libg.a(lib_a-strtoul.o)
 .ARM.attributes
                0x0000000000000a67       0x2a c:/devkitpro/devkitarm/bin/../lib/gcc/arm-none-eabi/11.2.0/../../../../arm-none-eabi/lib\libg.a(lib_a-svfiprintf.o)
 .ARM.attributes
                0x0000000000000a91       0x2a c:/devkitpro/devkitarm/bin/../lib/gcc/arm-none-eabi/11.2.0/../../../../arm-none-eabi/lib\libg.a(lib_a-wcsnrtombs.o)
 .ARM.attributes
                0x0000000000000abb       0x2a c:/devkitpro/devkitarm/bin/../lib/gcc/arm-none-eabi/11.2.0/../../../../arm-none-eabi/lib\libg.a(lib_a-wctomb_r.o)
 .ARM.attributes
                0x0000000000000ae5       0x2a c:/devkitpro/devkitarm/bin/../lib/gcc/arm-none-eabi/11.2.0/../../../../arm-none-eabi/lib\libg.a(lib_a-errno.o)
 .ARM.attributes
                0x0000000000000b0f       0x2a c:/devkitpro/devkitarm/bin/../lib/gcc/arm-none-eabi/11.2.0/../../../../arm-none-eabi/lib\libg.a(lib_a-fclose.o)
 .ARM.attributes
                0x0000000000000b39       0x2a c:/devkitpro/devkitarm/bin/../lib/gcc/arm-none-eabi/11.2.0/../../../../arm-none-eabi/lib\libg.a(lib_a-iswspace_l.o)
 .ARM.attributes
                0x0000000000000b63       0x2a c:/devkitpro/devkitarm/bin/../lib/gcc/arm-none-eabi/11.2.0/../../../../arm-none-eabi/lib\libg.a(lib_a-jp2uc.o)
 .ARM.attributes
                0x0000000000000b8d       0x2a c:/devkitpro/devkitarm/bin/../lib/gcc/arm-none-eabi/11.2.0/../../../../arm-none-eabi/lib\libg.a(lib_a-categories.o)
 .ARM.attributes
                0x0000000000000bb7       0x2a c:/devkitpro/devkitarm/bin/../lib/gcc/arm-none-eabi/11.2.0/../../../../arm-none-eabi/lib\libsysbase.a(iosupport.o)
 .ARM.attributes
                0x0000000000000be1       0x2a c:/devkitpro/devkitarm/bin/../lib/gcc/arm-none-eabi/11.2.0/../../../../arm-none-eabi/lib\libsysbase.a(fstat.o)
 .ARM.attributes
                0x0000000000000c0b       0x2a c:/devkitpro/devkitarm/bin/../lib/gcc/arm-none-eabi/11.2.0/../../../../arm-none-eabi/lib\libsysbase.a(isatty.o)
 .ARM.attributes
                0x0000000000000c35       0x2a c:/devkitpro/devkitarm/bin/../lib/gcc/arm-none-eabi/11.2.0/../../../../arm-none-eabi/lib\libsysbase.a(lseek.o)
 .ARM.attributes
                0x0000000000000c5f       0x2a c:/devkitpro/devkitarm/bin/../lib/gcc/arm-none-eabi/11.2.0/../../../../arm-none-eabi/lib\libsysbase.a(read.o)
 .ARM.attributes
                0x0000000000000c89       0x2a c:/devkitpro/devkitarm/bin/../lib/gcc/arm-none-eabi/11.2.0/../../../../arm-none-eabi/lib\libsysbase.a(sbrk.o)
 .ARM.attributes
                0x0000000000000cb3       0x2a c:/devkitpro/devkitarm/bin/../lib/gcc/arm-none-eabi/11.2.0/../../../../arm-none-eabi/lib\libsysbase.a(write.o)
 .ARM.attributes
                0x0000000000000cdd       0x30 c:/devkitpro/devkitarm/bin/../lib/gcc/arm-none-eabi/11.2.0/../../../../arm-none-eabi/lib\libsysbase.a(malloc_vars.o)
 .ARM.attributes
                0x0000000000000d0d       0x2a c:/devkitpro/devkitarm/bin/../lib/gcc/arm-none-eabi/11.2.0/../../../../arm-none-eabi/lib\libsysbase.a(build_argv.o)
 .ARM.attributes
                0x0000000000000d37       0x2a c:/devkitpro/devkitarm/bin/../lib/gcc/arm-none-eabi/11.2.0/../../../../arm-none-eabi/lib\libsysbase.a(flock.o)
 .ARM.attributes
                0x0000000000000d61       0x2a c:/devkitpro/devkitarm/bin/../lib/gcc/arm-none-eabi/11.2.0/../../../../arm-none-eabi/lib\libsysbase.a(handle_manager.o)
 .ARM.attributes
                0x0000000000000d8b       0x2a c:/devkitpro/devkitarm/bin/../lib/gcc/arm-none-eabi/11.2.0/../../../../arm-none-eabi/lib\libsysbase.a(getreent.o)
 .ARM.attributes
                0x0000000000000db5       0x2a c:/devkitpro/devkitarm/bin/../lib/gcc/arm-none-eabi/11.2.0/../../../../arm-none-eabi/lib\libsysbase.a(syscall_support.o)
 .ARM.attributes
                0x0000000000000ddf       0x1c c:/devkitpro/devkitarm/bin/../lib/gcc/arm-none-eabi/11.2.0\libgcc.a(_udivsi3.o)
 .ARM.attributes
                0x0000000000000dfb       0x1c c:/devkitpro/devkitarm/bin/../lib/gcc/arm-none-eabi/11.2.0\libgcc.a(_aeabi_uldivmod.o)
 .ARM.attributes
                0x0000000000000e17       0x2a c:/devkitpro/devkitarm/bin/../lib/gcc/arm-none-eabi/11.2.0\libgcc.a(_udivmoddi4.o)
 .ARM.attributes
                0x0000000000000e41       0x1c c:/devkitpro/devkitarm/bin/../lib/gcc/arm-none-eabi/11.2.0\libgcc.a(_clzdi2.o)
 .ARM.attributes
                0x0000000000000e5d       0x1c c:/devkitpro/devkitarm/bin/../lib/gcc/arm-none-eabi/11.2.0\libgcc.a(_clzsi2.o)
 .ARM.attributes
                0x0000000000000e79       0x30 c:/devkitpro/devkitarm/bin/../lib/gcc/arm-none-eabi/11.2.0/crtend.o
 .ARM.attributes
                0x0000000000000ea9       0x1c c:/devkitpro/devkitarm/bin/../lib/gcc/arm-none-eabi/11.2.0/crtn.o

.debug
 *(.debug)

.line
 *(.line)

.debug_srcinfo
 *(.debug_srcinfo)

.debug_sfnames
 *(.debug_sfnames)

.debug_aranges  0x0000000000000000      0x560
 *(.debug_aranges)
 .debug_aranges
                0x0000000000000000       0x28 main.o
 .debug_aranges
                0x0000000000000028       0x28 C:/devkitPro/libnds/lib\libnds9.a(touch.o)
 .debug_aranges
                0x0000000000000050       0x80 C:/devkitPro/libnds/lib\libnds9.a(console.o)
 .debug_aranges
                0x00000000000000d0       0x50 C:/devkitPro/libnds/lib\libnds9.a(keys.o)
 .debug_aranges
                0x0000000000000120       0x30 C:/devkitPro/libnds/lib\libnds9.a(initSystem.o)
 .debug_aranges
                0x0000000000000150       0x18 C:/devkitPro/libnds/lib\libnds9.a(securearea.o)
 .debug_aranges
                0x0000000000000168       0x50 C:/devkitPro/libnds/lib\libnds9.a(interrupts.o)
 .debug_aranges
                0x00000000000001b8       0x28 C:/devkitPro/libnds/lib\libnds9.a(libnds_exit.arm.o)
 .debug_aranges
                0x00000000000001e0       0xb0 C:/devkitPro/libnds/lib\libnds9.a(fifosystem.o)
 .debug_aranges
                0x0000000000000290       0x30 C:/devkitPro/libnds/lib\libnds9.a(mpu_setup.o)
 .debug_aranges
                0x00000000000002c0       0x28 C:/devkitPro/libnds/lib\libnds9.a(IntrWait.o)
 .debug_aranges
                0x00000000000002e8       0x20 C:/devkitPro/libnds/lib\libnds9.a(cpu_clock.o)
 .debug_aranges
                0x0000000000000308       0x20 C:/devkitPro/libnds/lib\libnds9.a(interruptDispatcher.o)
 .debug_aranges
                0x0000000000000328       0x20 C:/devkitPro/libnds/lib\libnds9.a(swiSoftReset.o)
 .debug_aranges
                0x0000000000000348       0x40 C:/devkitPro/libnds/lib\libnds9.a(background.o)
 .debug_aranges
                0x0000000000000388       0x60 C:/devkitPro/libnds/lib\libnds9.a(trig.o)
 .debug_aranges
                0x00000000000003e8       0x48 C:/devkitPro/libnds/lib\libnds9.a(video.o)
 .debug_aranges
                0x0000000000000430       0x68 C:/devkitPro/libnds/lib\libnds9.a(system.o)
 .debug_aranges
                0x0000000000000498       0xc8 C:/devkitPro/libnds/lib\libnds9.a(biosCalls.o)

.debug_pubnames
 *(.debug_pubnames)

.debug_info     0x0000000000000000     0x972f
 *(.debug_info)
 .debug_info    0x0000000000000000     0x1049 main.o
 .debug_info    0x0000000000001049      0x329 C:/devkitPro/libnds/lib\libnds9.a(touch.o)
 .debug_info    0x0000000000001372     0x26ac C:/devkitPro/libnds/lib\libnds9.a(console.o)
 .debug_info    0x0000000000003a1e      0x43b C:/devkitPro/libnds/lib\libnds9.a(keys.o)
 .debug_info    0x0000000000003e59     0x113e C:/devkitPro/libnds/lib\libnds9.a(initSystem.o)
 .debug_info    0x0000000000004f97       0x5a C:/devkitPro/libnds/lib\libnds9.a(securearea.o)
 .debug_info    0x0000000000004ff1      0x68d C:/devkitPro/libnds/lib\libnds9.a(interrupts.o)
 .debug_info    0x000000000000567e      0x367 C:/devkitPro/libnds/lib\libnds9.a(libnds_exit.arm.o)
 .debug_info    0x00000000000059e5     0x183f C:/devkitPro/libnds/lib\libnds9.a(fifosystem.o)
 .debug_info    0x0000000000007224       0x23 C:/devkitPro/libnds/lib\libnds9.a(mpu_setup.o)
 .debug_info    0x0000000000007247       0x23 C:/devkitPro/libnds/lib\libnds9.a(IntrWait.o)
 .debug_info    0x000000000000726a       0x24 C:/devkitPro/libnds/lib\libnds9.a(cpu_clock.o)
 .debug_info    0x000000000000728e       0x25 C:/devkitPro/libnds/lib\libnds9.a(interruptDispatcher.o)
 .debug_info    0x00000000000072b3       0x24 C:/devkitPro/libnds/lib\libnds9.a(swiSoftReset.o)
 .debug_info    0x00000000000072d7      0xa9c C:/devkitPro/libnds/lib\libnds9.a(background.o)
 .debug_info    0x0000000000007d73      0x793 C:/devkitPro/libnds/lib\libnds9.a(trig.o)
 .debug_info    0x0000000000008506      0x790 C:/devkitPro/libnds/lib\libnds9.a(video.o)
 .debug_info    0x0000000000008c96      0xa76 C:/devkitPro/libnds/lib\libnds9.a(system.o)
 .debug_info    0x000000000000970c       0x23 C:/devkitPro/libnds/lib\libnds9.a(biosCalls.o)

.debug_abbrev   0x0000000000000000     0x2602
 *(.debug_abbrev)
 .debug_abbrev  0x0000000000000000      0x436 main.o
 .debug_abbrev  0x0000000000000436      0x157 C:/devkitPro/libnds/lib\libnds9.a(touch.o)
 .debug_abbrev  0x000000000000058d      0x5b3 C:/devkitPro/libnds/lib\libnds9.a(console.o)
 .debug_abbrev  0x0000000000000b40      0x1a7 C:/devkitPro/libnds/lib\libnds9.a(keys.o)
 .debug_abbrev  0x0000000000000ce7      0x3e1 C:/devkitPro/libnds/lib\libnds9.a(initSystem.o)
 .debug_abbrev  0x00000000000010c8       0x47 C:/devkitPro/libnds/lib\libnds9.a(securearea.o)
 .debug_abbrev  0x000000000000110f      0x2da C:/devkitPro/libnds/lib\libnds9.a(interrupts.o)
 .debug_abbrev  0x00000000000013e9      0x1ad C:/devkitPro/libnds/lib\libnds9.a(libnds_exit.arm.o)
 .debug_abbrev  0x0000000000001596      0x4bb C:/devkitPro/libnds/lib\libnds9.a(fifosystem.o)
 .debug_abbrev  0x0000000000001a51       0x12 C:/devkitPro/libnds/lib\libnds9.a(mpu_setup.o)
 .debug_abbrev  0x0000000000001a63       0x12 C:/devkitPro/libnds/lib\libnds9.a(IntrWait.o)
 .debug_abbrev  0x0000000000001a75       0x14 C:/devkitPro/libnds/lib\libnds9.a(cpu_clock.o)
 .debug_abbrev  0x0000000000001a89       0x14 C:/devkitPro/libnds/lib\libnds9.a(interruptDispatcher.o)
 .debug_abbrev  0x0000000000001a9d       0x14 C:/devkitPro/libnds/lib\libnds9.a(swiSoftReset.o)
 .debug_abbrev  0x0000000000001ab1      0x366 C:/devkitPro/libnds/lib\libnds9.a(background.o)
 .debug_abbrev  0x0000000000001e17      0x26e C:/devkitPro/libnds/lib\libnds9.a(trig.o)
 .debug_abbrev  0x0000000000002085      0x24c C:/devkitPro/libnds/lib\libnds9.a(video.o)
 .debug_abbrev  0x00000000000022d1      0x31f C:/devkitPro/libnds/lib\libnds9.a(system.o)
 .debug_abbrev  0x00000000000025f0       0x12 C:/devkitPro/libnds/lib\libnds9.a(biosCalls.o)

.debug_line     0x0000000000000000     0x5ec7
 *(.debug_line)
 .debug_line    0x0000000000000000      0x478 main.o
 .debug_line    0x0000000000000478      0x2d4 C:/devkitPro/libnds/lib\libnds9.a(touch.o)
 .debug_line    0x000000000000074c     0x1414 C:/devkitPro/libnds/lib\libnds9.a(console.o)
 .debug_line    0x0000000000001b60      0x399 C:/devkitPro/libnds/lib\libnds9.a(keys.o)
 .debug_line    0x0000000000001ef9      0x597 C:/devkitPro/libnds/lib\libnds9.a(initSystem.o)
 .debug_line    0x0000000000002490       0x8f C:/devkitPro/libnds/lib\libnds9.a(securearea.o)
 .debug_line    0x000000000000251f      0x54c C:/devkitPro/libnds/lib\libnds9.a(interrupts.o)
 .debug_line    0x0000000000002a6b      0x23b C:/devkitPro/libnds/lib\libnds9.a(libnds_exit.arm.o)
 .debug_line    0x0000000000002ca6     0x14f5 C:/devkitPro/libnds/lib\libnds9.a(fifosystem.o)
 .debug_line    0x000000000000419b       0xe8 C:/devkitPro/libnds/lib\libnds9.a(mpu_setup.o)
 .debug_line    0x0000000000004283       0x74 C:/devkitPro/libnds/lib\libnds9.a(IntrWait.o)
 .debug_line    0x00000000000042f7       0x5c C:/devkitPro/libnds/lib\libnds9.a(cpu_clock.o)
 .debug_line    0x0000000000004353       0x80 C:/devkitPro/libnds/lib\libnds9.a(interruptDispatcher.o)
 .debug_line    0x00000000000043d3       0x57 C:/devkitPro/libnds/lib\libnds9.a(swiSoftReset.o)
 .debug_line    0x000000000000442a      0x725 C:/devkitPro/libnds/lib\libnds9.a(background.o)
 .debug_line    0x0000000000004b4f      0x837 C:/devkitPro/libnds/lib\libnds9.a(trig.o)
 .debug_line    0x0000000000005386      0x4b5 C:/devkitPro/libnds/lib\libnds9.a(video.o)
 .debug_line    0x000000000000583b      0x4dc C:/devkitPro/libnds/lib\libnds9.a(system.o)
 .debug_line    0x0000000000005d17      0x1b0 C:/devkitPro/libnds/lib\libnds9.a(biosCalls.o)

.debug_frame    0x0000000000000000      0x9c4
 *(.debug_frame)
 .debug_frame   0x0000000000000000       0x6c main.o
 .debug_frame   0x000000000000006c       0x3c C:/devkitPro/libnds/lib\libnds9.a(touch.o)
 .debug_frame   0x00000000000000a8      0x180 C:/devkitPro/libnds/lib\libnds9.a(console.o)
 .debug_frame   0x0000000000000228       0x8c C:/devkitPro/libnds/lib\libnds9.a(keys.o)
 .debug_frame   0x00000000000002b4       0x5c C:/devkitPro/libnds/lib\libnds9.a(initSystem.o)
 .debug_frame   0x0000000000000310       0xa4 C:/devkitPro/libnds/lib\libnds9.a(interrupts.o)
 .debug_frame   0x00000000000003b4       0x38 C:/devkitPro/libnds/lib\libnds9.a(libnds_exit.arm.o)
 .debug_frame   0x00000000000003ec      0x294 C:/devkitPro/libnds/lib\libnds9.a(fifosystem.o)
 .debug_frame   0x0000000000000680       0xb8 C:/devkitPro/libnds/lib\libnds9.a(background.o)
 .debug_frame   0x0000000000000738       0xd8 C:/devkitPro/libnds/lib\libnds9.a(trig.o)
 .debug_frame   0x0000000000000810       0xbc C:/devkitPro/libnds/lib\libnds9.a(video.o)
 .debug_frame   0x00000000000008cc       0xf8 C:/devkitPro/libnds/lib\libnds9.a(system.o)

.debug_str      0x0000000000000000     0x35b8
 *(.debug_str)
 .debug_str     0x0000000000000000      0xb47 main.o
                                        0xbd6 (size before relaxing)
 .debug_str     0x0000000000000b47      0x222 C:/devkitPro/libnds/lib\libnds9.a(touch.o)
                                        0x332 (size before relaxing)
 .debug_str     0x0000000000000d69      0xb70 C:/devkitPro/libnds/lib\libnds9.a(console.o)
                                       0x1282 (size before relaxing)
 .debug_str     0x00000000000018d9       0xc3 C:/devkitPro/libnds/lib\libnds9.a(keys.o)
                                        0x420 (size before relaxing)
 .debug_str     0x000000000000199c      0x39a C:/devkitPro/libnds/lib\libnds9.a(initSystem.o)
                                        0xb81 (size before relaxing)
 .debug_str     0x0000000000001d36       0x7f C:/devkitPro/libnds/lib\libnds9.a(securearea.o)
                                        0x16e (size before relaxing)
 .debug_str     0x0000000000001db5      0x19c C:/devkitPro/libnds/lib\libnds9.a(interrupts.o)
                                        0x496 (size before relaxing)
 .debug_str     0x0000000000001f51      0x11d C:/devkitPro/libnds/lib\libnds9.a(libnds_exit.arm.o)
                                        0x3e5 (size before relaxing)
 .debug_str     0x000000000000206e      0x476 C:/devkitPro/libnds/lib\libnds9.a(fifosystem.o)
                                        0x8a9 (size before relaxing)
 .debug_str     0x00000000000024e4       0x18 C:/devkitPro/libnds/lib\libnds9.a(mpu_setup.o)
                                         0x6c (size before relaxing)
 .debug_str     0x00000000000024fc        0xb C:/devkitPro/libnds/lib\libnds9.a(IntrWait.o)
                                         0x6b (size before relaxing)
 .debug_str     0x0000000000002507        0xc C:/devkitPro/libnds/lib\libnds9.a(cpu_clock.o)
                                         0x6c (size before relaxing)
 .debug_str     0x0000000000002513       0x16 C:/devkitPro/libnds/lib\libnds9.a(interruptDispatcher.o)
                                         0x76 (size before relaxing)
 .debug_str     0x0000000000002529        0xf C:/devkitPro/libnds/lib\libnds9.a(swiSoftReset.o)
                                         0x6f (size before relaxing)
 .debug_str     0x0000000000002538      0x303 C:/devkitPro/libnds/lib\libnds9.a(background.o)
                                        0x7a2 (size before relaxing)
 .debug_str     0x000000000000283b      0x110 C:/devkitPro/libnds/lib\libnds9.a(trig.o)
                                        0x2fc (size before relaxing)
 .debug_str     0x000000000000294b      0x912 C:/devkitPro/libnds/lib\libnds9.a(video.o)
                                        0xc53 (size before relaxing)
 .debug_str     0x000000000000325d      0x34f C:/devkitPro/libnds/lib\libnds9.a(system.o)