Archive member included to satisfy reference by file (symbol)

C:/devkitPro/libnds/lib\libnds9.a(touch.o)
                              main.o (touchRead)
C:/devkitPro/libnds/lib\libnds9.a(console.o)
                              main.o (consoleDemoInit)
C:/devkitPro/libnds/lib\libnds9.a(keys.o)
                              main.o (scanKeys)
C:/devkitPro/libnds/lib\libnds9.a(initSystem.o)
                              c:/devkitpro/devkitarm/bin/../lib/gcc/arm-none-eabi/11.2.0/../../../../arm-none-eabi/lib/ds_arm9_crt0.o (initSystem)
C:/devkitPro/libnds/lib\libnds9.a(securearea.o)
                              c:/devkitpro/devkitarm/bin/../lib/gcc/arm-none-eabi/11.2.0/../../../../arm-none-eabi/lib/ds_arm9_crt0.o (__secure_area__)
C:/devkitPro/libnds/lib\libnds9.a(interrupts.o)
                              C:/devkitPro/libnds/lib\libnds9.a(initSystem.o) (irqInit)
C:/devkitPro/libnds/lib\libnds9.a(libnds_exit.arm.o)
                              c:/devkitpro/devkitarm/bin/../lib/gcc/arm-none-eabi/11.2.0/../../../../arm-none-eabi/lib/ds_arm9_crt0.o (__libnds_exit)
C:/devkitPro/libnds/lib\libnds9.a(fifosystem.o)
                              C:/devkitPro/libnds/lib\libnds9.a(initSystem.o) (fifoSetValue32Handler)
C:/devkitPro/libnds/lib\libnds9.a(mpu_setup.o)
                              c:/devkitpro/devkitarm/bin/../lib/gcc/arm-none-eabi/11.2.0/../../../../arm-none-eabi/lib/ds_arm9_crt0.o (__libnds_mpu_setup)
C:/devkitPro/libnds/lib\libnds9.a(IntrWait.o)
                              main.o (swiWaitForVBlank)
C:/devkitPro/libnds/lib\libnds9.a(cpu_clock.o)
                              C:/devkitPro/libnds/lib\libnds9.a(initSystem.o) (setCpuClock)
C:/devkitPro/libnds/lib\libnds9.a(interruptDispatcher.o)
                              C:/devkitPro/libnds/lib\libnds9.a(interrupts.o) (IntrMain)
C:/devkitPro/libnds/lib\libnds9.a(debugprint.o)
                              C:/devkitPro/libnds/lib\libnds9.a(console.o) (nocashWrite)
C:/devkitPro/libnds/lib\libnds9.a(swiSoftReset.o)
                              C:/devkitPro/libnds/lib\libnds9.a(fifosystem.o) (swiSoftReset)
C:/devkitPro/libnds/lib\libnds9.a(default_font.bin.o)
                              C:/devkitPro/libnds/lib\libnds9.a(console.o) (default_font_bin)
C:/devkitPro/libnds/lib\libnds9.a(background.o)
                              C:/devkitPro/libnds/lib\libnds9.a(console.o) (bgState)
C:/devkitPro/libnds/lib\libnds9.a(trig.o)
                              C:/devkitPro/libnds/lib\libnds9.a(background.o) (sinLerp)
C:/devkitPro/libnds/lib\libnds9.a(video.o)
                              C:/devkitPro/libnds/lib\libnds9.a(initSystem.o) (vramDefault)
C:/devkitPro/libnds/lib\libnds9.a(system.o)
                              C:/devkitPro/libnds/lib\libnds9.a(initSystem.o) (systemValueHandler)
C:/devkitPro/libnds/lib\libnds9.a(biosCalls.o)
                              C:/devkitPro/libnds/lib\libnds9.a(system.o) (swiDelay)
c:/devkitpro/devkitarm/bin/../lib/gcc/arm-none-eabi/11.2.0/../../../../arm-none-eabi/lib\libstdc++.a(del_ops.o)
                              groner.o (operator delete(void*, unsigned int))
c:/devkitpro/devkitarm/bin/../lib/gcc/arm-none-eabi/11.2.0/../../../../arm-none-eabi/lib\libstdc++.a(new_op.o)
                              groner.o (operator new(unsigned int))
c:/devkitpro/devkitarm/bin/../lib/gcc/arm-none-eabi/11.2.0/../../../../arm-none-eabi/lib\libstdc++.a(functexcept.o)
                              groner.o (std::__throw_length_error(char const*))
c:/devkitpro/devkitarm/bin/../lib/gcc/arm-none-eabi/11.2.0/../../../../arm-none-eabi/lib\libstdc++.a(snprintf_lite.o)
                              c:/devkitpro/devkitarm/bin/../lib/gcc/arm-none-eabi/11.2.0/../../../../arm-none-eabi/lib\libstdc++.a(functexcept.o) (__gnu_cxx::__snprintf_lite(char*, unsigned int, char const*, std::__va_list))
c:/devkitpro/devkitarm/bin/../lib/gcc/arm-none-eabi/11.2.0/../../../../arm-none-eabi/lib\libstdc++.a(bad_alloc.o)
                              c:/devkitpro/devkitarm/bin/../lib/gcc/arm-none-eabi/11.2.0/../../../../arm-none-eabi/lib\libstdc++.a(new_op.o) (std::bad_alloc::~bad_alloc())
c:/devkitpro/devkitarm/bin/../lib/gcc/arm-none-eabi/11.2.0/../../../../arm-none-eabi/lib\libstdc++.a(bad_array_new.o)
                              c:/devkitpro/devkitarm/bin/../lib/gcc/arm-none-eabi/11.2.0/../../../../arm-none-eabi/lib\libstdc++.a(functexcept.o) (std::bad_array_new_length::~bad_array_new_length())
c:/devkitpro/devkitarm/bin/../lib/gcc/arm-none-eabi/11.2.0/../../../../arm-none-eabi/lib\libstdc++.a(bad_cast.o)
                              c:/devkitpro/devkitarm/bin/../lib/gcc/arm-none-eabi/11.2.0/../../../../arm-none-eabi/lib\libstdc++.a(functexcept.o) (std::bad_cast::~bad_cast())
c:/devkitpro/devkitarm/bin/../lib/gcc/arm-none-eabi/11.2.0/../../../../arm-none-eabi/lib\libstdc++.a(bad_typeid.o)
[...]
Memory Configuration

Name             Origin             Length             Attributes
ewram            0x0000000002000000 0x0000000000380000
dtcm             0x0000000002ff0000 0x0000000000004000
vectors          0x0000000001000000 0x0000000000000100
itcm             0x0000000001000100 0x0000000000007f00
*default*        0x0000000000000000 0xffffffffffffffff

Linker script and memory map

                0x0000000002380000                __ewram_end = (ORIGIN (ewram) + LENGTH (ewram))
                0x0000000002380000                __eheap_end = (ORIGIN (ewram) + LENGTH (ewram))
                0x0000000002ff4000                __dtcm_top = (ORIGIN (dtcm) + LENGTH (dtcm))
                0x0000000002ff3ff8                __irq_flags = (__dtcm_top - 0x8)
                0x0000000002ff3ffc                __irq_vector = (__dtcm_top - 0x4)
                0x0000000002ff3f00                __sp_svc = (__dtcm_top - 0x100)
                0x0000000002ff3e00                __sp_irq = (__sp_svc - 0x100)
                0x0000000002ff3d00                __sp_usr = (__sp_irq - 0x100)

.secure         0x0000000002000000      0x800
 *(.secure)
 .secure        0x0000000002000000      0x800 C:/devkitPro/libnds/lib\libnds9.a(securearea.o)
                0x0000000002000000                __secure_area__

.crt0           0x0000000002000800      0x300
                0x0000000002000800                __text_start = .
 *(.crt0)
 .crt0          0x0000000002000800      0x300 c:/devkitpro/devkitarm/bin/../lib/gcc/arm-none-eabi/11.2.0/../../../../arm-none-eabi/lib/ds_arm9_crt0.o
                0x0000000002000800                _start
                0x0000000002000b00                . = ALIGN (0x4)

.plt
 *(.plt)

.init           0x0000000002000b00       0x18
 *(SORT_NONE(.init))
 .init          0x0000000002000b00        0xc c:/devkitpro/devkitarm/bin/../lib/gcc/arm-none-eabi/11.2.0/crti.o
                0x0000000002000b00                _init
 .init          0x0000000002000b0c        0xc c:/devkitpro/devkitarm/bin/../lib/gcc/arm-none-eabi/11.2.0/crtn.o

.text           0x0000000002000b18    0x10978
 *(EXCLUDE_FILE(*.twl* *.vectors* *.itcm*) .text)
 .text          0x0000000002000b18     0x1014 groner.o
                0x0000000002000b18                gro::smoothVertices(std::vector<gro::vertex, std::allocator<gro::vertex> >&)
                0x0000000002000b8c                gro::recognizeNumeric(std::vector<gro::vertex, std::allocator<gro::vertex> >&, std::vector<gro::direction4, std::allocator<gro::direction4> >&, std::vector<unsigned int, std::allocator<unsigned int> >&)
                0x0000000002000e60                gro::thinVertices(std::vector<gro::vertex, std::allocator<gro::vertex> >&, unsigned short)
                0x0000000002000ff4                gro::findDirectionChanges(std::vector<gro::direction4, std::allocator<gro::direction4> >&)
                0x00000000020010b8                gro::findDirections4(std::vector<gro::vertex, std::allocator<gro::vertex> >&)
                0x00000000020011e4                gro::findDirectionChanges(std::vector<gro::vertex, std::allocator<gro::vertex> >&)
                0x00000000020012c4                gro::findDirections16(std::vector<gro::vertex, std::allocator<gro::vertex> >&)
                0x00000000020015a4                gro::findCorners(std::vector<gro::direction16, std::allocator<gro::direction16> >&)
                0x000000000200168c                gro::recognizeNumeric(std::vector<gro::vertex, std::allocator<gro::vertex> >&)
                0x0000000002001a28                gro::findCorners(std::vector<gro::vertex, std::allocator<gro::vertex> >&)
 .text          0x0000000002001b2c      0x148 c:/devkitpro/devkitarm/bin/../lib/gcc/arm-none-eabi/11.2.0\libgcc.a(_divsi3.o)
                0x0000000002001b2c                __divsi3
                0x0000000002001b2c                __aeabi_idiv
                0x0000000002001c54                __aeabi_idivmod
 .text          0x0000000002001c74        0x4 c:/devkitpro/devkitarm/bin/../lib/gcc/arm-none-eabi/11.2.0\libgcc.a(_dvmd_tls.o)
                0x0000000002001c74                __aeabi_idiv0
                0x0000000002001c74                __aeabi_ldiv0
 .text          0x0000000002001c78      0x1b0 c:/devkitpro/devkitarm/bin/../lib/gcc/arm-none-eabi/11.2.0\libgcc.a(libunwind.o)
                0x0000000002001c78                __restore_core_regs
                0x0000000002001c78                restore_core_regs
                0x0000000002001c94                __gnu_Unwind_Restore_VFP
                0x0000000002001c9c                __gnu_Unwind_Save_VFP
                0x0000000002001ca4                __gnu_Unwind_Restore_VFP_D
                0x0000000002001cac                __gnu_Unwind_Save_VFP_D
                0x0000000002001cb4                __gnu_Unwind_Restore_VFP_D_16_to_31
                0x0000000002001cbc                __gnu_Unwind_Save_VFP_D_16_to_31
                0x0000000002001cc4                __gnu_Unwind_Restore_WMMXD
                0x0000000002001d08                __gnu_Unwind_Save_WMMXD
                0x0000000002001d4c                __gnu_Unwind_Restore_WMMXC
                0x0000000002001d60                __gnu_Unwind_Save_WMMXC
                0x0000000002001d74                ___Unwind_RaiseException
                0x0000000002001d74                _Unwind_RaiseException
                0x0000000002001d98                _Unwind_Resume
                0x0000000002001d98                ___Unwind_Resume
                0x0000000002001dbc                _Unwind_Resume_or_Rethrow
                0x0000000002001dbc                ___Unwind_Resume_or_Rethrow
                0x0000000002001de0                _Unwind_ForcedUnwind
                0x0000000002001de0                ___Unwind_ForcedUnwind
                0x0000000002001e04                ___Unwind_Backtrace
                0x0000000002001e04                _Unwind_Backtrace
 .text          0x0000000002001e28      0x224 c:/devkitpro/devkitarm/bin/../lib/gcc/arm-none-eabi/11.2.0/../../../../arm-none-eabi/lib\libg.a(lib_a-strcmp.o)
                0x0000000002001e28                strcmp
 .text          0x000000000200204c      0x114 c:/devkitpro/devkitarm/bin/../lib/gcc/arm-none-eabi/11.2.0\libgcc.a(_udivsi3.o)
                0x000000000200204c                __aeabi_uidiv
                0x000000000200204c                __udivsi3
                0x0000000002002140                __aeabi_uidivmod
 .text          0x0000000002002160       0x3c c:/devkitpro/devkitarm/bin/../lib/gcc/arm-none-eabi/11.2.0\libgcc.a(_aeabi_uldivmod.o)
                0x0000000002002160                __aeabi_uldivmod
 .text          0x000000000200219c       0x28 c:/devkitpro/devkitarm/bin/../lib/gcc/arm-none-eabi/11.2.0\libgcc.a(_clzdi2.o)
                0x000000000200219c                __clzdi2
 .text          0x00000000020021c4       0x48 c:/devkitpro/devkitarm/bin/../lib/gcc/arm-none-eabi/11.2.0\libgcc.a(_clzsi2.o)
                0x00000000020021c4                __clzsi2
 *(EXCLUDE_FILE(*.twl* *.vectors* *.itcm*) .stub)
 *(EXCLUDE_FILE(*.twl* *.vectors* *.itcm*) .text.*)
 .text.__do_global_dtors_aux
                0x000000000200220c       0x40 c:/devkitpro/devkitarm/bin/../lib/gcc/arm-none-eabi/11.2.0/crtbegin.o
 .text.frame_dummy
                0x000000000200224c       0x30 c:/devkitpro/devkitarm/bin/../lib/gcc/arm-none-eabi/11.2.0/crtbegin.o
 .text._ZNSt6vectorIjSaIjEE17_M_realloc_insertIJRKjEEEvN9__gnu_cxx17__normal_iteratorIPjS1_EEDpOT_
                0x000000000200227c      0x128 groner.o
                0x000000000200227c                void std::vector<unsigned int, std::allocator<unsigned int> >::_M_realloc_insert<unsigned int const&>(__gnu_cxx::__normal_iterator<unsigned int*, std::vector<unsigned int, std::allocator<unsigned int> > >, unsigned int const&)
 .text._ZNSt6vectorIN3gro10direction4ESaIS1_EE17_M_realloc_insertIJRKS1_EEEvN9__gnu_cxx17__normal_iteratorIPS1_S3_EEDpOT_
                0x00000000020023a4      0x128 groner.o
                0x00000000020023a4                void std::vector<gro::direction4, std::allocator<gro::direction4> >::_M_realloc_insert<gro::direction4 const&>(__gnu_cxx::__normal_iterator<gro::direction4*, std::vector<gro::direction4, std::allocator<gro::direction4> > >, gro::direction4 const&)
 .text._ZNSt6vectorIN3gro10direction4ESaIS1_EE17_M_realloc_insertIJS1_EEEvN9__gnu_cxx17__normal_iteratorIPS1_S3_EEDpOT_
                0x00000000020024cc      0x128 groner.o
                0x00000000020024cc                void std::vector<gro::direction4, std::allocator<gro::direction4> >::_M_realloc_insert<gro::direction4>(__gnu_cxx::__normal_iterator<gro::direction4*, std::vector<gro::direction4, std::allocator<gro::direction4> > >, gro::direction4&&)
 .text._ZNSt6vectorIN3gro11direction16ESaIS1_EE17_M_realloc_insertIJS1_EEEvN9__gnu_cxx17__normal_iteratorIPS1_S3_EEDpOT_
                0x00000000020025f4      0x128 groner.o
                0x00000000020025f4                void std::vector<gro::direction16, std::allocator<gro::direction16> >::_M_realloc_insert<gro::direction16>(__gnu_cxx::__normal_iterator<gro::direction16*, std::vector<gro::direction16, std::allocator<gro::direction16> > >, gro::direction16&&)
 .text._ZNSt6vectorIjSaIjEE17_M_realloc_insertIJjEEEvN9__gnu_cxx17__normal_iteratorIPjS1_EEDpOT_
                0x000000000200271c      0x128 groner.o
                0x000000000200271c                void std::vector<unsigned int, std::allocator<unsigned int> >::_M_realloc_insert<unsigned int>(__gnu_cxx::__normal_iterator<unsigned int*, std::vector<unsigned int, std::allocator<unsigned int> > >, unsigned int&&)
 .text.startup  0x0000000002002844      0x2e8 main.o
                0x0000000002002844                main
 .text.touchRead
                0x0000000002002b2c       0x24 C:/devkitPro/libnds/lib\libnds9.a(touch.o)
                0x0000000002002b2c                touchRead
 .text.newRow   0x0000000002002b50       0xa8 C:/devkitPro/libnds/lib\libnds9.a(console.o)
 .text.consolePrintChar
                0x0000000002002bf8       0xe0 C:/devkitPro/libnds/lib\libnds9.a(console.o)
                0x0000000002002bf8                consolePrintChar
 .text.con_write
                0x0000000002002cd8      0x36c C:/devkitPro/libnds/lib\libnds9.a(console.o)
                0x0000000002002cd8                con_write
 .text.consoleLoadFont
                0x0000000002003044      0x2a0 C:/devkitPro/libnds/lib\libnds9.a(console.o)
                0x0000000002003044                consoleLoadFont
 .text.consoleInit
                0x00000000020032e4      0x18c C:/devkitPro/libnds/lib\libnds9.a(console.o)
                0x00000000020032e4                consoleInit
 .text.consoleDemoInit
                0x0000000002003470       0x40 C:/devkitPro/libnds/lib\libnds9.a(console.o)
                0x0000000002003470                consoleDemoInit
 .text.consoleClear
                0x00000000020034b0       0x10 C:/devkitPro/libnds/lib\libnds9.a(console.o)
                0x00000000020034b0                consoleClear
 .text.scanKeys
                0x00000000020034c0       0x8c C:/devkitPro/libnds/lib\libnds9.a(keys.o)
                0x00000000020034c0                scanKeys
 .text.keysHeld
                0x000000000200354c        0xc C:/devkitPro/libnds/lib\libnds9.a(keys.o)
                0x000000000200354c                keysHeld
 .text.__syscall_exit
                0x0000000002003558        0x8 C:/devkitPro/libnds/lib\libnds9.a(initSystem.o)
                0x0000000002003558                __syscall_exit
 .text.initSystem
                0x0000000002003560      0x180 C:/devkitPro/libnds/lib\libnds9.a(initSystem.o)
                0x0000000002003560                initSystem
 .text.irqDummy
                0x00000000020036e0        0x4 C:/devkitPro/libnds/lib\libnds9.a(interrupts.o)
                0x00000000020036e0                irqDummy
 .text.irqSet   0x00000000020036e4       0x6c C:/devkitPro/libnds/lib\libnds9.a(interrupts.o)
                0x00000000020036e4                irqSet
 .text.irqInit  0x0000000002003750       0x50 C:/devkitPro/libnds/lib\libnds9.a(interrupts.o)
                0x0000000002003750                irqInit
 .text.irqEnable
                0x00000000020037a0       0x64 C:/devkitPro/libnds/lib\libnds9.a(interrupts.o)
                0x00000000020037a0                irqEnable
 .text.systemErrorExit
                0x0000000002003804        0x4 C:/devkitPro/libnds/lib\libnds9.a(libnds_exit.arm.o)
                0x0000000002003804                systemErrorExit
 .text.__libnds_exit
                0x0000000002003808       0x5c C:/devkitPro/libnds/lib\libnds9.a(libnds_exit.arm.o)
                0x0000000002003808                __libnds_exit
 .text.fifo_queueBlock
                0x0000000002003864       0x44 C:/devkitPro/libnds/lib\libnds9.a(fifosystem.o)
 .text.fifo_waitBlock
                0x00000000020038a8       0x80 C:/devkitPro/libnds/lib\libnds9.a(fifosystem.o)
 .text.fifoInternalSend.part.0
                0x0000000002003928       0xd4 C:/devkitPro/libnds/lib\libnds9.a(fifosystem.o)
 .text.fifoInternalSendInterrupt
                0x00000000020039fc       0xb0 C:/devkitPro/libnds/lib\libnds9.a(fifosystem.o)
 .text.fifoSetValue32Handler
                0x0000000002003aac       0xd4 C:/devkitPro/libnds/lib\libnds9.a(fifosystem.o)
                0x0000000002003aac                fifoSetValue32Handler
 .text.fifoSendValue32
                0x0000000002003b80       0x4c C:/devkitPro/libnds/lib\libnds9.a(fifosystem.o)
                0x0000000002003b80                fifoSendValue32
 .text.fifoGetDatamsg
                0x0000000002003bcc       0xf4 C:/devkitPro/libnds/lib\libnds9.a(fifosystem.o)
                0x0000000002003bcc                fifoGetDatamsg
 .text.fifoInternalRecvInterrupt
                0x0000000002003cc0      0x37c C:/devkitPro/libnds/lib\libnds9.a(fifosystem.o)
 .text.fifoSetDatamsgHandler
                0x000000000200403c       0x9c C:/devkitPro/libnds/lib\libnds9.a(fifosystem.o)
                0x000000000200403c                fifoSetDatamsgHandler
 .text.fifoInit
                0x00000000020040d8      0x108 C:/devkitPro/libnds/lib\libnds9.a(fifosystem.o)
                0x00000000020040d8                fifoInit
 .text.__libnds_mpu_setup
                0x00000000020041e0      0x174 C:/devkitPro/libnds/lib\libnds9.a(mpu_setup.o)
                0x00000000020041e0                __libnds_mpu_setup
 .text.memUncached
                0x0000000002004354       0x20 C:/devkitPro/libnds/lib\libnds9.a(mpu_setup.o)
                0x0000000002004354                memUncached
 .text.swiWaitForVBlank
                0x0000000002004374        0x8 C:/devkitPro/libnds/lib\libnds9.a(IntrWait.o)
                0x0000000002004374                swiWaitForVBlank
 .text.swiIntrWait
                0x000000000200437c       0x70 C:/devkitPro/libnds/lib\libnds9.a(IntrWait.o)
                0x000000000200437c                swiIntrWait
 .text.setCpuClock
                0x00000000020043ec       0x50 C:/devkitPro/libnds/lib\libnds9.a(cpu_clock.o)
                0x00000000020043ec                setCpuClock
 .text.swiSoftReset
                0x000000000200443c       0x2c C:/devkitPro/libnds/lib\libnds9.a(swiSoftReset.o)
                0x000000000200443c                swiSoftReset
 .text.checkIfText
                0x0000000002004468       0x5c C:/devkitPro/libnds/lib\libnds9.a(background.o)
                0x0000000002004468                checkIfText
 .text.bgUpdate
                0x00000000020044c4       0xf4 C:/devkitPro/libnds/lib\libnds9.a(background.o)
                0x00000000020044c4                bgUpdate
 .text.bgInit_call
                0x00000000020045b8       0xc4 C:/devkitPro/libnds/lib\libnds9.a(background.o)
                0x00000000020045b8                bgInit_call
 .text.bgInitSub_call
                0x000000000200467c       0xcc C:/devkitPro/libnds/lib\libnds9.a(background.o)
                0x000000000200467c                bgInitSub_call
 .text.sinLutLookup
                0x0000000002004748       0x4c C:/devkitPro/libnds/lib\libnds9.a(trig.o)
                0x0000000002004748                sinLutLookup
 .text.sinLerp  0x0000000002004794       0x40 C:/devkitPro/libnds/lib\libnds9.a(trig.o)
                0x0000000002004794                sinLerp
 .text.cosLerp  0x00000000020047d4       0x4c C:/devkitPro/libnds/lib\libnds9.a(trig.o)
                0x00000000020047d4                cosLerp
 .text.vramDefault
                0x0000000002004820       0xd0 C:/devkitPro/libnds/lib\libnds9.a(video.o)
                0x0000000002004820                vramDefault
 .text.systemValueHandler
                0x00000000020048f0       0x48 C:/devkitPro/libnds/lib\libnds9.a(system.o)
                0x00000000020048f0                systemValueHandler
 .text.systemMsgHandler
                0x0000000002004938       0x60 C:/devkitPro/libnds/lib\libnds9.a(system.o)
                0x0000000002004938                systemMsgHandler
 .text.powerOn  0x0000000002004998       0x2c C:/devkitPro/libnds/lib\libnds9.a(system.o)
                0x0000000002004998                powerOn
 .text.swiDelay
                0x00000000020049c4        0x4 C:/devkitPro/libnds/lib\libnds9.a(biosCalls.o)
                0x00000000020049c4                swiDelay
 .text._ZdlPvj  0x00000000020049c8       0x10 c:/devkitpro/devkitarm/bin/../lib/gcc/arm-none-eabi/11.2.0/../../../../arm-none-eabi/lib\libstdc++.a(del_ops.o)
                0x00000000020049c8                operator delete(void*, unsigned int)
 .text._Znwj    0x00000000020049d8       0x68 c:/devkitpro/devkitarm/bin/../lib/gcc/arm-none-eabi/11.2.0/../../../../arm-none-eabi/lib\libstdc++.a(new_op.o)
                0x00000000020049d8                operator new(unsigned int)
 .text.unlikely._ZSt17__throw_bad_allocv
                0x0000000002004a40       0x2c c:/devkitpro/devkitarm/bin/../lib/gcc/arm-none-eabi/11.2.0/../../../../arm-none-eabi/lib\libstdc++.a(functexcept.o)
                0x0000000002004a40                std::__throw_bad_alloc()
 .text.unlikely._ZSt19__throw_logic_errorPKc
                0x0000000002004a6c       0x40 c:/devkitpro/devkitarm/bin/../lib/gcc/arm-none-eabi/11.2.0/../../../../arm-none-eabi/lib\libstdc++.a(functexcept.o)
                0x0000000002004a6c                std::__throw_logic_error(char const*)
 .text.unlikely._ZSt20__throw_length_errorPKc
                0x0000000002004aac       0x40 c:/devkitpro/devkitarm/bin/../lib/gcc/arm-none-eabi/11.2.0/../../../../arm-none-eabi/lib\libstdc++.a(functexcept.o)
                0x0000000002004aac                std::__throw_length_error(char const*)
 .text._ZNKSt9bad_alloc4whatEv
                0x0000000002004aec        0xc c:/devkitpro/devkitarm/bin/../lib/gcc/arm-none-eabi/11.2.0/../../../../arm-none-eabi/lib\libstdc++.a(bad_alloc.o)
                0x0000000002004aec                std::bad_alloc::what() const
 .text._ZNSt9bad_allocD2Ev
                0x0000000002004af8       0x24 c:/devkitpro/devkitarm/bin/../lib/gcc/arm-none-eabi/11.2.0/../../../../arm-none-eabi/lib\libstdc++.a(bad_alloc.o)
                0x0000000002004af8                std::bad_alloc::~bad_alloc()
                0x0000000002004af8                std::bad_alloc::~bad_alloc()
 .text._ZNSt9bad_allocD0Ev
                0x0000000002004b1c       0x30 c:/devkitpro/devkitarm/bin/../lib/gcc/arm-none-eabi/11.2.0/../../../../arm-none-eabi/lib\libstdc++.a(bad_alloc.o)
                0x0000000002004b1c                std::bad_alloc::~bad_alloc()
 .text._ZdlPv   0x0000000002004b4c       0x10 c:/devkitpro/devkitarm/bin/../lib/gcc/arm-none-eabi/11.2.0/../../../../arm-none-eabi/lib\libstdc++.a(del_op.o)
                0x0000000002004b4c                operator delete(void*)
 .text._ZN12_GLOBAL__N_14pool4freeEPv.constprop.0
                0x0000000002004b5c       0xdc c:/devkitpro/devkitarm/bin/../lib/gcc/arm-none-eabi/11.2.0/../../../../arm-none-eabi/lib\libstdc++.a(eh_alloc.o)
 .text._ZN12_GLOBAL__N_14pool8allocateEj.constprop.0
                0x0000000002004c38       0x9c c:/devkitpro/devkitarm/bin/../lib/gcc/arm-none-eabi/11.2.0/../../../../arm-none-eabi/lib\libstdc++.a(eh_alloc.o)
 .text.__cxa_allocate_exception
                0x0000000002004cd4       0x48 c:/devkitpro/devkitarm/bin/../lib/gcc/arm-none-eabi/11.2.0/../../../../arm-none-eabi/lib\libstdc++.a(eh_alloc.o)
                0x0000000002004cd4                __cxa_allocate_exception
 .text.__cxa_free_exception
                0x0000000002004d1c       0x38 c:/devkitpro/devkitarm/bin/../lib/gcc/arm-none-eabi/11.2.0/../../../../arm-none-eabi/lib\libstdc++.a(eh_alloc.o)
                0x0000000002004d1c                __cxa_free_exception
 .text.startup._GLOBAL__sub_I__ZN9__gnu_cxx9__freeresEv
                0x0000000002004d54       0x44 c:/devkitpro/devkitarm/bin/../lib/gcc/arm-none-eabi/11.2.0/../../../../arm-none-eabi/lib\libstdc++.a(eh_alloc.o)
 .text.__cxa_end_cleanup
                0x0000000002004d98       0x10 c:/devkitpro/devkitarm/bin/../lib/gcc/arm-none-eabi/11.2.0/../../../../arm-none-eabi/lib\libstdc++.a(eh_arm.o)
                0x0000000002004d98                __cxa_end_cleanup
 .text.__cxa_type_match
                0x0000000002004da8      0x140 c:/devkitpro/devkitarm/bin/../lib/gcc/arm-none-eabi/11.2.0/../../../../arm-none-eabi/lib\libstdc++.a(eh_arm.o)
                0x0000000002004da8                __cxa_type_match
 .text.__cxa_begin_cleanup
                0x0000000002004ee8       0xbc c:/devkitpro/devkitarm/bin/../lib/gcc/arm-none-eabi/11.2.0/../../../../arm-none-eabi/lib\libstdc++.a(eh_arm.o)
                0x0000000002004ee8                __cxa_begin_cleanup
 .text.__gnu_end_cleanup
                0x0000000002004fa4       0xbc c:/devkitpro/devkitarm/bin/../lib/gcc/arm-none-eabi/11.2.0/../../../../arm-none-eabi/lib\libstdc++.a(eh_arm.o)
                0x0000000002004fa4                __gnu_end_cleanup
 .text._ZNSt9exceptionD2Ev
                0x0000000002005060        0x4 c:/devkitpro/devkitarm/bin/../lib/gcc/arm-none-eabi/11.2.0/../../../../arm-none-eabi/lib\libstdc++.a(eh_exception.o)
                0x0000000002005060                std::exception::~exception()
                0x0000000002005060                std::exception::~exception()
 .text._ZNSt13bad_exceptionD2Ev
                0x0000000002005064        0x4 c:/devkitpro/devkitarm/bin/../lib/gcc/arm-none-eabi/11.2.0/../../../../arm-none-eabi/lib\libstdc++.a(eh_exception.o)
                0x0000000002005064                std::bad_exception::~bad_exception()
                0x0000000002005064                std::bad_exception::~bad_exception()
 .text._ZNKSt13bad_exception4whatEv
                0x0000000002005068        0xc c:/devkitpro/devkitarm/bin/../lib/gcc/arm-none-eabi/11.2.0/../../../../arm-none-eabi/lib\libstdc++.a(eh_exception.o)
                0x0000000002005068                std::bad_exception::what() const
                0x0000000002005068                transaction clone for std::bad_exception::what() const
 .text._ZNSt13bad_exceptionD0Ev
                0x0000000002005074       0x1c c:/devkitpro/devkitarm/bin/../lib/gcc/arm-none-eabi/11.2.0/../../../../arm-none-eabi/lib\libstdc++.a(eh_exception.o)
                0x0000000002005074                std::bad_exception::~bad_exception()
 .text.__cxa_get_globals_fast
                0x0000000002005090        0xc c:/devkitpro/devkitarm/bin/../lib/gcc/arm-none-eabi/11.2.0/../../../../arm-none-eabi/lib\libstdc++.a(eh_globals.o)
                0x0000000002005090                __cxa_get_globals_fast
 .text.__cxa_get_globals
                0x000000000200509c        0xc c:/devkitpro/devkitarm/bin/../lib/gcc/arm-none-eabi/11.2.0/../../../../arm-none-eabi/lib\libstdc++.a(eh_globals.o)
                0x000000000200509c                __cxa_get_globals
 .text._ZL28read_encoded_value_with_basehjPKhPj
                0x00000000020050a8      0x174 c:/devkitpro/devkitarm/bin/../lib/gcc/arm-none-eabi/11.2.0/../../../../arm-none-eabi/lib\libstdc++.a(eh_personality.o)
 .text._ZL21base_of_encoded_valuehP15_Unwind_Context
                0x000000000200521c       0x80 c:/devkitpro/devkitarm/bin/../lib/gcc/arm-none-eabi/11.2.0/../../../../arm-none-eabi/lib\libstdc++.a(eh_personality.o)
 .text._ZL17parse_lsda_headerP15_Unwind_ContextPKhP16lsda_header_info
                0x000000000200529c       0xd8 c:/devkitpro/devkitarm/bin/../lib/gcc/arm-none-eabi/11.2.0/../../../../arm-none-eabi/lib\libstdc++.a(eh_personality.o)
 .text.__gxx_personality_v0
                0x0000000002005374      0x6fc c:/devkitpro/devkitarm/bin/../lib/gcc/arm-none-eabi/11.2.0/../../../../arm-none-eabi/lib\libstdc++.a(eh_personality.o)
                0x0000000002005374                __gxx_personality_v0
 .text._ZN10__cxxabiv111__terminateEPFvvE
                0x0000000002005a70       0x18 c:/devkitpro/devkitarm/bin/../lib/gcc/arm-none-eabi/11.2.0/../../../../arm-none-eabi/lib\libstdc++.a(eh_terminate.o)
                0x0000000002005a70                __cxxabiv1::__terminate(void (*)())
 .text._ZSt9terminatev
                0x0000000002005a88       0x14 c:/devkitpro/devkitarm/bin/../lib/gcc/arm-none-eabi/11.2.0/../../../../arm-none-eabi/lib\libstdc++.a(eh_terminate.o)
                0x0000000002005a88                std::terminate()
 .text._ZN10__cxxabiv112__unexpectedEPFvvE
                0x0000000002005a9c       0x10 c:/devkitpro/devkitarm/bin/../lib/gcc/arm-none-eabi/11.2.0/../../../../arm-none-eabi/lib\libstdc++.a(eh_terminate.o)
                0x0000000002005a9c                __cxxabiv1::__unexpected(void (*)())
 .text._ZSt10unexpectedv
                0x0000000002005aac       0x14 c:/devkitpro/devkitarm/bin/../lib/gcc/arm-none-eabi/11.2.0/../../../../arm-none-eabi/lib\libstdc++.a(eh_terminate.o)
                0x0000000002005aac                std::unexpected()
 .text._ZSt13get_terminatev
                0x0000000002005ac0       0x10 c:/devkitpro/devkitarm/bin/../lib/gcc/arm-none-eabi/11.2.0/../../../../arm-none-eabi/lib\libstdc++.a(eh_terminate.o)
                0x0000000002005ac0                std::get_terminate()
 .text._ZSt14get_unexpectedv
                0x0000000002005ad0       0x10 c:/devkitpro/devkitarm/bin/../lib/gcc/arm-none-eabi/11.2.0/../../../../arm-none-eabi/lib\libstdc++.a(eh_terminate.o)
                0x0000000002005ad0                std::get_unexpected()
 .text._ZL23__gxx_exception_cleanup19_Unwind_Reason_CodeP21_Unwind_Control_Block
                0x0000000002005ae0       0x58 c:/devkitpro/devkitarm/bin/../lib/gcc/arm-none-eabi/11.2.0/../../../../arm-none-eabi/lib\libstdc++.a(eh_throw.o)
 .text.__cxa_init_primary_exception
                0x0000000002005b38       0x74 c:/devkitpro/devkitarm/bin/../lib/gcc/arm-none-eabi/11.2.0/../../../../arm-none-eabi/lib\libstdc++.a(eh_throw.o)
                0x0000000002005b38                __cxa_init_primary_exception
 .text.__cxa_throw
                0x0000000002005bac       0x54 c:/devkitpro/devkitarm/bin/../lib/gcc/arm-none-eabi/11.2.0/../../../../arm-none-eabi/lib\libstdc++.a(eh_throw.o)
                0x0000000002005bac                __cxa_throw
 .text.__cxa_rethrow
                0x0000000002005c00       0xb0 c:/devkitpro/devkitarm/bin/../lib/gcc/arm-none-eabi/11.2.0/../../../../arm-none-eabi/lib\libstdc++.a(eh_throw.o)
                0x0000000002005c00                __cxa_rethrow
 .text._ZSt15get_new_handlerv
                0x0000000002005cb0       0x10 c:/devkitpro/devkitarm/bin/../lib/gcc/arm-none-eabi/11.2.0/../../../../arm-none-eabi/lib\libstdc++.a(new_handler.o)
                0x0000000002005cb0                std::get_new_handler()
 .text._ZN10__cxxabiv120__si_class_type_infoD2Ev
                0x0000000002005cc0       0x24 c:/devkitpro/devkitarm/bin/../lib/gcc/arm-none-eabi/11.2.0/../../../../arm-none-eabi/lib\libstdc++.a(si_class_type_info.o)
                0x0000000002005cc0                __cxxabiv1::__si_class_type_info::~__si_class_type_info()
                0x0000000002005cc0                __cxxabiv1::__si_class_type_info::~__si_class_type_info()
 .text._ZN10__cxxabiv120__si_class_type_infoD0Ev
                0x0000000002005ce4       0x30 c:/devkitpro/devkitarm/bin/../lib/gcc/arm-none-eabi/11.2.0/../../../../arm-none-eabi/lib\libstdc++.a(si_class_type_info.o)
                0x0000000002005ce4                __cxxabiv1::__si_class_type_info::~__si_class_type_info()
 .text._ZNK10__cxxabiv120__si_class_type_info20__do_find_public_srcEiPKvPKNS_17__class_type_infoES2_
                0x0000000002005d14       0x70 c:/devkitpro/devkitarm/bin/../lib/gcc/arm-none-eabi/11.2.0/../../../../arm-none-eabi/lib\libstdc++.a(si_class_type_info.o)
                0x0000000002005d14                __cxxabiv1::__si_class_type_info::__do_find_public_src(int, void const*, __cxxabiv1::__class_type_info const*, void const*) const
 .text._ZNK10__cxxabiv120__si_class_type_info12__do_dyncastEiNS_17__class_type_info10__sub_kindEPKS1_PKvS4_S6_RNS1_16__dyncast_resultE
                0x0000000002005d84       0xe4 c:/devkitpro/devkitarm/bin/../lib/gcc/arm-none-eabi/11.2.0/../../../../arm-none-eabi/lib\libstdc++.a(si_class_type_info.o)
                0x0000000002005d84                __cxxabiv1::__si_class_type_info::__do_dyncast(int, __cxxabiv1::__class_type_info::__sub_kind, __cxxabiv1::__class_type_info const*, void const*, __cxxabiv1::__class_type_info const*, void const*, __cxxabiv1::__class_type_info::__dyncast_result&) const
 .text._ZNK10__cxxabiv120__si_class_type_info11__do_upcastEPKNS_17__class_type_infoEPKvRNS1_15__upcast_resultE
                0x0000000002005e68       0x4c c:/devkitpro/devkitarm/bin/../lib/gcc/arm-none-eabi/11.2.0/../../../../arm-none-eabi/lib\libstdc++.a(si_class_type_info.o)
                0x0000000002005e68                __cxxabiv1::__si_class_type_info::__do_upcast(__cxxabiv1::__class_type_info const*, void const*, __cxxabiv1::__class_type_info::__upcast_result&) const
 .text._ZNSt9type_infoD2Ev
                0x0000000002005eb4        0x4 c:/devkitpro/devkitarm/bin/../lib/gcc/arm-none-eabi/11.2.0/../../../../arm-none-eabi/lib\libstdc++.a(tinfo.o)
                0x0000000002005eb4                std::type_info::~type_info()
                0x0000000002005eb4                std::type_info::~type_info()
 .text._ZNKSt9type_info14__is_pointer_pEv
                0x0000000002005eb8        0x8 c:/devkitpro/devkitarm/bin/../lib/gcc/arm-none-eabi/11.2.0/../../../../arm-none-eabi/lib\libstdc++.a(tinfo.o)
                0x0000000002005eb8                std::type_info::__is_pointer_p() const
                0x0000000002005eb8                std::type_info::__is_function_p() const
 .text._ZNKSt9type_infoeqERKS_
                0x0000000002005ec0       0x50 c:/devkitpro/devkitarm/bin/../lib/gcc/arm-none-eabi/11.2.0/../../../../arm-none-eabi/lib\libstdc++.a(tinfo.o)
                0x0000000002005ec0                std::type_info::operator==(std::type_info const&) const
 .text._ZNKSt11logic_error4whatEv
                0x0000000002005f10        0x8 c:/devkitpro/devkitarm/bin/../lib/gcc/arm-none-eabi/11.2.0/../../../../arm-none-eabi/lib\libstdc++.a(stdexcept.o)
                0x0000000002005f10                std::logic_error::what() const
                0x0000000002005f10                std::runtime_error::what() const
 .text._ZNSt11logic_errorD2Ev
                0x0000000002005f18       0x68 c:/devkitpro/devkitarm/bin/../lib/gcc/arm-none-eabi/11.2.0/../../../../arm-none-eabi/lib\libstdc++.a(stdexcept.o)
                0x0000000002005f18                std::logic_error::~logic_error()
                0x0000000002005f18                std::logic_error::~logic_error()
 .text._ZNSt12length_errorD2Ev
                0x0000000002005f80       0x68 c:/devkitpro/devkitarm/bin/../lib/gcc/arm-none-eabi/11.2.0/../../../../arm-none-eabi/lib\libstdc++.a(stdexcept.o)
                0x0000000002005f80                std::length_error::~length_error()
                0x0000000002005f80                std::length_error::~length_error()
 .text._ZNSt11logic_errorD0Ev
                0x0000000002005fe8       0x70 c:/devkitpro/devkitarm/bin/../lib/gcc/arm-none-eabi/11.2.0/../../../../arm-none-eabi/lib\libstdc++.a(stdexcept.o)
                0x0000000002005fe8                std::logic_error::~logic_error()
 .text._ZNSt12length_errorD0Ev
                0x0000000002006058       0x70 c:/devkitpro/devkitarm/bin/../lib/gcc/arm-none-eabi/11.2.0/../../../../arm-none-eabi/lib\libstdc++.a(stdexcept.o)
                0x0000000002006058                std::length_error::~length_error()
 .text._ZNSt11logic_errorC2EPKc
                0x00000000020060c8       0xcc c:/devkitpro/devkitarm/bin/../lib/gcc/arm-none-eabi/11.2.0/../../../../arm-none-eabi/lib\libstdc++.a(cow-stdexcept.o)
                0x00000000020060c8                std::logic_error::logic_error(char const*)
                0x00000000020060c8                std::logic_error::logic_error(char const*)
 .text._ZNSt12length_errorC2EPKc
                0x0000000002006194       0x24 c:/devkitpro/devkitarm/bin/../lib/gcc/arm-none-eabi/11.2.0/../../../../arm-none-eabi/lib\libstdc++.a(cow-stdexcept.o)
                0x0000000002006194                std::length_error::length_error(char const*)
                0x0000000002006194                std::length_error::length_error(char const*)
 .text._ZNSs4_Rep9_S_createEjjRKSaIcE
                0x00000000020061b8       0x8c c:/devkitpro/devkitarm/bin/../lib/gcc/arm-none-eabi/11.2.0/../../../../arm-none-eabi/lib\libstdc++.a(cow-string-inst.o)
                0x00000000020061b8                std::string::_Rep::_S_create(unsigned int, unsigned int, std::allocator<char> const&)
 .text._ZNSs4_Rep10_M_destroyERKSaIcE
                0x0000000002006244       0x10 c:/devkitpro/devkitarm/bin/../lib/gcc/arm-none-eabi/11.2.0/../../../../arm-none-eabi/lib\libstdc++.a(cow-string-inst.o)
                0x0000000002006244                std::string::_Rep::_M_destroy(std::allocator<char> const&)
 .text._ZNK10__cxxabiv117__class_type_info11__do_upcastEPKS0_PPv
                0x0000000002006254       0x64 c:/devkitpro/devkitarm/bin/../lib/gcc/arm-none-eabi/11.2.0/../../../../arm-none-eabi/lib\libstdc++.a(class_type_info.o)
                0x0000000002006254                __cxxabiv1::__class_type_info::__do_upcast(__cxxabiv1::__class_type_info const*, void**) const
 .text._ZNK10__cxxabiv117__class_type_info20__do_find_public_srcEiPKvPKS0_S2_
                0x00000000020062b8       0x14 c:/devkitpro/devkitarm/bin/../lib/gcc/arm-none-eabi/11.2.0/../../../../arm-none-eabi/lib\libstdc++.a(class_type_info.o)
                0x00000000020062b8                __cxxabiv1::__class_type_info::__do_find_public_src(int, void const*, __cxxabiv1::__class_type_info const*, void const*) const
 .text._ZN10__cxxabiv117__class_type_infoD2Ev
                0x00000000020062cc       0x24 c:/devkitpro/devkitarm/bin/../lib/gcc/arm-none-eabi/11.2.0/../../../../arm-none-eabi/lib\libstdc++.a(class_type_info.o)
                0x00000000020062cc                __cxxabiv1::__class_type_info::~__class_type_info()
                0x00000000020062cc                __cxxabiv1::__class_type_info::~__class_type_info()
 .text._ZN10__cxxabiv117__class_type_infoD0Ev
                0x00000000020062f0       0x30 c:/devkitpro/devkitarm/bin/../lib/gcc/arm-none-eabi/11.2.0/../../../../arm-none-eabi/lib\libstdc++.a(class_type_info.o)
                0x00000000020062f0                __cxxabiv1::__class_type_info::~__class_type_info()
 .text._ZNK10__cxxabiv117__class_type_info12__do_dyncastEiNS0_10__sub_kindEPKS0_PKvS3_S5_RNS0_16__dyncast_resultE
                0x0000000002006320       0x70 c:/devkitpro/devkitarm/bin/../lib/gcc/arm-none-eabi/11.2.0/../../../../arm-none-eabi/lib\libstdc++.a(class_type_info.o)
                0x0000000002006320                __cxxabiv1::__class_type_info::__do_dyncast(int, __cxxabiv1::__class_type_info::__sub_kind, __cxxabiv1::__class_type_info const*, void const*, __cxxabiv1::__class_type_info const*, void const*, __cxxabiv1::__class_type_info::__dyncast_result&) const
 .text._ZNK10__cxxabiv117__class_type_info11__do_upcastEPKS0_PKvRNS0_15__upcast_resultE
                0x0000000002006390       0x30 c:/devkitpro/devkitarm/bin/../lib/gcc/arm-none-eabi/11.2.0/../../../../arm-none-eabi/lib\libstdc++.a(class_type_info.o)
                0x0000000002006390                __cxxabiv1::__class_type_info::__do_upcast(__cxxabiv1::__class_type_info const*, void const*, __cxxabiv1::__class_type_info::__upcast_result&) const
 .text._ZNK10__cxxabiv117__class_type_info10__do_catchEPKSt9type_infoPPvj
                0x00000000020063c0       0x4c c:/devkitpro/devkitarm/bin/../lib/gcc/arm-none-eabi/11.2.0/../../../../arm-none-eabi/lib\libstdc++.a(class_type_info.o)
                0x00000000020063c0                __cxxabiv1::__class_type_info::__do_catch(std::type_info const*, void**, unsigned int) const
 .text._ZN10__cxxabiv1L24__is_gxx_exception_classEPc
                0x000000000200640c       0x70 c:/devkitpro/devkitarm/bin/../lib/gcc/arm-none-eabi/11.2.0/../../../../arm-none-eabi/lib\libstdc++.a(eh_call.o)
 .text.__cxa_call_terminate
                0x000000000200647c       0x2c c:/devkitpro/devkitarm/bin/../lib/gcc/arm-none-eabi/11.2.0/../../../../arm-none-eabi/lib\libstdc++.a(eh_call.o)
                0x000000000200647c                __cxa_call_terminate
 .text.unlikely.__cxa_call_unexpected
                0x00000000020064a8      0x14c c:/devkitpro/devkitarm/bin/../lib/gcc/arm-none-eabi/11.2.0/../../../../arm-none-eabi/lib\libstdc++.a(eh_call.o)
                0x00000000020064a8                __cxa_call_unexpected
 .text.__cxa_begin_catch
                0x00000000020065f4       0xd4 c:/devkitpro/devkitarm/bin/../lib/gcc/arm-none-eabi/11.2.0/../../../../arm-none-eabi/lib\libstdc++.a(eh_catch.o)
                0x00000000020065f4                __cxa_begin_catch
 .text.__cxa_end_catch
                0x00000000020066c8       0xe0 c:/devkitpro/devkitarm/bin/../lib/gcc/arm-none-eabi/11.2.0/../../../../arm-none-eabi/lib\libstdc++.a(eh_catch.o)
                0x00000000020066c8                __cxa_end_catch
 .text.selfrel_offset31
                0x00000000020067a8       0x18 c:/devkitpro/devkitarm/bin/../lib/gcc/arm-none-eabi/11.2.0\libgcc.a(unwind-arm.o)
 .text.search_EIT_table
                0x00000000020067c0       0x98 c:/devkitpro/devkitarm/bin/../lib/gcc/arm-none-eabi/11.2.0\libgcc.a(unwind-arm.o)
 .text.__gnu_unwind_get_pr_addr
                0x0000000002006858       0x40 c:/devkitpro/devkitarm/bin/../lib/gcc/arm-none-eabi/11.2.0\libgcc.a(unwind-arm.o)
 .text.get_eit_entry
                0x0000000002006898      0x114 c:/devkitpro/devkitarm/bin/../lib/gcc/arm-none-eabi/11.2.0\libgcc.a(unwind-arm.o)
 .text.restore_non_core_regs
                0x00000000020069ac       0x90 c:/devkitpro/devkitarm/bin/../lib/gcc/arm-none-eabi/11.2.0\libgcc.a(unwind-arm.o)
 .text._Unwind_decode_typeinfo_ptr.constprop.0
                0x0000000002006a3c       0x14 c:/devkitpro/devkitarm/bin/../lib/gcc/arm-none-eabi/11.2.0\libgcc.a(unwind-arm.o)
 .text._Unwind_DebugHook
                0x0000000002006a50        0x4 c:/devkitpro/devkitarm/bin/../lib/gcc/arm-none-eabi/11.2.0\libgcc.a(unwind-arm.o)
 .text.unwind_phase2
                0x0000000002006a54       0x68 c:/devkitpro/devkitarm/bin/../lib/gcc/arm-none-eabi/11.2.0\libgcc.a(unwind-arm.o)
 .text.unwind_phase2_forced
                0x0000000002006abc      0x144 c:/devkitpro/devkitarm/bin/../lib/gcc/arm-none-eabi/11.2.0\libgcc.a(unwind-arm.o)
 .text.__gnu_Unwind_RaiseException
                0x0000000002006c00       0xac c:/devkitpro/devkitarm/bin/../lib/gcc/arm-none-eabi/11.2.0\libgcc.a(unwind-arm.o)
                0x0000000002006c00                __gnu_Unwind_RaiseException
 .text.__gnu_Unwind_ForcedUnwind
                0x0000000002006cac       0x28 c:/devkitpro/devkitarm/bin/../lib/gcc/arm-none-eabi/11.2.0\libgcc.a(unwind-arm.o)
                0x0000000002006cac                __gnu_Unwind_ForcedUnwind
 .text.__gnu_Unwind_Resume
                0x0000000002006cd4       0x78 c:/devkitpro/devkitarm/bin/../lib/gcc/arm-none-eabi/11.2.0\libgcc.a(unwind-arm.o)
                0x0000000002006cd4                __gnu_Unwind_Resume
 .text.__gnu_Unwind_Resume_or_Rethrow
                0x0000000002006d4c       0x1c c:/devkitpro/devkitarm/bin/../lib/gcc/arm-none-eabi/11.2.0\libgcc.a(unwind-arm.o)
                0x0000000002006d4c                __gnu_Unwind_Resume_or_Rethrow
 .text._Unwind_Complete
                0x0000000002006d68        0x4 c:/devkitpro/devkitarm/bin/../lib/gcc/arm-none-eabi/11.2.0\libgcc.a(unwind-arm.o)
                0x0000000002006d68                _Unwind_Complete
 .text._Unwind_DeleteException
                0x0000000002006d6c       0x18 c:/devkitpro/devkitarm/bin/../lib/gcc/arm-none-eabi/11.2.0\libgcc.a(unwind-arm.o)
                0x0000000002006d6c                _Unwind_DeleteException
 .text._Unwind_VRS_Get
                0x0000000002006d84       0x5c c:/devkitpro/devkitarm/bin/../lib/gcc/arm-none-eabi/11.2.0\libgcc.a(unwind-arm.o)
                0x0000000002006d84                _Unwind_VRS_Get
 .text._Unwind_GetGR
                0x0000000002006de0       0x30 c:/devkitpro/devkitarm/bin/../lib/gcc/arm-none-eabi/11.2.0\libgcc.a(unwind-arm.o)
 .text._Unwind_VRS_Set
                0x0000000002006e10       0x5c c:/devkitpro/devkitarm/bin/../lib/gcc/arm-none-eabi/11.2.0\libgcc.a(unwind-arm.o)
                0x0000000002006e10                _Unwind_VRS_Set
 .text._Unwind_SetGR
                0x0000000002006e6c       0x30 c:/devkitpro/devkitarm/bin/../lib/gcc/arm-none-eabi/11.2.0\libgcc.a(unwind-arm.o)
 .text.__gnu_Unwind_Backtrace
                0x0000000002006e9c       0xcc c:/devkitpro/devkitarm/bin/../lib/gcc/arm-none-eabi/11.2.0\libgcc.a(unwind-arm.o)
                0x0000000002006e9c                __gnu_Unwind_Backtrace
 .text.__gnu_unwind_pr_common
                0x0000000002006f68      0x428 c:/devkitpro/devkitarm/bin/../lib/gcc/arm-none-eabi/11.2.0\libgcc.a(unwind-arm.o)
 .text.__aeabi_unwind_cpp_pr0
                0x0000000002007390        0x8 c:/devkitpro/devkitarm/bin/../lib/gcc/arm-none-eabi/11.2.0\libgcc.a(unwind-arm.o)
                0x0000000002007390                __aeabi_unwind_cpp_pr0
 .text.__aeabi_unwind_cpp_pr1
                0x0000000002007398        0x8 c:/devkitpro/devkitarm/bin/../lib/gcc/arm-none-eabi/11.2.0\libgcc.a(unwind-arm.o)
                0x0000000002007398                __aeabi_unwind_cpp_pr1
 .text.__aeabi_unwind_cpp_pr2
                0x00000000020073a0        0x8 c:/devkitpro/devkitarm/bin/../lib/gcc/arm-none-eabi/11.2.0\libgcc.a(unwind-arm.o)
                0x00000000020073a0                __aeabi_unwind_cpp_pr2
 .text._Unwind_VRS_Pop
                0x00000000020073a8      0x410 c:/devkitpro/devkitarm/bin/../lib/gcc/arm-none-eabi/11.2.0\libgcc.a(unwind-arm.o)
                0x00000000020073a8                _Unwind_VRS_Pop
 .text.next_unwind_byte
                0x00000000020077b8       0x60 c:/devkitpro/devkitarm/bin/../lib/gcc/arm-none-eabi/11.2.0\libgcc.a(pr-support.o)
 .text._Unwind_GetGR.constprop.0
                0x0000000002007818       0x30 c:/devkitpro/devkitarm/bin/../lib/gcc/arm-none-eabi/11.2.0\libgcc.a(pr-support.o)
 .text.unwind_UCB_from_context
                0x0000000002007848        0x4 c:/devkitpro/devkitarm/bin/../lib/gcc/arm-none-eabi/11.2.0\libgcc.a(pr-support.o)
 .text.__gnu_unwind_execute
                0x000000000200784c      0x3fc c:/devkitpro/devkitarm/bin/../lib/gcc/arm-none-eabi/11.2.0\libgcc.a(pr-support.o)
                0x000000000200784c                __gnu_unwind_execute
 .text.__gnu_unwind_frame
                0x0000000002007c48       0x4c c:/devkitpro/devkitarm/bin/../lib/gcc/arm-none-eabi/11.2.0\libgcc.a(pr-support.o)
                0x0000000002007c48                __gnu_unwind_frame
 .text._Unwind_GetRegionStart
                0x0000000002007c94       0x14 c:/devkitpro/devkitarm/bin/../lib/gcc/arm-none-eabi/11.2.0\libgcc.a(pr-support.o)
                0x0000000002007c94                _Unwind_GetRegionStart
 .text._Unwind_GetLanguageSpecificData
                0x0000000002007ca8       0x20 c:/devkitpro/devkitarm/bin/../lib/gcc/arm-none-eabi/11.2.0\libgcc.a(pr-support.o)
                0x0000000002007ca8                _Unwind_GetLanguageSpecificData
 .text.unlikely._Unwind_GetDataRelBase
                0x0000000002007cc8        0x8 c:/devkitpro/devkitarm/bin/../lib/gcc/arm-none-eabi/11.2.0\libgcc.a(pr-support.o)
                0x0000000002007cc8                _Unwind_GetDataRelBase
 .text.unlikely._Unwind_GetTextRelBase
                0x0000000002007cd0        0x8 c:/devkitpro/devkitarm/bin/../lib/gcc/arm-none-eabi/11.2.0\libgcc.a(pr-support.o)
                0x0000000002007cd0                _Unwind_GetTextRelBase
 .text.abort    0x0000000002007cd8       0x14 c:/devkitpro/devkitarm/bin/../lib/gcc/arm-none-eabi/11.2.0/../../../../arm-none-eabi/lib\libg.a(lib_a-abort.o)
                0x0000000002007cd8                abort
 .text.__libc_init_array
                0x0000000002007cec       0x88 c:/devkitpro/devkitarm/bin/../lib/gcc/arm-none-eabi/11.2.0/../../../../arm-none-eabi/lib\libg.a(lib_a-init.o)
                0x0000000002007cec                __libc_init_array
 .text.iprintf  0x0000000002007d74       0x34 c:/devkitpro/devkitarm/bin/../lib/gcc/arm-none-eabi/11.2.0/../../../../arm-none-eabi/lib\libg.a(lib_a-iprintf.o)
                0x0000000002007d74                iprintf
 .text.malloc   0x0000000002007da8       0x1c c:/devkitpro/devkitarm/bin/../lib/gcc/arm-none-eabi/11.2.0/../../../../arm-none-eabi/lib\libg.a(lib_a-malloc.o)
                0x0000000002007da8                malloc
 .text.free     0x0000000002007dc4       0x1c c:/devkitpro/devkitarm/bin/../lib/gcc/arm-none-eabi/11.2.0/../../../../arm-none-eabi/lib\libg.a(lib_a-malloc.o)
                0x0000000002007dc4                free
 .text._malloc_r
                0x0000000002007de0      0x7f0 c:/devkitpro/devkitarm/bin/../lib/gcc/arm-none-eabi/11.2.0/../../../../arm-none-eabi/lib\libg.a(lib_a-mallocr.o)
                0x0000000002007de0                _malloc_r
 .text.memchr   0x00000000020085d0       0xf8 c:/devkitpro/devkitarm/bin/../lib/gcc/arm-none-eabi/11.2.0/../../../../arm-none-eabi/lib\libg.a(lib_a-memchr-stub.o)
                0x00000000020085d0                memchr
 .text.memcpy   0x00000000020086c8      0x120 c:/devkitpro/devkitarm/bin/../lib/gcc/arm-none-eabi/11.2.0/../../../../arm-none-eabi/lib\libg.a(lib_a-memcpy-stub.o)
                0x00000000020086c8                memcpy
 .text.memmove  0x00000000020087e8      0x158 c:/devkitpro/devkitarm/bin/../lib/gcc/arm-none-eabi/11.2.0/../../../../arm-none-eabi/lib\libg.a(lib_a-memmove.o)
                0x00000000020087e8                memmove
 .text.memset   0x0000000002008940      0x11c c:/devkitpro/devkitarm/bin/../lib/gcc/arm-none-eabi/11.2.0/../../../../arm-none-eabi/lib\libg.a(lib_a-memset.o)
                0x0000000002008940                memset
 .text.__malloc_lock
                0x0000000002008a5c       0x18 c:/devkitpro/devkitarm/bin/../lib/gcc/arm-none-eabi/11.2.0/../../../../arm-none-eabi/lib\libg.a(lib_a-mlock.o)
                0x0000000002008a5c                __malloc_lock
 .text.__malloc_unlock
                0x0000000002008a74       0x18 c:/devkitpro/devkitarm/bin/../lib/gcc/arm-none-eabi/11.2.0/../../../../arm-none-eabi/lib\libg.a(lib_a-mlock.o)
                0x0000000002008a74                __malloc_unlock
 .text.setvbuf  0x0000000002008a8c      0x268 c:/devkitpro/devkitarm/bin/../lib/gcc/arm-none-eabi/11.2.0/../../../../arm-none-eabi/lib\libg.a(lib_a-setvbuf.o)
                0x0000000002008a8c                setvbuf
 .text._raise_r
                0x0000000002008cf4       0x98 c:/devkitpro/devkitarm/bin/../lib/gcc/arm-none-eabi/11.2.0/../../../../arm-none-eabi/lib\libg.a(lib_a-signal.o)
                0x0000000002008cf4                _raise_r
 .text.raise    0x0000000002008d8c       0x18 c:/devkitpro/devkitarm/bin/../lib/gcc/arm-none-eabi/11.2.0/../../../../arm-none-eabi/lib\libg.a(lib_a-signal.o)
                0x0000000002008d8c                raise
 .text.siscanf  0x0000000002008da4       0x74 c:/devkitpro/devkitarm/bin/../lib/gcc/arm-none-eabi/11.2.0/../../../../arm-none-eabi/lib\libg.a(lib_a-siscanf.o)
                0x0000000002008da4                siscanf
 .text.__sread  0x0000000002008e18       0x4c c:/devkitpro/devkitarm/bin/../lib/gcc/arm-none-eabi/11.2.0/../../../../arm-none-eabi/lib\libg.a(lib_a-stdio.o)
                0x0000000002008e18                __sread
 .text.__seofread
                0x0000000002008e64        0x8 c:/devkitpro/devkitarm/bin/../lib/gcc/arm-none-eabi/11.2.0/../../../../arm-none-eabi/lib\libg.a(lib_a-stdio.o)
                0x0000000002008e64                __seofread
 .text.__swrite
                0x0000000002008e6c       0x6c c:/devkitpro/devkitarm/bin/../lib/gcc/arm-none-eabi/11.2.0/../../../../arm-none-eabi/lib\libg.a(lib_a-stdio.o)
                0x0000000002008e6c                __swrite
 .text.__sseek  0x0000000002008ed8       0x4c c:/devkitpro/devkitarm/bin/../lib/gcc/arm-none-eabi/11.2.0/../../../../arm-none-eabi/lib\libg.a(lib_a-stdio.o)
                0x0000000002008ed8                __sseek
 .text.__sclose
                0x0000000002008f24       0x14 c:/devkitpro/devkitarm/bin/../lib/gcc/arm-none-eabi/11.2.0/../../../../arm-none-eabi/lib\libg.a(lib_a-stdio.o)
                0x0000000002008f24                __sclose
 .text.strlen   0x0000000002008f38       0x60 c:/devkitpro/devkitarm/bin/../lib/gcc/arm-none-eabi/11.2.0/../../../../arm-none-eabi/lib\libg.a(lib_a-strlen-stub.o)
                0x0000000002008f38                strlen
 .text._strtoul_l.constprop.0
                0x0000000002008f98      0x1c8 c:/devkitpro/devkitarm/bin/../lib/gcc/arm-none-eabi/11.2.0/../../../../arm-none-eabi/lib\libg.a(lib_a-strtoul.o)
 .text._strtoul_r
                0x0000000002009160        0x4 c:/devkitpro/devkitarm/bin/../lib/gcc/arm-none-eabi/11.2.0/../../../../arm-none-eabi/lib\libg.a(lib_a-strtoul.o)
                0x0000000002009160                _strtoul_r
 .text.get_arg  0x0000000002009164       0x54 c:/devkitpro/devkitarm/bin/../lib/gcc/arm-none-eabi/11.2.0/../../../../arm-none-eabi/lib\libg.a(lib_a-svfiscanf.o)
 .text._sungetc_r
                0x00000000020091b8       0xe4 c:/devkitpro/devkitarm/bin/../lib/gcc/arm-none-eabi/11.2.0/../../../../arm-none-eabi/lib\libg.a(lib_a-svfiscanf.o)
                0x00000000020091b8                _sungetc_r
 .text.__ssrefill_r
                0x000000000200929c       0x68 c:/devkitpro/devkitarm/bin/../lib/gcc/arm-none-eabi/11.2.0/../../../../arm-none-eabi/lib\libg.a(lib_a-svfiscanf.o)
                0x000000000200929c                __ssrefill_r
 .text._sfread_r
                0x0000000002009304       0xcc c:/devkitpro/devkitarm/bin/../lib/gcc/arm-none-eabi/11.2.0/../../../../arm-none-eabi/lib\libg.a(lib_a-svfiscanf.o)
                0x0000000002009304                _sfread_r
 .text.__ssvfiscanf_r
                0x00000000020093d0     0x2300 c:/devkitpro/devkitarm/bin/../lib/gcc/arm-none-eabi/11.2.0/../../../../arm-none-eabi/lib\libg.a(lib_a-svfiscanf.o)
                0x00000000020093d0                __ssvfiscanf_r
 .text.__submore
                0x000000000200b6d0       0xb0 c:/devkitpro/devkitarm/bin/../lib/gcc/arm-none-eabi/11.2.0/../../../../arm-none-eabi/lib\libg.a(lib_a-ungetc.o)
                0x000000000200b6d0                __submore
 .text.get_arg  0x000000000200b780      0x628 c:/devkitpro/devkitarm/bin/../lib/gcc/arm-none-eabi/11.2.0/../../../../arm-none-eabi/lib\libg.a(lib_a-vfiprintf.o)
 .text.__sprint_r
                0x000000000200bda8       0x34 c:/devkitpro/devkitarm/bin/../lib/gcc/arm-none-eabi/11.2.0/../../../../arm-none-eabi/lib\libg.a(lib_a-vfiprintf.o)
                0x000000000200bda8                __sprint_r
 .text._vfiprintf_r
                0x000000000200bddc     0x2360 c:/devkitpro/devkitarm/bin/../lib/gcc/arm-none-eabi/11.2.0/../../../../arm-none-eabi/lib\libg.a(lib_a-vfiprintf.o)
                0x000000000200bddc                _vfiprintf_r
 .text.__sbprintf
                0x000000000200e13c       0xd4 c:/devkitpro/devkitarm/bin/../lib/gcc/arm-none-eabi/11.2.0/../../../../arm-none-eabi/lib\libg.a(lib_a-vfiprintf.o)
 .text._wcrtomb_r
                0x000000000200e210       0x5c c:/devkitpro/devkitarm/bin/../lib/gcc/arm-none-eabi/11.2.0/../../../../arm-none-eabi/lib\libg.a(lib_a-wcrtomb.o)
                0x000000000200e210                _wcrtomb_r
 .text._wcsrtombs_r
                0x000000000200e26c       0x2c c:/devkitpro/devkitarm/bin/../lib/gcc/arm-none-eabi/11.2.0/../../../../arm-none-eabi/lib\libg.a(lib_a-wcsrtombs.o)
                0x000000000200e26c                _wcsrtombs_r
 .text.__swsetup_r
                0x000000000200e298      0x160 c:/devkitpro/devkitarm/bin/../lib/gcc/arm-none-eabi/11.2.0/../../../../arm-none-eabi/lib\libg.a(lib_a-wsetup.o)
                0x000000000200e298                __swsetup_r
 .text.__sflush_r
                0x000000000200e3f8      0x280 c:/devkitpro/devkitarm/bin/../lib/gcc/arm-none-eabi/11.2.0/../../../../arm-none-eabi/lib\libg.a(lib_a-fflush.o)
                0x000000000200e3f8                __sflush_r
 .text._fflush_r
                0x000000000200e678       0x9c c:/devkitpro/devkitarm/bin/../lib/gcc/arm-none-eabi/11.2.0/../../../../arm-none-eabi/lib\libg.a(lib_a-fflush.o)
                0x000000000200e678                _fflush_r
 .text._cleanup_r
                0x000000000200e714       0x18 c:/devkitpro/devkitarm/bin/../lib/gcc/arm-none-eabi/11.2.0/../../../../arm-none-eabi/lib\libg.a(lib_a-findfp.o)
                0x000000000200e714                _cleanup_r
 .text.__sinit  0x000000000200e72c      0x18c c:/devkitpro/devkitarm/bin/../lib/gcc/arm-none-eabi/11.2.0/../../../../arm-none-eabi/lib\libg.a(lib_a-findfp.o)
                0x000000000200e72c                __sinit
 .text.__sfp_lock_acquire
                0x000000000200e8b8       0x18 c:/devkitpro/devkitarm/bin/../lib/gcc/arm-none-eabi/11.2.0/../../../../arm-none-eabi/lib\libg.a(lib_a-findfp.o)
                0x000000000200e8b8                __sfp_lock_acquire
 .text.__sfp_lock_release
                0x000000000200e8d0       0x18 c:/devkitpro/devkitarm/bin/../lib/gcc/arm-none-eabi/11.2.0/../../../../arm-none-eabi/lib\libg.a(lib_a-findfp.o)
                0x000000000200e8d0                __sfp_lock_release
 .text._malloc_trim_r
                0x000000000200e8e8      0x100 c:/devkitpro/devkitarm/bin/../lib/gcc/arm-none-eabi/11.2.0/../../../../arm-none-eabi/lib\libg.a(lib_a-freer.o)
                0x000000000200e8e8                _malloc_trim_r
 .text._free_r  0x000000000200e9e8      0x2e0 c:/devkitpro/devkitarm/bin/../lib/gcc/arm-none-eabi/11.2.0/../../../../arm-none-eabi/lib\libg.a(lib_a-freer.o)
                0x000000000200e9e8                _free_r
 .text.__sfvwrite_r
                0x000000000200ecc8      0x4e8 c:/devkitpro/devkitarm/bin/../lib/gcc/arm-none-eabi/11.2.0/../../../../arm-none-eabi/lib\libg.a(lib_a-fvwrite.o)
                0x000000000200ecc8                __sfvwrite_r
 .text._fwalk_reent
                0x000000000200f1b0       0x78 c:/devkitpro/devkitarm/bin/../lib/gcc/arm-none-eabi/11.2.0/../../../../arm-none-eabi/lib\libg.a(lib_a-fwalk.o)
                0x000000000200f1b0                _fwalk_reent
 .text.iswspace
                0x000000000200f228       0x14 c:/devkitpro/devkitarm/bin/../lib/gcc/arm-none-eabi/11.2.0/../../../../arm-none-eabi/lib\libg.a(lib_a-iswspace.o)
                0x000000000200f228                iswspace
 .text._localeconv_r
                0x000000000200f23c        0xc c:/devkitpro/devkitarm/bin/../lib/gcc/arm-none-eabi/11.2.0/../../../../arm-none-eabi/lib\libg.a(lib_a-localeconv.o)
                0x000000000200f23c                _localeconv_r
 .text.__locale_mb_cur_max
                0x000000000200f248       0x10 c:/devkitpro/devkitarm/bin/../lib/gcc/arm-none-eabi/11.2.0/../../../../arm-none-eabi/lib\libg.a(lib_a-locale.o)
                0x000000000200f248                __locale_mb_cur_max
 .text.__smakebuf_r
                0x000000000200f258      0x144 c:/devkitpro/devkitarm/bin/../lib/gcc/arm-none-eabi/11.2.0/../../../../arm-none-eabi/lib\libg.a(lib_a-makebuf.o)
                0x000000000200f258                __smakebuf_r
 .text.__swhatbuf_r
                0x000000000200f39c       0x80 c:/devkitpro/devkitarm/bin/../lib/gcc/arm-none-eabi/11.2.0/../../../../arm-none-eabi/lib\libg.a(lib_a-makebuf.o)
                0x000000000200f39c                __swhatbuf_r
 .text._mbrtowc_r
                0x000000000200f41c       0x70 c:/devkitpro/devkitarm/bin/../lib/gcc/arm-none-eabi/11.2.0/../../../../arm-none-eabi/lib\libg.a(lib_a-mbrtowc.o)
                0x000000000200f41c                _mbrtowc_r
 .text.__utf8_mbtowc
                0x000000000200f48c      0x308 c:/devkitpro/devkitarm/bin/../lib/gcc/arm-none-eabi/11.2.0/../../../../arm-none-eabi/lib\libg.a(lib_a-mbtowc_r.o)
                0x000000000200f48c                __utf8_mbtowc
 .text.realloc  0x000000000200f794       0x24 c:/devkitpro/devkitarm/bin/../lib/gcc/arm-none-eabi/11.2.0/../../../../arm-none-eabi/lib\libg.a(lib_a-realloc.o)
                0x000000000200f794                realloc
 .text._realloc_r
                0x000000000200f7b8      0x570 c:/devkitpro/devkitarm/bin/../lib/gcc/arm-none-eabi/11.2.0/../../../../arm-none-eabi/lib\libg.a(lib_a-reallocr.o)
                0x000000000200f7b8                _realloc_r
 .text.__sccl   0x000000000200fd28       0xe4 c:/devkitpro/devkitarm/bin/../lib/gcc/arm-none-eabi/11.2.0/../../../../arm-none-eabi/lib\libg.a(lib_a-sccl.o)
                0x000000000200fd28                __sccl
 .text.strncpy  0x000000000200fe0c       0xcc c:/devkitpro/devkitarm/bin/../lib/gcc/arm-none-eabi/11.2.0/../../../../arm-none-eabi/lib\libg.a(lib_a-strncpy.o)
                0x000000000200fe0c                strncpy
 .text._strtoll_l.constprop.0
                0x000000000200fed8      0x230 c:/devkitpro/devkitarm/bin/../lib/gcc/arm-none-eabi/11.2.0/../../../../arm-none-eabi/lib\libg.a(lib_a-strtoll.o)
 .text._strtoll_r
                0x0000000002010108        0x4 c:/devkitpro/devkitarm/bin/../lib/gcc/arm-none-eabi/11.2.0/../../../../arm-none-eabi/lib\libg.a(lib_a-strtoll.o)
                0x0000000002010108                _strtoll_r
 .text._strtol_l.part.0
                0x000000000201010c      0x1a8 c:/devkitpro/devkitarm/bin/../lib/gcc/arm-none-eabi/11.2.0/../../../../arm-none-eabi/lib\libg.a(lib_a-strtol.o)
 .text._strtol_r
                0x00000000020102b4       0x3c c:/devkitpro/devkitarm/bin/../lib/gcc/arm-none-eabi/11.2.0/../../../../arm-none-eabi/lib\libg.a(lib_a-strtol.o)
                0x00000000020102b4                _strtol_r
 .text._strtoull_l.constprop.0
                0x00000000020102f0      0x248 c:/devkitpro/devkitarm/bin/../lib/gcc/arm-none-eabi/11.2.0/../../../../arm-none-eabi/lib\libg.a(lib_a-strtoull.o)
 .text._strtoull_r
                0x0000000002010538        0x4 c:/devkitpro/devkitarm/bin/../lib/gcc/arm-none-eabi/11.2.0/../../../../arm-none-eabi/lib\libg.a(lib_a-strtoull.o)
                0x0000000002010538                _strtoull_r
 .text._wcsnrtombs_l
                0x000000000201053c      0x1a0 c:/devkitpro/devkitarm/bin/../lib/gcc/arm-none-eabi/11.2.0/../../../../arm-none-eabi/lib\libg.a(lib_a-wcsnrtombs.o)
                0x000000000201053c                _wcsnrtombs_l
 .text._wcsnrtombs_r
                0x00000000020106dc       0x50 c:/devkitpro/devkitarm/bin/../lib/gcc/arm-none-eabi/11.2.0/../../../../arm-none-eabi/lib\libg.a(lib_a-wcsnrtombs.o)
                0x00000000020106dc                _wcsnrtombs_r
 .text.__utf8_wctomb
                0x000000000201072c       0xf4 c:/devkitpro/devkitarm/bin/../lib/gcc/arm-none-eabi/11.2.0/../../../../arm-none-eabi/lib\libg.a(lib_a-wctomb_r.o)
                0x000000000201072c                __utf8_wctomb
 .text.__errno  0x0000000002010820       0x10 c:/devkitpro/devkitarm/bin/../lib/gcc/arm-none-eabi/11.2.0/../../../../arm-none-eabi/lib\libg.a(lib_a-errno.o)
                0x0000000002010820                __errno
 .text._fclose_r
                0x0000000002010830      0x16c c:/devkitpro/devkitarm/bin/../lib/gcc/arm-none-eabi/11.2.0/../../../../arm-none-eabi/lib\libg.a(lib_a-fclose.o)
                0x0000000002010830                _fclose_r
 .text.iswspace_l
                0x000000000201099c       0x44 c:/devkitpro/devkitarm/bin/../lib/gcc/arm-none-eabi/11.2.0/../../../../arm-none-eabi/lib\libg.a(lib_a-iswspace_l.o)
                0x000000000201099c                iswspace_l
 .text.__jp2uc  0x00000000020109e0      0x1e4 c:/devkitpro/devkitarm/bin/../lib/gcc/arm-none-eabi/11.2.0/../../../../arm-none-eabi/lib\libg.a(lib_a-jp2uc.o)
 .text._jp2uc_l
                0x0000000002010bc4       0x94 c:/devkitpro/devkitarm/bin/../lib/gcc/arm-none-eabi/11.2.0/../../../../arm-none-eabi/lib\libg.a(lib_a-jp2uc.o)
                0x0000000002010bc4                _jp2uc_l
 .text.category
                0x0000000002010c58       0x8c c:/devkitpro/devkitarm/bin/../lib/gcc/arm-none-eabi/11.2.0/../../../../arm-none-eabi/lib\libg.a(lib_a-categories.o)
                0x0000000002010c58                category
 .text.null_write
                0x0000000002010ce4        0x8 c:/devkitpro/devkitarm/bin/../lib/gcc/arm-none-eabi/11.2.0/../../../../arm-none-eabi/lib\libsysbase.a(iosupport.o)
 .text._fstat_r
                0x0000000002010cec       0x7c c:/devkitpro/devkitarm/bin/../lib/gcc/arm-none-eabi/11.2.0/../../../../arm-none-eabi/lib\libsysbase.a(fstat.o)
                0x0000000002010cec                _fstat_r
 .text._getpid_r
                0x0000000002010d68       0x14 c:/devkitpro/devkitarm/bin/../lib/gcc/arm-none-eabi/11.2.0/../../../../arm-none-eabi/lib\libsysbase.a(getpid.o)
                0x0000000002010d68                _getpid_r
 .text._isatty_r
                0x0000000002010d7c        0x8 c:/devkitpro/devkitarm/bin/../lib/gcc/arm-none-eabi/11.2.0/../../../../arm-none-eabi/lib\libsysbase.a(isatty.o)
                0x0000000002010d7c                _isatty_r
 .text._kill_r  0x0000000002010d84       0x14 c:/devkitpro/devkitarm/bin/../lib/gcc/arm-none-eabi/11.2.0/../../../../arm-none-eabi/lib\libsysbase.a(kill.o)
                0x0000000002010d84                _kill_r
 .text._lseek_r
                0x0000000002010d98       0x88 c:/devkitpro/devkitarm/bin/../lib/gcc/arm-none-eabi/11.2.0/../../../../arm-none-eabi/lib\libsysbase.a(lseek.o)
                0x0000000002010d98                _lseek_r
 .text._read_r  0x0000000002010e20       0x84 c:/devkitpro/devkitarm/bin/../lib/gcc/arm-none-eabi/11.2.0/../../../../arm-none-eabi/lib\libsysbase.a(read.o)
                0x0000000002010e20                _read_r
 .text._sbrk_r  0x0000000002010ea4       0x7c c:/devkitpro/devkitarm/bin/../lib/gcc/arm-none-eabi/11.2.0/../../../../arm-none-eabi/lib\libsysbase.a(sbrk.o)
                0x0000000002010ea4                _sbrk_r
 .text._write_r
                0x0000000002010f20       0x84 c:/devkitpro/devkitarm/bin/../lib/gcc/arm-none-eabi/11.2.0/../../../../arm-none-eabi/lib\libsysbase.a(write.o)
                0x0000000002010f20                _write_r
 .text._exit    0x0000000002010fa4       0x20 c:/devkitpro/devkitarm/bin/../lib/gcc/arm-none-eabi/11.2.0/../../../../arm-none-eabi/lib\libsysbase.a(_exit.o)
                0x0000000002010fa4                _exit
 .text.build_argv
                0x0000000002010fc4       0x80 c:/devkitpro/devkitarm/bin/../lib/gcc/arm-none-eabi/11.2.0/../../../../arm-none-eabi/lib\libsysbase.a(build_argv.o)
                0x0000000002010fc4                build_argv
 .text.__flockfile
                0x0000000002011044       0x14 c:/devkitpro/devkitarm/bin/../lib/gcc/arm-none-eabi/11.2.0/../../../../arm-none-eabi/lib\libsysbase.a(flock.o)
                0x0000000002011044                __flockfile
 .text.__funlockfile
                0x0000000002011058       0x14 c:/devkitpro/devkitarm/bin/../lib/gcc/arm-none-eabi/11.2.0/../../../../arm-none-eabi/lib\libsysbase.a(flock.o)
                0x0000000002011058                __funlockfile
 .text.__get_handle
                0x000000000201106c       0x40 c:/devkitpro/devkitarm/bin/../lib/gcc/arm-none-eabi/11.2.0/../../../../arm-none-eabi/lib\libsysbase.a(handle_manager.o)
                0x000000000201106c                __get_handle
 .text._close_r
                0x00000000020110ac       0xfc c:/devkitpro/devkitarm/bin/../lib/gcc/arm-none-eabi/11.2.0/../../../../arm-none-eabi/lib\libsysbase.a(handle_manager.o)
                0x00000000020110ac                _close_r
 .text.__getreent
                0x00000000020111a8       0x30 c:/devkitpro/devkitarm/bin/../lib/gcc/arm-none-eabi/11.2.0/../../../../arm-none-eabi/lib\libsysbase.a(getreent.o)
                0x00000000020111a8                __getreent
 .text.__libc_lock_acquire
                0x00000000020111d8       0x20 c:/devkitpro/devkitarm/bin/../lib/gcc/arm-none-eabi/11.2.0/../../../../arm-none-eabi/lib\libsysbase.a(syscall_support.o)
                0x00000000020111d8                __libc_lock_acquire
 .text.__libc_lock_release
                0x00000000020111f8       0x20 c:/devkitpro/devkitarm/bin/../lib/gcc/arm-none-eabi/11.2.0/../../../../arm-none-eabi/lib\libsysbase.a(syscall_support.o)
                0x00000000020111f8                __libc_lock_release
 .text.__libc_lock_init_recursive
                0x0000000002011218       0x20 c:/devkitpro/devkitarm/bin/../lib/gcc/arm-none-eabi/11.2.0/../../../../arm-none-eabi/lib\libsysbase.a(syscall_support.o)
                0x0000000002011218                __libc_lock_init_recursive
 .text.__libc_lock_acquire_recursive
                0x0000000002011238       0x20 c:/devkitpro/devkitarm/bin/../lib/gcc/arm-none-eabi/11.2.0/../../../../arm-none-eabi/lib\libsysbase.a(syscall_support.o)
                0x0000000002011238                __libc_lock_acquire_recursive
 .text.__libc_lock_release_recursive
                0x0000000002011258       0x20 c:/devkitpro/devkitarm/bin/../lib/gcc/arm-none-eabi/11.2.0/../../../../arm-none-eabi/lib\libsysbase.a(syscall_support.o)
                0x0000000002011258                __libc_lock_release_recursive
 .text.__libc_lock_close_recursive
                0x0000000002011278       0x20 c:/devkitpro/devkitarm/bin/../lib/gcc/arm-none-eabi/11.2.0/../../../../arm-none-eabi/lib\libsysbase.a(syscall_support.o)
                0x0000000002011278                __libc_lock_close_recursive
 .text.__udivmoddi4
                0x0000000002011298      0x128 c:/devkitpro/devkitarm/bin/../lib/gcc/arm-none-eabi/11.2.0\libgcc.a(_udivmoddi4.o)
                0x0000000002011298                __udivmoddi4
 .text.__udivmoddi4.__stub
                0x00000000020113c0       0xb4 linker stubs
 *(EXCLUDE_FILE(*.twl*) .gnu.warning)
 *(EXCLUDE_FILE(*.twl*) .gnu.linkonce.t*)
 *(.glue_7)
 .glue_7        0x0000000002011490        0x0 linker stubs
 *(.glue_7t)
 .glue_7t       0x0000000002011490        0x0 linker stubs
                0x0000000002011490                . = ALIGN (0x4)

.vfp11_veneer   0x0000000002011490        0x0
 .vfp11_veneer  0x0000000002011490        0x0 linker stubs

.v4_bx          0x0000000002011490        0x0
 .v4_bx         0x0000000002011490        0x0 linker stubs

.iplt           0x0000000002011490        0x0
 .iplt          0x0000000002011490        0x0 c:/devkitpro/devkitarm/bin/../lib/gcc/arm-none-eabi/11.2.0/../../../../arm-none-eabi/lib/ds_arm9_crt0.o

.fini           0x0000000002011490       0x18
 *(.fini)
 .fini          0x0000000002011490        0xc c:/devkitpro/devkitarm/bin/../lib/gcc/arm-none-eabi/11.2.0/crti.o
                0x0000000002011490                _fini
 .fini          0x000000000201149c        0xc c:/devkitpro/devkitarm/bin/../lib/gcc/arm-none-eabi/11.2.0/crtn.o
                0x00000000020114a8                __text_end = .

.rodata         0x00000000020114a8     0x9010
 *(EXCLUDE_FILE(*.twl*) .rodata)
 *all.rodata*(*)
 *(EXCLUDE_FILE(*.twl*) .roda)
 *(EXCLUDE_FILE(*.twl*) .rodata.*)
 .rodata._ZNSt6vectorIjSaIjEE17_M_realloc_insertIJRKjEEEvN9__gnu_cxx17__normal_iteratorIPjS1_EEDpOT_.str1.4
                0x00000000020114a8       0x1a groner.o
 *fill*         0x00000000020114c2        0x2 ff
 .rodata.str1.4
                0x00000000020114c4       0x1b main.o
 *fill*         0x00000000020114df        0x1 ff
 .rodata.con_write.str1.4
                0x00000000020114e0       0x30 C:/devkitPro/libnds/lib\libnds9.a(console.o)
 .rodata.con_write
                0x0000000002011510       0xd4 C:/devkitPro/libnds/lib\libnds9.a(console.o)
 .rodata.consoleClear.str1.4
                0x00000000020115e4        0x5 C:/devkitPro/libnds/lib\libnds9.a(console.o)
 *fill*         0x00000000020115e9        0x3 ff
 .rodata.str1.4
                0x00000000020115ec       0x14 C:/devkitPro/libnds/lib\libnds9.a(console.o)
 .rodata.dotab_stdout
                0x0000000002011600       0x70 C:/devkitPro/libnds/lib\libnds9.a(console.o)
 .rodata.default_font_bin
                0x0000000002011670     0x2000 C:/devkitPro/libnds/lib\libnds9.a(default_font.bin.o)
                0x0000000002011670                default_font_bin
                0x0000000002013670                default_font_bin_end
 .rodata.SIN_LUT
                0x0000000002013670      0x102 C:/devkitPro/libnds/lib\libnds9.a(trig.o)
                0x0000000002013670                SIN_LUT
 *fill*         0x0000000002013772        0x2 ff
 .rodata._ZNKSt9bad_alloc4whatEv.str1.4
                0x0000000002013774        0xf c:/devkitpro/devkitarm/bin/../lib/gcc/arm-none-eabi/11.2.0/../../../../arm-none-eabi/lib\libstdc++.a(bad_alloc.o)
 *fill*         0x0000000002013783        0x1 ff
 .rodata._ZTISt9bad_alloc
                0x0000000002013784        0xc c:/devkitpro/devkitarm/bin/../lib/gcc/arm-none-eabi/11.2.0/../../../../arm-none-eabi/lib\libstdc++.a(bad_alloc.o)
                0x0000000002013784                typeinfo for std::bad_alloc
 .rodata._ZTSSt9bad_alloc
                0x0000000002013790        0xd c:/devkitpro/devkitarm/bin/../lib/gcc/arm-none-eabi/11.2.0/../../../../arm-none-eabi/lib\libstdc++.a(bad_alloc.o)
                0x0000000002013790                typeinfo name for std::bad_alloc
 *fill*         0x000000000201379d        0x3 ff
 .rodata._ZTVSt9bad_alloc
                0x00000000020137a0       0x14 c:/devkitpro/devkitarm/bin/../lib/gcc/arm-none-eabi/11.2.0/../../../../arm-none-eabi/lib\libstdc++.a(bad_alloc.o)
                0x00000000020137a0                vtable for std::bad_alloc
 .rodata._ZNKSt13bad_exception4whatEv.str1.4
                0x00000000020137b4       0x13 c:/devkitpro/devkitarm/bin/../lib/gcc/arm-none-eabi/11.2.0/../../../../arm-none-eabi/lib\libstdc++.a(eh_exception.o)
 *fill*         0x00000000020137c7        0x1 ff
 .rodata._ZTIN10__cxxabiv115__forced_unwindE
                0x00000000020137c8        0x8 c:/devkitpro/devkitarm/bin/../lib/gcc/arm-none-eabi/11.2.0/../../../../arm-none-eabi/lib\libstdc++.a(eh_exception.o)
                0x00000000020137c8                typeinfo for __cxxabiv1::__forced_unwind
 .rodata._ZTIN10__cxxabiv119__foreign_exceptionE
                0x00000000020137d0        0x8 c:/devkitpro/devkitarm/bin/../lib/gcc/arm-none-eabi/11.2.0/../../../../arm-none-eabi/lib\libstdc++.a(eh_exception.o)
                0x00000000020137d0                typeinfo for __cxxabiv1::__foreign_exception
 .rodata._ZTISt13bad_exception
                0x00000000020137d8        0xc c:/devkitpro/devkitarm/bin/../lib/gcc/arm-none-eabi/11.2.0/../../../../arm-none-eabi/lib\libstdc++.a(eh_exception.o)
                0x00000000020137d8                typeinfo for std::bad_exception
 .rodata._ZTISt9exception
                0x00000000020137e4        0x8 c:/devkitpro/devkitarm/bin/../lib/gcc/arm-none-eabi/11.2.0/../../../../arm-none-eabi/lib\libstdc++.a(eh_exception.o)
                0x00000000020137e4                typeinfo for std::exception
 .rodata._ZTSN10__cxxabiv115__forced_unwindE
                0x00000000020137ec       0x20 c:/devkitpro/devkitarm/bin/../lib/gcc/arm-none-eabi/11.2.0/../../../../arm-none-eabi/lib\libstdc++.a(eh_exception.o)
                0x00000000020137ec                typeinfo name for __cxxabiv1::__forced_unwind
 .rodata._ZTSN10__cxxabiv119__foreign_exceptionE
                0x000000000201380c       0x24 c:/devkitpro/devkitarm/bin/../lib/gcc/arm-none-eabi/11.2.0/../../../../arm-none-eabi/lib\libstdc++.a(eh_exception.o)
                0x000000000201380c                typeinfo name for __cxxabiv1::__foreign_exception
 .rodata._ZTSSt13bad_exception
                0x0000000002013830       0x12 c:/devkitpro/devkitarm/bin/../lib/gcc/arm-none-eabi/11.2.0/../../../../arm-none-eabi/lib\libstdc++.a(eh_exception.o)
                0x0000000002013830                typeinfo name for std::bad_exception
 *fill*         0x0000000002013842        0x2 ff
 .rodata._ZTSSt9exception
                0x0000000002013844        0xd c:/devkitpro/devkitarm/bin/../lib/gcc/arm-none-eabi/11.2.0/../../../../arm-none-eabi/lib\libstdc++.a(eh_exception.o)
                0x0000000002013844                typeinfo name for std::exception
 *fill*         0x0000000002013851        0x3 ff
 .rodata._ZTVSt13bad_exception
                0x0000000002013854       0x14 c:/devkitpro/devkitarm/bin/../lib/gcc/arm-none-eabi/11.2.0/../../../../arm-none-eabi/lib\libstdc++.a(eh_exception.o)
                0x0000000002013854                vtable for std::bad_exception
 .rodata._ZTIN10__cxxabiv120__si_class_type_infoE
                0x0000000002013868        0xc c:/devkitpro/devkitarm/bin/../lib/gcc/arm-none-eabi/11.2.0/../../../../arm-none-eabi/lib\libstdc++.a(si_class_type_info.o)
                0x0000000002013868                typeinfo for __cxxabiv1::__si_class_type_info
 .rodata._ZTSN10__cxxabiv120__si_class_type_infoE
                0x0000000002013874       0x25 c:/devkitpro/devkitarm/bin/../lib/gcc/arm-none-eabi/11.2.0/../../../../arm-none-eabi/lib\libstdc++.a(si_class_type_info.o)
                0x0000000002013874                typeinfo name for __cxxabiv1::__si_class_type_info
 *fill*         0x0000000002013899        0x3 ff
 .rodata._ZTVN10__cxxabiv120__si_class_type_infoE
                0x000000000201389c       0x2c c:/devkitpro/devkitarm/bin/../lib/gcc/arm-none-eabi/11.2.0/../../../../arm-none-eabi/lib\libstdc++.a(si_class_type_info.o)
                0x000000000201389c                vtable for __cxxabiv1::__si_class_type_info
 .rodata._ZTISt9type_info
                0x00000000020138c8        0x8 c:/devkitpro/devkitarm/bin/../lib/gcc/arm-none-eabi/11.2.0/../../../../arm-none-eabi/lib\libstdc++.a(tinfo.o)
                0x00000000020138c8                typeinfo for std::type_info
 .rodata._ZTSSt9type_info
                0x00000000020138d0        0xd c:/devkitpro/devkitarm/bin/../lib/gcc/arm-none-eabi/11.2.0/../../../../arm-none-eabi/lib\libstdc++.a(tinfo.o)
                0x00000000020138d0                typeinfo name for std::type_info
 *fill*         0x00000000020138dd        0x3 ff
 .rodata._ZTISt11logic_error
                0x00000000020138e0        0xc c:/devkitpro/devkitarm/bin/../lib/gcc/arm-none-eabi/11.2.0/../../../../arm-none-eabi/lib\libstdc++.a(stdexcept.o)
                0x00000000020138e0                typeinfo for std::logic_error
 .rodata._ZTISt12length_error
                0x00000000020138ec        0xc c:/devkitpro/devkitarm/bin/../lib/gcc/arm-none-eabi/11.2.0/../../../../arm-none-eabi/lib\libstdc++.a(stdexcept.o)
                0x00000000020138ec                typeinfo for std::length_error
 .rodata._ZTSSt11logic_error
                0x00000000020138f8       0x10 c:/devkitpro/devkitarm/bin/../lib/gcc/arm-none-eabi/11.2.0/../../../../arm-none-eabi/lib\libstdc++.a(stdexcept.o)
                0x00000000020138f8                typeinfo name for std::logic_error
 .rodata._ZTSSt12length_error
                0x0000000002013908       0x11 c:/devkitpro/devkitarm/bin/../lib/gcc/arm-none-eabi/11.2.0/../../../../arm-none-eabi/lib\libstdc++.a(stdexcept.o)
                0x0000000002013908                typeinfo name for std::length_error
 *fill*         0x0000000002013919        0x3 ff
 .rodata._ZTVSt11logic_error
                0x000000000201391c       0x14 c:/devkitpro/devkitarm/bin/../lib/gcc/arm-none-eabi/11.2.0/../../../../arm-none-eabi/lib\libstdc++.a(stdexcept.o)
                0x000000000201391c                vtable for std::logic_error
 .rodata._ZTVSt12length_error
                0x0000000002013930       0x14 c:/devkitpro/devkitarm/bin/../lib/gcc/arm-none-eabi/11.2.0/../../../../arm-none-eabi/lib\libstdc++.a(stdexcept.o)
                0x0000000002013930                vtable for std::length_error
 .rodata._ZNSt11logic_errorC2EPKc.str1.4
                0x0000000002013944       0x2a c:/devkitpro/devkitarm/bin/../lib/gcc/arm-none-eabi/11.2.0/../../../../arm-none-eabi/lib\libstdc++.a(cow-stdexcept.o)
 *fill*         0x000000000201396e        0x2 ff
 .rodata._ZNSs4_Rep9_S_createEjjRKSaIcE.str1.4
                0x0000000002013970       0x18 c:/devkitpro/devkitarm/bin/../lib/gcc/arm-none-eabi/11.2.0/../../../../arm-none-eabi/lib\libstdc++.a(cow-string-inst.o)
 .rodata._ZTIN10__cxxabiv117__class_type_infoE
                0x0000000002013988        0xc c:/devkitpro/devkitarm/bin/../lib/gcc/arm-none-eabi/11.2.0/../../../../arm-none-eabi/lib\libstdc++.a(class_type_info.o)
                0x0000000002013988                typeinfo for __cxxabiv1::__class_type_info
 .rodata._ZTSN10__cxxabiv117__class_type_infoE
                0x0000000002013994       0x22 c:/devkitpro/devkitarm/bin/../lib/gcc/arm-none-eabi/11.2.0/../../../../arm-none-eabi/lib\libstdc++.a(class_type_info.o)
                0x0000000002013994                typeinfo name for __cxxabiv1::__class_type_info
 *fill*         0x00000000020139b6        0x2 ff
 .rodata._ZTVN10__cxxabiv117__class_type_infoE
                0x00000000020139b8       0x2c c:/devkitpro/devkitarm/bin/../lib/gcc/arm-none-eabi/11.2.0/../../../../arm-none-eabi/lib\libstdc++.a(class_type_info.o)
                0x00000000020139b8                vtable for __cxxabiv1::__class_type_info
 .rodata.basefix.0
                0x00000000020139e4       0x22 c:/devkitpro/devkitarm/bin/../lib/gcc/arm-none-eabi/11.2.0/../../../../arm-none-eabi/lib\libg.a(lib_a-svfiscanf.o)
 .rodata._vfiprintf_r.str1.1
                0x0000000002013a06       0x29 c:/devkitpro/devkitarm/bin/../lib/gcc/arm-none-eabi/11.2.0/../../../../arm-none-eabi/lib\libg.a(lib_a-vfiprintf.o)
 *fill*         0x0000000002013a2f        0x1 ff
 .rodata.blanks.1
                0x0000000002013a30       0x10 c:/devkitpro/devkitarm/bin/../lib/gcc/arm-none-eabi/11.2.0/../../../../arm-none-eabi/lib\libg.a(lib_a-vfiprintf.o)
 .rodata.zeroes.0
                0x0000000002013a40       0x10 c:/devkitpro/devkitarm/bin/../lib/gcc/arm-none-eabi/11.2.0/../../../../arm-none-eabi/lib\libg.a(lib_a-vfiprintf.o)
 .rodata._ctype_
                0x0000000002013a50      0x101 c:/devkitpro/devkitarm/bin/../lib/gcc/arm-none-eabi/11.2.0/../../../../arm-none-eabi/lib\libg.a(lib_a-ctype_.o)
                0x0000000002013a50                _ctype_
 *fill*         0x0000000002013b51        0x3 ff
 .rodata.str1.4
                0x0000000002013b54       0x48 c:/devkitpro/devkitarm/bin/../lib/gcc/arm-none-eabi/11.2.0/../../../../arm-none-eabi/lib\libg.a(lib_a-locale.o)
                                         0x4c (size before relaxing)
 .rodata._mbrtowc_r.str1.4
                0x0000000002013b9c        0x1 c:/devkitpro/devkitarm/bin/../lib/gcc/arm-none-eabi/11.2.0/../../../../arm-none-eabi/lib\libg.a(lib_a-mbrtowc.o)
 .rodata.__action_table
                0x0000000002013b9c       0x6c c:/devkitpro/devkitarm/bin/../lib/gcc/arm-none-eabi/11.2.0/../../../../arm-none-eabi/lib\libg.a(lib_a-svfiprintf.o)
                0x0000000002013b9c                __action_table
 .rodata.__chclass
                0x0000000002013c08      0x100 c:/devkitpro/devkitarm/bin/../lib/gcc/arm-none-eabi/11.2.0/../../../../arm-none-eabi/lib\libg.a(lib_a-svfiprintf.o)
                0x0000000002013c08                __chclass
 .rodata.__state_table
                0x0000000002013d08       0x6c c:/devkitpro/devkitarm/bin/../lib/gcc/arm-none-eabi/11.2.0/../../../../arm-none-eabi/lib\libg.a(lib_a-svfiprintf.o)
                0x0000000002013d08                __state_table
 .rodata._jp2uc_l.str1.4
                0x0000000002013d74       0x12 c:/devkitpro/devkitarm/bin/../lib/gcc/arm-none-eabi/11.2.0/../../../../arm-none-eabi/lib\libg.a(lib_a-jp2uc.o)
 *fill*         0x0000000002013d86        0x2 ff
 .rodata.a1     0x0000000002013d88       0xbc c:/devkitpro/devkitarm/bin/../lib/gcc/arm-none-eabi/11.2.0/../../../../arm-none-eabi/lib\libg.a(lib_a-jp2uc.o)
 .rodata.a2     0x0000000002013e44       0xbc c:/devkitpro/devkitarm/bin/../lib/gcc/arm-none-eabi/11.2.0/../../../../arm-none-eabi/lib\libg.a(lib_a-jp2uc.o)
 .rodata.a3     0x0000000002013f00       0x5b c:/devkitpro/devkitarm/bin/../lib/gcc/arm-none-eabi/11.2.0/../../../../arm-none-eabi/lib\libg.a(lib_a-jp2uc.o)
 *fill*         0x0000000002013f5b        0x1 ff
 .rodata.a6     0x0000000002013f5c       0x70 c:/devkitpro/devkitarm/bin/../lib/gcc/arm-none-eabi/11.2.0/../../../../arm-none-eabi/lib\libg.a(lib_a-jp2uc.o)
 .rodata.a7     0x0000000002013fcc       0xa2 c:/devkitpro/devkitarm/bin/../lib/gcc/arm-none-eabi/11.2.0/../../../../arm-none-eabi/lib\libg.a(lib_a-jp2uc.o)
 *fill*         0x000000000201406e        0x2 ff
 .rodata.a8     0x0000000002014070       0x40 c:/devkitpro/devkitarm/bin/../lib/gcc/arm-none-eabi/11.2.0/../../../../arm-none-eabi/lib\libg.a(lib_a-jp2uc.o)
 .rodata.b02cf  0x00000000020140b0     0x172a c:/devkitpro/devkitarm/bin/../lib/gcc/arm-none-eabi/11.2.0/../../../../arm-none-eabi/lib\libg.a(lib_a-jp2uc.o)
 *fill*         0x00000000020157da        0x2 ff
 .rodata.d02f4  0x00000000020157dc     0x1a7c c:/devkitpro/devkitarm/bin/../lib/gcc/arm-none-eabi/11.2.0/../../../../arm-none-eabi/lib\libg.a(lib_a-jp2uc.o)
 .rodata.categories
                0x0000000002017258     0x31e6 c:/devkitpro/devkitarm/bin/../lib/gcc/arm-none-eabi/11.2.0/../../../../arm-none-eabi/lib\libg.a(lib_a-categories.o)
 *fill*         0x000000000201a43e        0x2 ff
 .rodata.AddDevice.str1.4
                0x000000000201a440        0x8 c:/devkitpro/devkitarm/bin/../lib/gcc/arm-none-eabi/11.2.0/../../../../arm-none-eabi/lib\libsysbase.a(iosupport.o)
 .rodata.dotab_stdnull
                0x000000000201a448       0x70 c:/devkitpro/devkitarm/bin/../lib/gcc/arm-none-eabi/11.2.0/../../../../arm-none-eabi/lib\libsysbase.a(iosupport.o)
                0x000000000201a448                dotab_stdnull
 *(EXCLUDE_FILE(*.twl*) .gnu.linkonce.r*)
                0x000000000201a4b8                . = ALIGN (0x4)

.ARM.extab      0x000000000201a4b8       0xa8
 *(.ARM.extab* .gnu.linkonce.armextab.*)
 .ARM.extab.text.unlikely._ZSt19__throw_logic_errorPKc
                0x000000000201a4b8       0x14 c:/devkitpro/devkitarm/bin/../lib/gcc/arm-none-eabi/11.2.0/../../../../arm-none-eabi/lib\libstdc++.a(functexcept.o)
 .ARM.extab.text.unlikely._ZSt20__throw_length_errorPKc
                0x000000000201a4cc       0x14 c:/devkitpro/devkitarm/bin/../lib/gcc/arm-none-eabi/11.2.0/../../../../arm-none-eabi/lib\libstdc++.a(functexcept.o)
 .ARM.extab.text.__gxx_personality_v0
                0x000000000201a4e0       0x20 c:/devkitpro/devkitarm/bin/../lib/gcc/arm-none-eabi/11.2.0/../../../../arm-none-eabi/lib\libstdc++.a(eh_personality.o)
 .ARM.extab.text._ZN10__cxxabiv111__terminateEPFvvE
                0x000000000201a500       0x18 c:/devkitpro/devkitarm/bin/../lib/gcc/arm-none-eabi/11.2.0/../../../../arm-none-eabi/lib\libstdc++.a(eh_terminate.o)
 .ARM.extab.text._ZNSt11logic_errorC2EPKc
                0x000000000201a518       0x16 c:/devkitpro/devkitarm/bin/../lib/gcc/arm-none-eabi/11.2.0/../../../../arm-none-eabi/lib\libstdc++.a(cow-stdexcept.o)
 .ARM.extab.text._ZNSs4_Rep9_S_createEjjRKSaIcE
                0x000000000201a52e        0x0 c:/devkitpro/devkitarm/bin/../lib/gcc/arm-none-eabi/11.2.0/../../../../arm-none-eabi/lib\libstdc++.a(cow-string-inst.o)
 .ARM.extab.text._ZNSs4_Rep10_M_destroyERKSaIcE
                0x000000000201a52e        0x0 c:/devkitpro/devkitarm/bin/../lib/gcc/arm-none-eabi/11.2.0/../../../../arm-none-eabi/lib\libstdc++.a(cow-string-inst.o)
 *fill*         0x000000000201a52e        0x2 
 .ARM.extab.text.unlikely.__cxa_call_unexpected
                0x000000000201a530       0x24 c:/devkitpro/devkitarm/bin/../lib/gcc/arm-none-eabi/11.2.0/../../../../arm-none-eabi/lib\libstdc++.a(eh_call.o)
 .ARM.extab.text.__cxa_begin_catch
                0x000000000201a554        0xc c:/devkitpro/devkitarm/bin/../lib/gcc/arm-none-eabi/11.2.0/../../../../arm-none-eabi/lib\libstdc++.a(eh_catch.o)
                0x000000000201a560                __exidx_start = .

ARM.exidx       0x000000000201a560      0x198
 *(.ARM.exidx* .gnu.linkonce.armexidx.*)
 .ARM.exidx.text._ZdlPvj
                0x000000000201a560        0x8 c:/devkitpro/devkitarm/bin/../lib/gcc/arm-none-eabi/11.2.0/../../../../arm-none-eabi/lib\libstdc++.a(del_ops.o)
 .ARM.exidx.text._Znwj
                0x000000000201a568        0x8 c:/devkitpro/devkitarm/bin/../lib/gcc/arm-none-eabi/11.2.0/../../../../arm-none-eabi/lib\libstdc++.a(new_op.o)
 .ARM.exidx.text.unlikely._ZSt17__throw_bad_allocv
                0x000000000201a570        0x0 c:/devkitpro/devkitarm/bin/../lib/gcc/arm-none-eabi/11.2.0/../../../../arm-none-eabi/lib\libstdc++.a(functexcept.o)
                                          0x8 (size before relaxing)
 .ARM.exidx.text.unlikely._ZSt19__throw_logic_errorPKc
                0x000000000201a570        0x8 c:/devkitpro/devkitarm/bin/../lib/gcc/arm-none-eabi/11.2.0/../../../../arm-none-eabi/lib\libstdc++.a(functexcept.o)
 .ARM.exidx.text.unlikely._ZSt20__throw_length_errorPKc
                0x000000000201a578        0x8 c:/devkitpro/devkitarm/bin/../lib/gcc/arm-none-eabi/11.2.0/../../../../arm-none-eabi/lib\libstdc++.a(functexcept.o)
 .ARM.exidx.text._ZNKSt9bad_alloc4whatEv
                0x000000000201a580        0x8 c:/devkitpro/devkitarm/bin/../lib/gcc/arm-none-eabi/11.2.0/../../../../arm-none-eabi/lib\libstdc++.a(bad_alloc.o)
 .ARM.exidx.text._ZNSt9bad_allocD2Ev
                0x000000000201a588        0x0 c:/devkitpro/devkitarm/bin/../lib/gcc/arm-none-eabi/11.2.0/../../../../arm-none-eabi/lib\libstdc++.a(bad_alloc.o)
                                          0x8 (size before relaxing)
 .ARM.exidx.text._ZNSt9bad_allocD0Ev
                0x000000000201a588        0x0 c:/devkitpro/devkitarm/bin/../lib/gcc/arm-none-eabi/11.2.0/../../../../arm-none-eabi/lib\libstdc++.a(bad_alloc.o)
                                          0x8 (size before relaxing)
 .ARM.exidx.text._ZdlPv
                0x000000000201a588        0x0 c:/devkitpro/devkitarm/bin/../lib/gcc/arm-none-eabi/11.2.0/../../../../arm-none-eabi/lib\libstdc++.a(del_op.o)
                                          0x8 (size before relaxing)
 .ARM.exidx.text._ZN12_GLOBAL__N_14pool4freeEPv.constprop.0
                0x000000000201a588        0x0 c:/devkitpro/devkitarm/bin/../lib/gcc/arm-none-eabi/11.2.0/../../../../arm-none-eabi/lib\libstdc++.a(eh_alloc.o)
                                          0x8 (size before relaxing)
 .ARM.exidx.text._ZN12_GLOBAL__N_14pool8allocateEj.constprop.0
                0x000000000201a588        0x0 c:/devkitpro/devkitarm/bin/../lib/gcc/arm-none-eabi/11.2.0/../../../../arm-none-eabi/lib\libstdc++.a(eh_alloc.o)
                                          0x8 (size before relaxing)
 .ARM.exidx.text.__cxa_allocate_exception
                0x000000000201a588        0x0 c:/devkitpro/devkitarm/bin/../lib/gcc/arm-none-eabi/11.2.0/../../../../arm-none-eabi/lib\libstdc++.a(eh_alloc.o)
                                          0x8 (size before relaxing)
 .ARM.exidx.text.__cxa_free_exception
                0x000000000201a588        0x0 c:/devkitpro/devkitarm/bin/../lib/gcc/arm-none-eabi/11.2.0/../../../../arm-none-eabi/lib\libstdc++.a(eh_alloc.o)
                                          0x8 (size before relaxing)
 .ARM.exidx.text.startup._GLOBAL__sub_I__ZN9__gnu_cxx9__freeresEv
                0x000000000201a588        0x0 c:/devkitpro/devkitarm/bin/../lib/gcc/arm-none-eabi/11.2.0/../../../../arm-none-eabi/lib\libstdc++.a(eh_alloc.o)
                                          0x8 (size before relaxing)
 .ARM.exidx.text.__cxa_type_match
                0x000000000201a588        0x8 c:/devkitpro/devkitarm/bin/../lib/gcc/arm-none-eabi/11.2.0/../../../../arm-none-eabi/lib\libstdc++.a(eh_arm.o)
 .ARM.exidx.text.__cxa_begin_cleanup
                0x000000000201a590        0x8 c:/devkitpro/devkitarm/bin/../lib/gcc/arm-none-eabi/11.2.0/../../../../arm-none-eabi/lib\libstdc++.a(eh_arm.o)
 .ARM.exidx.text.__gnu_end_cleanup
                0x000000000201a598        0x0 c:/devkitpro/devkitarm/bin/../lib/gcc/arm-none-eabi/11.2.0/../../../../arm-none-eabi/lib\libstdc++.a(eh_arm.o)
                                          0x8 (size before relaxing)
 .ARM.exidx.text._ZNSt9exceptionD2Ev
                0x000000000201a598        0x0 c:/devkitpro/devkitarm/bin/../lib/gcc/arm-none-eabi/11.2.0/../../../../arm-none-eabi/lib\libstdc++.a(eh_exception.o)
                                          0x8 (size before relaxing)
 .ARM.exidx.text._ZNSt13bad_exceptionD2Ev
                0x000000000201a598        0x0 c:/devkitpro/devkitarm/bin/../lib/gcc/arm-none-eabi/11.2.0/../../../../arm-none-eabi/lib\libstdc++.a(eh_exception.o)
                                          0x8 (size before relaxing)
 .ARM.exidx.text._ZNKSt13bad_exception4whatEv
                0x000000000201a598        0x0 c:/devkitpro/devkitarm/bin/../lib/gcc/arm-none-eabi/11.2.0/../../../../arm-none-eabi/lib\libstdc++.a(eh_exception.o)
                                          0x8 (size before relaxing)
 .ARM.exidx.text._ZNSt13bad_exceptionD0Ev
                0x000000000201a598        0x0 c:/devkitpro/devkitarm/bin/../lib/gcc/arm-none-eabi/11.2.0/../../../../arm-none-eabi/lib\libstdc++.a(eh_exception.o)
                                          0x8 (size before relaxing)
 .ARM.exidx.text.__cxa_get_globals_fast
                0x000000000201a598        0x0 c:/devkitpro/devkitarm/bin/../lib/gcc/arm-none-eabi/11.2.0/../../../../arm-none-eabi/lib\libstdc++.a(eh_globals.o)
                                          0x8 (size before relaxing)
 .ARM.exidx.text.__cxa_get_globals
                0x000000000201a598        0x0 c:/devkitpro/devkitarm/bin/../lib/gcc/arm-none-eabi/11.2.0/../../../../arm-none-eabi/lib\libstdc++.a(eh_globals.o)
                                          0x8 (size before relaxing)
 .ARM.exidx.text._ZL28read_encoded_value_with_basehjPKhPj
                0x000000000201a598        0x8 c:/devkitpro/devkitarm/bin/../lib/gcc/arm-none-eabi/11.2.0/../../../../arm-none-eabi/lib\libstdc++.a(eh_personality.o)
 .ARM.exidx.text._ZL21base_of_encoded_valuehP15_Unwind_Context
                0x000000000201a5a0        0x8 c:/devkitpro/devkitarm/bin/../lib/gcc/arm-none-eabi/11.2.0/../../../../arm-none-eabi/lib\libstdc++.a(eh_personality.o)
 .ARM.exidx.text._ZL17parse_lsda_headerP15_Unwind_ContextPKhP16lsda_header_info
                0x000000000201a5a8        0x8 c:/devkitpro/devkitarm/bin/../lib/gcc/arm-none-eabi/11.2.0/../../../../arm-none-eabi/lib\libstdc++.a(eh_personality.o)
 .ARM.exidx.text.__gxx_personality_v0
                0x000000000201a5b0        0x8 c:/devkitpro/devkitarm/bin/../lib/gcc/arm-none-eabi/11.2.0/../../../../arm-none-eabi/lib\libstdc++.a(eh_personality.o)
 .ARM.exidx.text._ZN10__cxxabiv111__terminateEPFvvE
                0x000000000201a5b8        0x8 c:/devkitpro/devkitarm/bin/../lib/gcc/arm-none-eabi/11.2.0/../../../../arm-none-eabi/lib\libstdc++.a(eh_terminate.o)
 .ARM.exidx.text._ZSt9terminatev
                0x000000000201a5c0        0x8 c:/devkitpro/devkitarm/bin/../lib/gcc/arm-none-eabi/11.2.0/../../../../arm-none-eabi/lib\libstdc++.a(eh_terminate.o)
 .ARM.exidx.text._ZN10__cxxabiv112__unexpectedEPFvvE
                0x000000000201a5c8        0x8 c:/devkitpro/devkitarm/bin/../lib/gcc/arm-none-eabi/11.2.0/../../../../arm-none-eabi/lib\libstdc++.a(eh_terminate.o)
 .ARM.exidx.text._ZSt10unexpectedv
                0x000000000201a5d0        0x0 c:/devkitpro/devkitarm/bin/../lib/gcc/arm-none-eabi/11.2.0/../../../../arm-none-eabi/lib\libstdc++.a(eh_terminate.o)
                                          0x8 (size before relaxing)
 .ARM.exidx.text._ZSt13get_terminatev
                0x000000000201a5d0        0x8 c:/devkitpro/devkitarm/bin/../lib/gcc/arm-none-eabi/11.2.0/../../../../arm-none-eabi/lib\libstdc++.a(eh_terminate.o)
 .ARM.exidx.text._ZSt14get_unexpectedv
                0x000000000201a5d8        0x0 c:/devkitpro/devkitarm/bin/../lib/gcc/arm-none-eabi/11.2.0/../../../../arm-none-eabi/lib\libstdc++.a(eh_terminate.o)
                                          0x8 (size before relaxing)
 .ARM.exidx.text._ZL23__gxx_exception_cleanup19_Unwind_Reason_CodeP21_Unwind_Control_Block
                0x000000000201a5d8        0x8 c:/devkitpro/devkitarm/bin/../lib/gcc/arm-none-eabi/11.2.0/../../../../arm-none-eabi/lib\libstdc++.a(eh_throw.o)
 .ARM.exidx.text.__cxa_init_primary_exception
                0x000000000201a5e0        0x8 c:/devkitpro/devkitarm/bin/../lib/gcc/arm-none-eabi/11.2.0/../../../../arm-none-eabi/lib\libstdc++.a(eh_throw.o)
 .ARM.exidx.text.__cxa_throw
                0x000000000201a5e8        0x8 c:/devkitpro/devkitarm/bin/../lib/gcc/arm-none-eabi/11.2.0/../../../../arm-none-eabi/lib\libstdc++.a(eh_throw.o)
 .ARM.exidx.text.__cxa_rethrow
                0x000000000201a5f0        0x8 c:/devkitpro/devkitarm/bin/../lib/gcc/arm-none-eabi/11.2.0/../../../../arm-none-eabi/lib\libstdc++.a(eh_throw.o)
 .ARM.exidx.text._ZSt15get_new_handlerv
                0x000000000201a5f8        0x8 c:/devkitpro/devkitarm/bin/../lib/gcc/arm-none-eabi/11.2.0/../../../../arm-none-eabi/lib\libstdc++.a(new_handler.o)
 .ARM.exidx.text._ZN10__cxxabiv120__si_class_type_infoD2Ev
                0x000000000201a600        0x0 c:/devkitpro/devkitarm/bin/../lib/gcc/arm-none-eabi/11.2.0/../../../../arm-none-eabi/lib\libstdc++.a(si_class_type_info.o)
                                          0x8 (size before relaxing)
 .ARM.exidx.text._ZN10__cxxabiv120__si_class_type_infoD0Ev